ssd1306.c:60:6:SSD1306_DrawBitmap	32	static
ssd1306.c:97:9:SSD1306_Init	8	static
ssd1306.c:182:9:SSD1306_DeInit	8	static
ssd1306.c:214:6:SSD1306_Reset	8	static
ssd1306.c:224:6:SSD1306_Switch	8	static
ssd1306.c:240:9:SSD1306_UpdateScreen	8	static
ssd1306.c:250:6:SSD1306_ToggleInvert	16	static
ssd1306.c:269:6:SSD1306_Fill	16	static
ssd1306.c:280:6:SSD1306_Fill_ToRight	24	static
ssd1306.c:293:6:SSD1306_Fill_ToLeft	24	static
ssd1306.c:308:6:SSD1306_DrawPixel	16	static
ssd1306.c:338:6:SSD1306_GotoXY	16	static
ssd1306.c:353:6:SSD1306_Putc	32	static
ssd1306.c:390:6:SSD1306_Puts	24	static
ssd1306.c:410:6:SSD1306_DrawLine	40	static
ssd1306.c:520:6:SSD1306_DrawRectangle	32	static
ssd1306.c:555:6:SSD1306_DrawFilledRectangle	40	static
ssd1306.c:595:6:SSD1306_DrawTriangle	32	static
ssd1306.c:614:6:SSD1306_DrawFilledTriangle	64	static
ssd1306.c:690:6:SSD1306_DrawCircle	40	static
ssd1306.c:735:6:SSD1306_DrawFilledCircle	48	static
ssd1306.c:773:6:SSD1306_Clear	8	static
ssd1306.c:792:6:ssd1306_SPI_WriteCmd	16	static
ssd1306.c:802:9:ssd1306_SPI_WriteDisp	24	static
ssd1306.c:825:6:SSD1306_InvertDisplay	16	static
ssd1306.c:843:6:SSD1306_ScrollRight	16	static
ssd1306.c:857:6:SSD1306_ScrollLeft	16	static
ssd1306.c:871:6:SSD1306_Scrolldiagright	16	static
ssd1306.c:888:6:SSD1306_Scrolldiagleft	16	static
ssd1306.c:905:6:SSD1306_Stopscroll	8	static
