main.c:133:5:main	48	static,ignoring_inline_asm
main.c:206:6:SystemClock_Config	88	static
main.c:257:13:MX_ADC1_Init	24	static
main.c:306:13:MX_I2C1_Init	8	static
main.c:329:13:MX_SPI2_Init	8	static
main.c:357:13:MX_USART2_UART_Init	8	static
main.c:377:13:MX_DMA_Init	16	static
main.c:398:13:MX_GPIO_Init	40	static
main.c:444:6:Blinky_1	16	static
main.c:458:6:OLED_Update	16	static
main.c:477:6:OLED_Bitmap_Flip	24	static
main.c:501:6:OLED_Data_Write	16	static
main.c:536:6:Sensor_Read	16	static
main.c:556:6:Water_Plant	40	static
main.c:599:6:HAL_ADC_ConvCpltCallback	16	static
main.c:604:6:HAL_SPI_TxCpltCallback	16	static
main.c:619:6:HAL_I2C_SlaveRxCpltCallback	16	static
main.c:665:6:HAL_TIM_PeriodElapsedCallback	16	static
main.c:682:6:Error_Handler	4	static
