main.c:139:5:main	56	static,ignoring_inline_asm
main.c:219:6:SystemClock_Config	88	static
main.c:270:13:MX_ADC1_Init	24	static
main.c:319:13:MX_I2C1_Init	8	static
main.c:342:13:MX_SPI2_Init	8	static
main.c:370:13:MX_USART2_UART_Init	8	static
main.c:390:13:MX_DMA_Init	16	static
main.c:411:13:MX_GPIO_Init	40	static
main.c:451:6:OLED_Update	16	static
main.c:470:6:OLED_Bitmap_Flip	24	static
main.c:494:6:OLED_Data_Write	24	static
main.c:561:6:Sensor_Read	16	static
main.c:581:6:Water_Plant	24	static
main.c:631:6:Flash_Update	24	static
main.c:659:6:HAL_ADC_ConvCpltCallback	16	static
main.c:664:6:HAL_SPI_TxCpltCallback	16	static
main.c:679:6:HAL_I2C_SlaveRxCpltCallback	16	static
main.c:737:6:HAL_TIM_PeriodElapsedCallback	16	static
main.c:754:6:Error_Handler	4	static
