stm32f4xx_it.c:52:6:NMI_Handler	4	static
stm32f4xx_it.c:65:6:HardFault_Handler	4	static
stm32f4xx_it.c:80:6:MemManage_Handler	4	static
stm32f4xx_it.c:95:6:BusFault_Handler	4	static
stm32f4xx_it.c:110:6:UsageFault_Handler	4	static
stm32f4xx_it.c:125:6:DebugMon_Handler	4	static
stm32f4xx_it.c:145:6:EXTI15_10_IRQHandler	8	static
stm32f4xx_it.c:161:6:DMA1_Stream4_IRQHandler	8	static
stm32f4xx_it.c:175:6:ADC_IRQHandler	8	static
stm32f4xx_it.c:189:6:I2C1_EV_IRQHandler	8	static
stm32f4xx_it.c:203:6:I2C1_ER_IRQHandler	8	static
stm32f4xx_it.c:214:6:SPI2_IRQHandler	8	static
stm32f4xx_it.c:228:6:USART2_IRQHandler	8	static
stm32f4xx_it.c:242:6:TIM6_DAC_IRQHandler	8	static
stm32f4xx_it.c:256:6:DMA2_Stream0_IRQHandler	8	static
