Component: ARM Compiler 5.06 update 6 (build 750) Tool: armlink [4d35ed]

==============================================================================

Section Cross References

    startup_stm32f446xx.o(RESET) refers to startup_stm32f446xx.o(STACK) for __initial_sp
    startup_stm32f446xx.o(RESET) refers to startup_stm32f446xx.o(.text) for Reset_Handler
    startup_stm32f446xx.o(RESET) refers to stm32f4xx_it.o(i.NMI_Handler) for NMI_Handler
    startup_stm32f446xx.o(RESET) refers to stm32f4xx_it.o(i.HardFault_Handler) for HardFault_Handler
    startup_stm32f446xx.o(RESET) refers to stm32f4xx_it.o(i.MemManage_Handler) for MemManage_Handler
    startup_stm32f446xx.o(RESET) refers to stm32f4xx_it.o(i.BusFault_Handler) for BusFault_Handler
    startup_stm32f446xx.o(RESET) refers to stm32f4xx_it.o(i.UsageFault_Handler) for UsageFault_Handler
    startup_stm32f446xx.o(RESET) refers to port.o(.emb_text) for SVC_Handler
    startup_stm32f446xx.o(RESET) refers to stm32f4xx_it.o(i.DebugMon_Handler) for DebugMon_Handler
    startup_stm32f446xx.o(RESET) refers to port.o(i.SysTick_Handler) for SysTick_Handler
    startup_stm32f446xx.o(RESET) refers to stm32f4xx_it.o(i.ADC_IRQHandler) for ADC_IRQHandler
    startup_stm32f446xx.o(RESET) refers to stm32f4xx_it.o(i.USART2_IRQHandler) for USART2_IRQHandler
    startup_stm32f446xx.o(RESET) refers to stm32f4xx_it.o(i.TIM6_DAC_IRQHandler) for TIM6_DAC_IRQHandler
    startup_stm32f446xx.o(RESET) refers to stm32f4xx_it.o(i.DMA2_Stream0_IRQHandler) for DMA2_Stream0_IRQHandler
    startup_stm32f446xx.o(.text) refers to system_stm32f4xx.o(i.SystemInit) for SystemInit
    startup_stm32f446xx.o(.text) refers to entry.o(.ARM.Collect$$$$00000000) for __main
    main.o(i.Blinky_01) refers to stm32f4xx_hal_gpio.o(i.HAL_GPIO_TogglePin) for HAL_GPIO_TogglePin
    main.o(i.Blinky_01) refers to cmsis_os2.o(i.osDelay) for osDelay
    main.o(i.Blinky_02) refers to stm32f4xx_hal_gpio.o(i.HAL_GPIO_TogglePin) for HAL_GPIO_TogglePin
    main.o(i.Blinky_02) refers to cmsis_os2.o(i.osDelay) for osDelay
    main.o(i.Blinky_03) refers to stm32f4xx_hal_gpio.o(i.HAL_GPIO_TogglePin) for HAL_GPIO_TogglePin
    main.o(i.Blinky_03) refers to cmsis_os2.o(i.osDelay) for osDelay
    main.o(i.DMA2_Init) refers to stm32f4xx_hal_dma.o(i.HAL_DMA_Init) for HAL_DMA_Init
    main.o(i.DMA2_Init) refers to main.o(i.Error_Handler) for Error_Handler
    main.o(i.DMA2_Init) refers to main.o(.bss) for DMA2_adc_pipe
    main.o(i.DMA2_Init) refers to main.o(i.DMA2_Transfer_Cmplt_Callback) for DMA2_Transfer_Cmplt_Callback
    main.o(i.DMA2_Transfer_Cmplt_Callback) refers to stm32f4xx_hal_adc.o(i.HAL_ADC_Stop_DMA) for HAL_ADC_Stop_DMA
    main.o(i.DMA2_Transfer_Cmplt_Callback) refers to printf1.o(i.__0sprintf$1) for __2sprintf
    main.o(i.DMA2_Transfer_Cmplt_Callback) refers to strlen.o(.text) for strlen
    main.o(i.DMA2_Transfer_Cmplt_Callback) refers to stm32f4xx_hal_uart.o(i.HAL_UART_Transmit_IT) for HAL_UART_Transmit_IT
    main.o(i.DMA2_Transfer_Cmplt_Callback) refers to main.o(.bss) for Adc_sensor
    main.o(i.DMA2_Transfer_Cmplt_Callback) refers to main.o(.data) for humidity_sensor
    main.o(i.HAL_TIM_PeriodElapsedCallback) refers to stm32f4xx_hal.o(i.HAL_IncTick) for HAL_IncTick
    main.o(i.MX_ADC1_Init) refers to stm32f4xx_hal_adc.o(i.HAL_ADC_Init) for HAL_ADC_Init
    main.o(i.MX_ADC1_Init) refers to main.o(i.Error_Handler) for Error_Handler
    main.o(i.MX_ADC1_Init) refers to stm32f4xx_hal_adc.o(i.HAL_ADC_ConfigChannel) for HAL_ADC_ConfigChannel
    main.o(i.MX_ADC1_Init) refers to main.o(.bss) for Adc_sensor
    main.o(i.MX_GPIO_Init) refers to memseta.o(.text) for __aeabi_memclr4
    main.o(i.MX_GPIO_Init) refers to stm32f4xx_hal_gpio.o(i.HAL_GPIO_WritePin) for HAL_GPIO_WritePin
    main.o(i.MX_GPIO_Init) refers to stm32f4xx_hal_gpio.o(i.HAL_GPIO_Init) for HAL_GPIO_Init
    main.o(i.MX_USART2_UART_Init) refers to stm32f4xx_hal_uart.o(i.HAL_UART_Init) for HAL_UART_Init
    main.o(i.MX_USART2_UART_Init) refers to main.o(i.Error_Handler) for Error_Handler
    main.o(i.MX_USART2_UART_Init) refers to main.o(.bss) for Usart2_data_tx
    main.o(i.SensorRead) refers to stm32f4xx_hal_dma.o(i.HAL_DMA_Start_IT) for HAL_DMA_Start_IT
    main.o(i.SensorRead) refers to stm32f4xx_hal_adc.o(i.HAL_ADC_Start_DMA) for HAL_ADC_Start_DMA
    main.o(i.SensorRead) refers to cmsis_os2.o(i.osDelay) for osDelay
    main.o(i.SensorRead) refers to main.o(.data) for humidity_sensor
    main.o(i.SensorRead) refers to main.o(.bss) for DMA2_adc_pipe
    main.o(i.SystemClock_Config) refers to memseta.o(.text) for __aeabi_memclr4
    main.o(i.SystemClock_Config) refers to stm32f4xx_hal_rcc_ex.o(i.HAL_RCC_OscConfig) for HAL_RCC_OscConfig
    main.o(i.SystemClock_Config) refers to main.o(i.Error_Handler) for Error_Handler
    main.o(i.SystemClock_Config) refers to stm32f4xx_hal_rcc.o(i.HAL_RCC_ClockConfig) for HAL_RCC_ClockConfig
    main.o(i.main) refers to stm32f4xx_hal.o(i.HAL_Init) for HAL_Init
[...]
    ADC_DMAError                             0x08000483   Thumb Code    26  stm32f4xx_hal_adc.o(i.ADC_DMAError)
    i.ADC_DMAHalfConvCplt                    0x0800049c   Section        0  stm32f4xx_hal_adc.o(i.ADC_DMAHalfConvCplt)
    ADC_DMAHalfConvCplt                      0x0800049d   Thumb Code    14  stm32f4xx_hal_adc.o(i.ADC_DMAHalfConvCplt)
    i.ADC_IRQHandler                         0x080004ac   Section        0  stm32f4xx_it.o(i.ADC_IRQHandler)
    i.ADC_Init                               0x080004bc   Section        0  stm32f4xx_hal_adc.o(i.ADC_Init)
    ADC_Init                                 0x080004bd   Thumb Code   344  stm32f4xx_hal_adc.o(i.ADC_Init)
    i.Blinky_01                              0x0800061c   Section        0  main.o(i.Blinky_01)
    i.Blinky_02                              0x08000634   Section        0  main.o(i.Blinky_02)
    i.Blinky_03                              0x0800064c   Section        0  main.o(i.Blinky_03)
    i.BusFault_Handler                       0x08000664   Section        0  stm32f4xx_it.o(i.BusFault_Handler)
    i.DMA2_Init                              0x08000668   Section        0  main.o(i.DMA2_Init)
    DMA2_Init                                0x08000669   Thumb Code    64  main.o(i.DMA2_Init)
    i.DMA2_Stream0_IRQHandler                0x080006b4   Section        0  stm32f4xx_it.o(i.DMA2_Stream0_IRQHandler)
    i.DMA2_Transfer_Cmplt_Callback           0x080006c4   Section        0  main.o(i.DMA2_Transfer_Cmplt_Callback)
    DMA2_Transfer_Cmplt_Callback             0x080006c5   Thumb Code    46  main.o(i.DMA2_Transfer_Cmplt_Callback)
    i.DMA_CalcBaseAndBitshift                0x08000708   Section        0  stm32f4xx_hal_dma.o(i.DMA_CalcBaseAndBitshift)
    DMA_CalcBaseAndBitshift                  0x08000709   Thumb Code    46  stm32f4xx_hal_dma.o(i.DMA_CalcBaseAndBitshift)
    i.DMA_CheckFifoParam                     0x0800073c   Section        0  stm32f4xx_hal_dma.o(i.DMA_CheckFifoParam)
    DMA_CheckFifoParam                       0x0800073d   Thumb Code   170  stm32f4xx_hal_dma.o(i.DMA_CheckFifoParam)
    i.DMA_SetConfig                          0x080007e6   Section        0  stm32f4xx_hal_dma.o(i.DMA_SetConfig)
    DMA_SetConfig                            0x080007e7   Thumb Code    44  stm32f4xx_hal_dma.o(i.DMA_SetConfig)
    i.DebugMon_Handler                       0x08000812   Section        0  stm32f4xx_it.o(i.DebugMon_Handler)
    i.Error_Handler                          0x08000814   Section        0  main.o(i.Error_Handler)
    i.HAL_ADCEx_InjectedConvCpltCallback     0x08000816   Section        0  stm32f4xx_hal_adc_ex.o(i.HAL_ADCEx_InjectedConvCpltCallback)
    i.HAL_ADC_ConfigChannel                  0x08000818   Section        0  stm32f4xx_hal_adc.o(i.HAL_ADC_ConfigChannel)
    i.HAL_ADC_ConvCpltCallback               0x080009bc   Section        0  stm32f4xx_hal_adc.o(i.HAL_ADC_ConvCpltCallback)
    i.HAL_ADC_ConvHalfCpltCallback           0x080009be   Section        0  stm32f4xx_hal_adc.o(i.HAL_ADC_ConvHalfCpltCallback)
    i.HAL_ADC_ErrorCallback                  0x080009c0   Section        0  stm32f4xx_hal_adc.o(i.HAL_ADC_ErrorCallback)
    i.HAL_ADC_IRQHandler                     0x080009c2   Section        0  stm32f4xx_hal_adc.o(i.HAL_ADC_IRQHandler)
    i.HAL_ADC_Init                           0x08000b38   Section        0  stm32f4xx_hal_adc.o(i.HAL_ADC_Init)
    i.HAL_ADC_LevelOutOfWindowCallback       0x08000ba0   Section        0  stm32f4xx_hal_adc.o(i.HAL_ADC_LevelOutOfWindowCallback)
    i.HAL_ADC_MspInit                        0x08000ba4   Section        0  stm32f4xx_hal_msp.o(i.HAL_ADC_MspInit)
    i.HAL_ADC_Start_DMA                      0x08000c24   Section        0  stm32f4xx_hal_adc.o(i.HAL_ADC_Start_DMA)
    i.HAL_ADC_Stop_DMA                       0x08000da8   Section        0  stm32f4xx_hal_adc.o(i.HAL_ADC_Stop_DMA)
    i.HAL_DMA_Abort                          0x08000e14   Section        0  stm32f4xx_hal_dma.o(i.HAL_DMA_Abort)
    i.HAL_DMA_Abort_IT                       0x08000ebe   Section        0  stm32f4xx_hal_dma.o(i.HAL_DMA_Abort_IT)
    i.HAL_DMA_IRQHandler                     0x08000ee8   Section        0  stm32f4xx_hal_dma.o(i.HAL_DMA_IRQHandler)
    i.HAL_DMA_Init                           0x08001128   Section        0  stm32f4xx_hal_dma.o(i.HAL_DMA_Init)
    i.HAL_DMA_Start_IT                       0x08001214   Section        0  stm32f4xx_hal_dma.o(i.HAL_DMA_Start_IT)
    i.HAL_GPIO_Init                          0x080012a8   Section        0  stm32f4xx_hal_gpio.o(i.HAL_GPIO_Init)
    i.HAL_GPIO_TogglePin                     0x08001498   Section        0  stm32f4xx_hal_gpio.o(i.HAL_GPIO_TogglePin)
    i.HAL_GPIO_WritePin                      0x080014aa   Section        0  stm32f4xx_hal_gpio.o(i.HAL_GPIO_WritePin)
    i.HAL_GetTick                            0x080014b8   Section        0  stm32f4xx_hal.o(i.HAL_GetTick)
    i.HAL_IncTick                            0x080014c4   Section        0  stm32f4xx_hal.o(i.HAL_IncTick)
    i.HAL_Init                               0x080014dc   Section        0  stm32f4xx_hal.o(i.HAL_Init)
    i.HAL_InitTick                           0x08001518   Section        0  stm32f4xx_hal_timebase_tim.o(i.HAL_InitTick)
    i.HAL_MspInit                            0x080015a4   Section        0  stm32f4xx_hal_msp.o(i.HAL_MspInit)
    i.HAL_NVIC_EnableIRQ                     0x0800164c   Section        0  stm32f4xx_hal_cortex.o(i.HAL_NVIC_EnableIRQ)
    i.HAL_NVIC_SetPriority                   0x0800166c   Section        0  stm32f4xx_hal_cortex.o(i.HAL_NVIC_SetPriority)
    i.HAL_NVIC_SetPriorityGrouping           0x080016e8   Section        0  stm32f4xx_hal_cortex.o(i.HAL_NVIC_SetPriorityGrouping)
    i.HAL_RCC_ClockConfig                    0x08001710   Section        0  stm32f4xx_hal_rcc.o(i.HAL_RCC_ClockConfig)
    i.HAL_RCC_GetClockConfig                 0x08001894   Section        0  stm32f4xx_hal_rcc.o(i.HAL_RCC_GetClockConfig)
    i.HAL_RCC_GetHCLKFreq                    0x080018d8   Section        0  stm32f4xx_hal_rcc.o(i.HAL_RCC_GetHCLKFreq)
    i.HAL_RCC_GetPCLK1Freq                   0x080018e4   Section        0  stm32f4xx_hal_rcc.o(i.HAL_RCC_GetPCLK1Freq)
    i.HAL_RCC_GetPCLK2Freq                   0x08001904   Section        0  stm32f4xx_hal_rcc.o(i.HAL_RCC_GetPCLK2Freq)
    i.HAL_RCC_GetSysClockFreq                0x08001924   Section        0  stm32f4xx_hal_rcc_ex.o(i.HAL_RCC_GetSysClockFreq)
    i.HAL_RCC_OscConfig                      0x08001a3c   Section        0  stm32f4xx_hal_rcc_ex.o(i.HAL_RCC_OscConfig)
    i.HAL_TIMEx_BreakCallback                0x08001ebc   Section        0  stm32f4xx_hal_tim_ex.o(i.HAL_TIMEx_BreakCallback)
    i.HAL_TIMEx_CommutCallback               0x08001ebe   Section        0  stm32f4xx_hal_tim_ex.o(i.HAL_TIMEx_CommutCallback)
    i.HAL_TIM_Base_Init                      0x08001ec0   Section        0  stm32f4xx_hal_tim.o(i.HAL_TIM_Base_Init)
    i.HAL_TIM_Base_MspInit                   0x08001ef4   Section        0  stm32f4xx_hal_tim.o(i.HAL_TIM_Base_MspInit)
    i.HAL_TIM_Base_Start_IT                  0x08001ef6   Section        0  stm32f4xx_hal_tim.o(i.HAL_TIM_Base_Start_IT)
    i.HAL_TIM_IC_CaptureCallback             0x08001f20   Section        0  stm32f4xx_hal_tim.o(i.HAL_TIM_IC_CaptureCallback)
    i.HAL_TIM_IRQHandler                     0x08001f22   Section        0  stm32f4xx_hal_tim.o(i.HAL_TIM_IRQHandler)
    i.HAL_TIM_OC_DelayElapsedCallback        0x080020b8   Section        0  stm32f4xx_hal_tim.o(i.HAL_TIM_OC_DelayElapsedCallback)
    i.HAL_TIM_PWM_PulseFinishedCallback      0x080020ba   Section        0  stm32f4xx_hal_tim.o(i.HAL_TIM_PWM_PulseFinishedCallback)
    i.HAL_TIM_PeriodElapsedCallback          0x080020bc   Section        0  main.o(i.HAL_TIM_PeriodElapsedCallback)
    i.HAL_TIM_TriggerCallback                0x080020d4   Section        0  stm32f4xx_hal_tim.o(i.HAL_TIM_TriggerCallback)
    i.HAL_UART_ErrorCallback                 0x080020d6   Section        0  stm32f4xx_hal_uart.o(i.HAL_UART_ErrorCallback)
    i.HAL_UART_IRQHandler                    0x080020d8   Section        0  stm32f4xx_hal_uart.o(i.HAL_UART_IRQHandler)
    i.HAL_UART_Init                          0x0800222c   Section        0  stm32f4xx_hal_uart.o(i.HAL_UART_Init)
    i.HAL_UART_MspInit                       0x080022a0   Section        0  stm32f4xx_hal_msp.o(i.HAL_UART_MspInit)
    i.HAL_UART_RxCpltCallback                0x08002338   Section        0  stm32f4xx_hal_uart.o(i.HAL_UART_RxCpltCallback)
    i.HAL_UART_Transmit_IT                   0x0800233a   Section        0  stm32f4xx_hal_uart.o(i.HAL_UART_Transmit_IT)
    i.HAL_UART_TxCpltCallback                0x08002392   Section        0  stm32f4xx_hal_uart.o(i.HAL_UART_TxCpltCallback)
    i.HardFault_Handler                      0x08002394   Section        0  stm32f4xx_it.o(i.HardFault_Handler)
    i.MX_ADC1_Init                           0x08002398   Section        0  main.o(i.MX_ADC1_Init)
    MX_ADC1_Init                             0x08002399   Thumb Code    94  main.o(i.MX_ADC1_Init)
    i.MX_GPIO_Init                           0x08002404   Section        0  main.o(i.MX_GPIO_Init)
    MX_GPIO_Init                             0x08002405   Thumb Code   146  main.o(i.MX_GPIO_Init)
    i.MX_USART2_UART_Init                    0x080024a4   Section        0  main.o(i.MX_USART2_UART_Init)
    MX_USART2_UART_Init                      0x080024a5   Thumb Code    50  main.o(i.MX_USART2_UART_Init)
    i.MemManage_Handler                      0x080024e0   Section        0  stm32f4xx_it.o(i.MemManage_Handler)
    i.NMI_Handler                            0x080024e4   Section        0  stm32f4xx_it.o(i.NMI_Handler)
    i.SensorRead                             0x080024e8   Section        0  main.o(i.SensorRead)
    i.SysTick_Handler                        0x0800251c   Section        0  port.o(i.SysTick_Handler)
    i.SystemClock_Config                     0x08002550   Section        0  main.o(i.SystemClock_Config)
    i.SystemInit                             0x080025ec   Section        0  system_stm32f4xx.o(i.SystemInit)
    i.TIM6_DAC_IRQHandler                    0x08002608   Section        0  stm32f4xx_it.o(i.TIM6_DAC_IRQHandler)
    i.TIM_Base_SetConfig                     0x08002618   Section        0  stm32f4xx_hal_tim.o(i.TIM_Base_SetConfig)
    i.UART_DMAAbortOnError                   0x080026f0   Section        0  stm32f4xx_hal_uart.o(i.UART_DMAAbortOnError)
    UART_DMAAbortOnError                     0x080026f1   Thumb Code    20  stm32f4xx_hal_uart.o(i.UART_DMAAbortOnError)
    i.UART_EndRxTransfer                     0x08002704   Section        0  stm32f4xx_hal_uart.o(i.UART_EndRxTransfer)
    UART_EndRxTransfer                       0x08002705   Thumb Code    32  stm32f4xx_hal_uart.o(i.UART_EndRxTransfer)
    i.UART_EndTransmit_IT                    0x08002724   Section        0  stm32f4xx_hal_uart.o(i.UART_EndTransmit_IT)
    UART_EndTransmit_IT                      0x08002725   Thumb Code    32  stm32f4xx_hal_uart.o(i.UART_EndTransmit_IT)
    i.UART_Receive_IT                        0x08002744   Section        0  stm32f4xx_hal_uart.o(i.UART_Receive_IT)
    UART_Receive_IT                          0x08002745   Thumb Code   166  stm32f4xx_hal_uart.o(i.UART_Receive_IT)
    i.UART_SetConfig                         0x080027ec   Section        0  stm32f4xx_hal_uart.o(i.UART_SetConfig)
    UART_SetConfig                           0x080027ed   Thumb Code   992  stm32f4xx_hal_uart.o(i.UART_SetConfig)
    i.UART_Transmit_IT                       0x08002bd4   Section        0  stm32f4xx_hal_uart.o(i.UART_Transmit_IT)
    UART_Transmit_IT                         0x08002bd5   Thumb Code   104  stm32f4xx_hal_uart.o(i.UART_Transmit_IT)
    i.USART2_IRQHandler                      0x08002c3c   Section        0  stm32f4xx_it.o(i.USART2_IRQHandler)
    i.UsageFault_Handler                     0x08002c4c   Section        0  stm32f4xx_it.o(i.UsageFault_Handler)
    i.__0sprintf$1                           0x08002c50   Section        0  printf1.o(i.__0sprintf$1)
    i.__NVIC_GetPriorityGrouping             0x08002c78   Section        0  stm32f4xx_hal_cortex.o(i.__NVIC_GetPriorityGrouping)
    __NVIC_GetPriorityGrouping               0x08002c79   Thumb Code    10  stm32f4xx_hal_cortex.o(i.__NVIC_GetPriorityGrouping)
    i.__NVIC_SetPriority                     0x08002c88   Section        0  stm32f4xx_hal_cortex.o(i.__NVIC_SetPriority)
    __NVIC_SetPriority                       0x08002c89   Thumb Code    32  stm32f4xx_hal_cortex.o(i.__NVIC_SetPriority)
    i.__get_BASEPRI                          0x08002cb0   Section        0  cmsis_os2.o(i.__get_BASEPRI)
    __get_BASEPRI                            0x08002cb1   Thumb Code     6  cmsis_os2.o(i.__get_BASEPRI)
    i.__get_IPSR                             0x08002cb6   Section        0  cmsis_os2.o(i.__get_IPSR)
    __get_IPSR                               0x08002cb7   Thumb Code     6  cmsis_os2.o(i.__get_IPSR)
    i.__get_PRIMASK                          0x08002cbc   Section        0  cmsis_os2.o(i.__get_PRIMASK)
    __get_PRIMASK                            0x08002cbd   Thumb Code     6  cmsis_os2.o(i.__get_PRIMASK)
    i.__scatterload_copy                     0x08002cc2   Section       14  handlers.o(i.__scatterload_copy)
    i.__scatterload_null                     0x08002cd0   Section        2  handlers.o(i.__scatterload_null)
    i.__scatterload_zeroinit                 0x08002cd2   Section       14  handlers.o(i.__scatterload_zeroinit)
    i._printf_core                           0x08002ce0   Section        0  printf1.o(i._printf_core)
    _printf_core                             0x08002ce1   Thumb Code   336  printf1.o(i._printf_core)
    i._sputc                                 0x08002e34   Section        0  printf1.o(i._sputc)
    _sputc                                   0x08002e35   Thumb Code    10  printf1.o(i._sputc)
    i.eTaskConfirmSleepModeStatus            0x08002e40   Section        0  tasks.o(i.eTaskConfirmSleepModeStatus)
    i.main                                   0x08002e7c   Section        0  main.o(i.main)
    i.osDelay                                0x08002f08   Section        0  cmsis_os2.o(i.osDelay)
    i.osKernelInitialize                     0x08002f40   Section        0  cmsis_os2.o(i.osKernelInitialize)
    i.osKernelStart                          0x08002f80   Section        0  cmsis_os2.o(i.osKernelStart)
    i.osThreadNew                            0x08002fc8   Section        0  cmsis_os2.o(i.osThreadNew)
    i.prvAddCurrentTaskToDelayedList         0x0800309c   Section        0  tasks.o(i.prvAddCurrentTaskToDelayedList)
    prvAddCurrentTaskToDelayedList           0x0800309d   Thumb Code   100  tasks.o(i.prvAddCurrentTaskToDelayedList)
    i.prvAddNewTaskToReadyList               0x08003118   Section        0  tasks.o(i.prvAddNewTaskToReadyList)
    prvAddNewTaskToReadyList                 0x08003119   Thumb Code   154  tasks.o(i.prvAddNewTaskToReadyList)
    i.prvCheckForValidListAndQueue           0x080031d0   Section        0  timers.o(i.prvCheckForValidListAndQueue)
    prvCheckForValidListAndQueue             0x080031d1   Thumb Code    78  timers.o(i.prvCheckForValidListAndQueue)
    i.prvCheckTasksWaitingTermination        0x08003244   Section        0  tasks.o(i.prvCheckTasksWaitingTermination)
    prvCheckTasksWaitingTermination          0x08003245   Thumb Code    60  tasks.o(i.prvCheckTasksWaitingTermination)
    i.prvCopyDataFromQueue                   0x0800328c   Section        0  queue.o(i.prvCopyDataFromQueue)
    prvCopyDataFromQueue                     0x0800328d   Thumb Code    42  queue.o(i.prvCopyDataFromQueue)
    i.prvCopyDataToQueue                     0x080032b6   Section        0  queue.o(i.prvCopyDataToQueue)
    prvCopyDataToQueue                       0x080032b7   Thumb Code   126  queue.o(i.prvCopyDataToQueue)
    i.prvDeleteTCB                           0x08003334   Section        0  tasks.o(i.prvDeleteTCB)
    prvDeleteTCB                             0x08003335   Thumb Code    80  tasks.o(i.prvDeleteTCB)
    i.prvGetExpectedIdleTime                 0x08003384   Section        0  tasks.o(i.prvGetExpectedIdleTime)
    prvGetExpectedIdleTime                   0x08003385   Thumb Code    52  tasks.o(i.prvGetExpectedIdleTime)
    i.prvGetNextExpireTime                   0x080033cc   Section        0  timers.o(i.prvGetNextExpireTime)
    prvGetNextExpireTime                     0x080033cd   Thumb Code    36  timers.o(i.prvGetNextExpireTime)
    i.prvHeapInit                            0x080033f4   Section        0  heap_4.o(i.prvHeapInit)
    prvHeapInit                              0x080033f5   Thumb Code    98  heap_4.o(i.prvHeapInit)
    i.prvIdleTask                            0x08003470   Section        0  tasks.o(i.prvIdleTask)
    prvIdleTask                              0x08003471   Thumb Code   108  tasks.o(i.prvIdleTask)
    i.prvInitialiseNewQueue                  0x080034ec   Section        0  queue.o(i.prvInitialiseNewQueue)
    prvInitialiseNewQueue                    0x080034ed   Thumb Code    42  queue.o(i.prvInitialiseNewQueue)
    i.prvInitialiseNewTask                   0x08003516   Section        0  tasks.o(i.prvInitialiseNewTask)
    prvInitialiseNewTask                     0x08003517   Thumb Code   190  tasks.o(i.prvInitialiseNewTask)
    i.prvInitialiseTaskLists                 0x080035d4   Section        0  tasks.o(i.prvInitialiseTaskLists)
    prvInitialiseTaskLists                   0x080035d5   Thumb Code    70  tasks.o(i.prvInitialiseTaskLists)
    i.prvInsertBlockIntoFreeList             0x0800363c   Section        0  heap_4.o(i.prvInsertBlockIntoFreeList)
    prvInsertBlockIntoFreeList               0x0800363d   Thumb Code    96  heap_4.o(i.prvInsertBlockIntoFreeList)
    i.prvInsertTimerInActiveList             0x080036a4   Section        0  timers.o(i.prvInsertTimerInActiveList)
    prvInsertTimerInActiveList               0x080036a5   Thumb Code    80  timers.o(i.prvInsertTimerInActiveList)
    i.prvIsQueueEmpty                        0x080036fc   Section        0  queue.o(i.prvIsQueueEmpty)
    prvIsQueueEmpty                          0x080036fd   Thumb Code    26  queue.o(i.prvIsQueueEmpty)
    i.prvIsQueueFull                         0x08003716   Section        0  queue.o(i.prvIsQueueFull)
    prvIsQueueFull                           0x08003717   Thumb Code    30  queue.o(i.prvIsQueueFull)
    i.prvProcessExpiredTimer                 0x08003734   Section        0  timers.o(i.prvProcessExpiredTimer)
    prvProcessExpiredTimer                   0x08003735   Thumb Code   110  timers.o(i.prvProcessExpiredTimer)
    i.prvProcessReceivedCommands             0x080037a8   Section        0  timers.o(i.prvProcessReceivedCommands)
    prvProcessReceivedCommands               0x080037a9   Thumb Code   350  timers.o(i.prvProcessReceivedCommands)
    i.prvProcessTimerOrBlockTask             0x0800390c   Section        0  timers.o(i.prvProcessTimerOrBlockTask)
    prvProcessTimerOrBlockTask               0x0800390d   Thumb Code   102  timers.o(i.prvProcessTimerOrBlockTask)
    i.prvResetNextTaskUnblockTime            0x08003980   Section        0  tasks.o(i.prvResetNextTaskUnblockTime)
    prvResetNextTaskUnblockTime              0x08003981   Thumb Code    42  tasks.o(i.prvResetNextTaskUnblockTime)
    i.prvSampleTimeNow                       0x080039b4   Section        0  timers.o(i.prvSampleTimeNow)
    prvSampleTimeNow                         0x080039b5   Thumb Code    40  timers.o(i.prvSampleTimeNow)
    i.prvSwitchTimerLists                    0x080039e0   Section        0  timers.o(i.prvSwitchTimerLists)
    prvSwitchTimerLists                      0x080039e1   Thumb Code   154  timers.o(i.prvSwitchTimerLists)
    i.prvTaskExitError                       0x08003a84   Section        0  port.o(i.prvTaskExitError)
    prvTaskExitError                         0x08003a85   Thumb Code    60  port.o(i.prvTaskExitError)
    i.prvTimerTask                           0x08003ac4   Section        0  timers.o(i.prvTimerTask)
    prvTimerTask                             0x08003ac5   Thumb Code    26  timers.o(i.prvTimerTask)
    i.prvUnlockQueue                         0x08003ade   Section        0  queue.o(i.prvUnlockQueue)
    prvUnlockQueue                           0x08003adf   Thumb Code   126  queue.o(i.prvUnlockQueue)
    i.pvPortMalloc                           0x08003b5c   Section        0  heap_4.o(i.pvPortMalloc)
    i.pxPortInitialiseStack                  0x08003c98   Section        0  port.o(i.pxPortInitialiseStack)
    i.uxListRemove                           0x08003cc4   Section        0  list.o(i.uxListRemove)
    i.vApplicationGetIdleTaskMemory          0x08003cec   Section        0  cmsis_os2.o(i.vApplicationGetIdleTaskMemory)
    i.vApplicationGetTimerTaskMemory         0x08003d04   Section        0  cmsis_os2.o(i.vApplicationGetTimerTaskMemory)
    i.vListInitialise                        0x08003d1c   Section        0  list.o(i.vListInitialise)
    i.vListInitialiseItem                    0x08003d36   Section        0  list.o(i.vListInitialiseItem)
    i.vListInsert                            0x08003d3c   Section        0  list.o(i.vListInsert)
    i.vListInsertEnd                         0x08003d70   Section        0  list.o(i.vListInsertEnd)
    i.vPortEnterCritical                     0x08003d88   Section        0  port.o(i.vPortEnterCritical)
    i.vPortExitCritical                      0x08003ddc   Section        0  port.o(i.vPortExitCritical)
    i.vPortFree                              0x08003e18   Section        0  heap_4.o(i.vPortFree)
    i.vPortSetupTimerInterrupt               0x08003eac   Section        0  port.o(i.vPortSetupTimerInterrupt)
    i.vPortSuppressTicksAndSleep             0x08003f14   Section        0  port.o(i.vPortSuppressTicksAndSleep)
    i.vPortValidateInterruptPriority         0x08004060   Section        0  port.o(i.vPortValidateInterruptPriority)
    i.vQueueAddToRegistry                    0x080040d8   Section        0  queue.o(i.vQueueAddToRegistry)
    i.vQueueWaitForMessageRestricted         0x08004104   Section        0  queue.o(i.vQueueWaitForMessageRestricted)
    i.vTaskDelay                             0x08004150   Section        0  tasks.o(i.vTaskDelay)
    i.vTaskInternalSetTimeOutState           0x080041ac   Section        0  tasks.o(i.vTaskInternalSetTimeOutState)
    i.vTaskMissedYield                       0x080041c4   Section        0  tasks.o(i.vTaskMissedYield)
    i.vTaskPlaceOnEventList                  0x080041d0   Section        0  tasks.o(i.vTaskPlaceOnEventList)
    i.vTaskPlaceOnEventListRestricted        0x08004208   Section        0  tasks.o(i.vTaskPlaceOnEventListRestricted)
    i.vTaskStartScheduler                    0x08004248   Section        0  tasks.o(i.vTaskStartScheduler)
    i.vTaskStepTick                          0x08004300   Section        0  tasks.o(i.vTaskStepTick)
    i.vTaskSuspendAll                        0x08004340   Section        0  tasks.o(i.vTaskSuspendAll)
    i.vTaskSwitchContext                     0x08004350   Section        0  tasks.o(i.vTaskSwitchContext)
    i.xPortStartScheduler                    0x080043e0   Section        0  port.o(i.xPortStartScheduler)
    i.xQueueGenericCreateStatic              0x08004548   Section        0  queue.o(i.xQueueGenericCreateStatic)
    i.xQueueGenericReset                     0x08004628   Section        0  queue.o(i.xQueueGenericReset)
    i.xQueueGenericSend                      0x080046c0   Section        0  queue.o(i.xQueueGenericSend)
    i.xQueueGenericSendFromISR               0x08004868   Section        0  queue.o(i.xQueueGenericSendFromISR)
    i.xQueueReceive                          0x08004960   Section        0  queue.o(i.xQueueReceive)
    i.xTaskCheckForTimeOut                   0x08004ac8   Section        0  tasks.o(i.xTaskCheckForTimeOut)
    i.xTaskCreate                            0x08004b54   Section        0  tasks.o(i.xTaskCreate)
    i.xTaskCreateStatic                      0x08004bb8   Section        0  tasks.o(i.xTaskCreateStatic)
    i.xTaskGetSchedulerState                 0x08004c74   Section        0  tasks.o(i.xTaskGetSchedulerState)
    i.xTaskGetTickCount                      0x08004c94   Section        0  tasks.o(i.xTaskGetTickCount)
    i.xTaskIncrementTick                     0x08004ca0   Section        0  tasks.o(i.xTaskIncrementTick)
    i.xTaskPriorityDisinherit                0x08004de4   Section        0  tasks.o(i.xTaskPriorityDisinherit)
    i.xTaskRemoveFromEventList               0x08004e88   Section        0  tasks.o(i.xTaskRemoveFromEventList)
    i.xTaskResumeAll                         0x08004f24   Section        0  tasks.o(i.xTaskResumeAll)
    i.xTimerCreateTimerTask                  0x08005028   Section        0  timers.o(i.xTimerCreateTimerTask)
    i.xTimerGenericCommand                   0x080050a0   Section        0  timers.o(i.xTimerGenericCommand)
    .constdata                               0x08005124   Section      144  main.o(.constdata)
    .constdata                               0x080051b4   Section        8  stm32f4xx_hal_dma.o(.constdata)
    flagBitshiftOffset                       0x080051b4   Data           8  stm32f4xx_hal_dma.o(.constdata)
    .constdata                               0x080051bc   Section       24  system_stm32f4xx.o(.constdata)
    .conststring                             0x080051d4   Section       45  main.o(.conststring)
    .data                                    0x20000000   Section       20  main.o(.data)
    .data                                    0x20000014   Section        9  stm32f4xx_hal.o(.data)
    .data                                    0x20000020   Section        4  system_stm32f4xx.o(.data)
    .data                                    0x20000024   Section       60  tasks.o(.data)
    pxDelayedTaskList                        0x20000028   Data           4  tasks.o(.data)
    pxOverflowDelayedTaskList                0x2000002c   Data           4  tasks.o(.data)
    uxDeletedTasksWaitingCleanUp             0x20000030   Data           4  tasks.o(.data)
    uxCurrentNumberOfTasks                   0x20000034   Data           4  tasks.o(.data)
    xTickCount                               0x20000038   Data           4  tasks.o(.data)
    uxTopReadyPriority                       0x2000003c   Data           4  tasks.o(.data)
    xSchedulerRunning                        0x20000040   Data           4  tasks.o(.data)
    uxPendedTicks                            0x20000044   Data           4  tasks.o(.data)
    xYieldPending                            0x20000048   Data           4  tasks.o(.data)
    xNumOfOverflows                          0x2000004c   Data           4  tasks.o(.data)
    uxTaskNumber                             0x20000050   Data           4  tasks.o(.data)
    xNextTaskUnblockTime                     0x20000054   Data           4  tasks.o(.data)
    xIdleTaskHandle                          0x20000058   Data           4  tasks.o(.data)
    uxSchedulerSuspended                     0x2000005c   Data           4  tasks.o(.data)
    .data                                    0x20000060   Section       20  timers.o(.data)
    pxCurrentTimerList                       0x20000060   Data           4  timers.o(.data)
    pxOverflowTimerList                      0x20000064   Data           4  timers.o(.data)
    xTimerQueue                              0x20000068   Data           4  timers.o(.data)
    xTimerTaskHandle                         0x2000006c   Data           4  timers.o(.data)
    xLastTime                                0x20000070   Data           4  timers.o(.data)
    .data                                    0x20000074   Section        4  cmsis_os2.o(.data)
    KernelState                              0x20000074   Data           4  cmsis_os2.o(.data)
    .data                                    0x20000078   Section       24  heap_4.o(.data)
    xStart                                   0x20000078   Data           8  heap_4.o(.data)
    pxEnd                                    0x20000080   Data           4  heap_4.o(.data)
    xFreeBytesRemaining                      0x20000084   Data           4  heap_4.o(.data)
    xMinimumEverFreeBytesRemaining           0x20000088   Data           4  heap_4.o(.data)
    xBlockAllocatedBit                       0x2000008c   Data           4  heap_4.o(.data)
    .data                                    0x20000090   Section       24  port.o(.data)
    uxCriticalNesting                        0x20000090   Data           4  port.o(.data)
    ulTimerCountsForOneTick                  0x20000094   Data           4  port.o(.data)
    xMaximumPossibleSuppressedTicks          0x20000098   Data           4  port.o(.data)
    ulStoppedTimerCompensation               0x2000009c   Data           4  port.o(.data)
    ucMaxSysCallPriority                     0x200000a0   Data           1  port.o(.data)
    ulMaxPRIGROUPValue                       0x200000a4   Data           4  port.o(.data)
    .bss                                     0x200000a8   Section      232  main.o(.bss)
    .bss                                     0x20000190   Section       64  stm32f4xx_hal_timebase_tim.o(.bss)
    .bss                                     0x200001d0   Section       64  queue.o(.bss)
    .bss                                     0x20000210   Section     1220  tasks.o(.bss)
    pxReadyTasksLists                        0x20000210   Data        1120  tasks.o(.bss)
    xDelayedTaskList1                        0x20000670   Data          20  tasks.o(.bss)
    xDelayedTaskList2                        0x20000684   Data          20  tasks.o(.bss)
    xPendingReadyList                        0x20000698   Data          20  tasks.o(.bss)
    xTasksWaitingTermination                 0x200006ac   Data          20  tasks.o(.bss)
    xSuspendedTaskList                       0x200006c0   Data          20  tasks.o(.bss)
    .bss                                     0x200006d4   Section      280  timers.o(.bss)
    xActiveTimerList1                        0x200006d4   Data          20  timers.o(.bss)
    xActiveTimerList2                        0x200006e8   Data          20  timers.o(.bss)
    xStaticTimerQueue                        0x200006fc   Data          80  timers.o(.bss)
    ucStaticTimerQueueStorage                0x2000074c   Data         160  timers.o(.bss)
    .bss                                     0x200007ec   Section     1720  cmsis_os2.o(.bss)
    Idle_TCB                                 0x200007ec   Data          92  cmsis_os2.o(.bss)
    Idle_Stack                               0x20000848   Data         512  cmsis_os2.o(.bss)
    Timer_TCB                                0x20000a48   Data          92  cmsis_os2.o(.bss)
    Timer_Stack                              0x20000aa4   Data        1024  cmsis_os2.o(.bss)
    .bss                                     0x20000ea4   Section    15360  heap_4.o(.bss)
    ucHeap                                   0x20000ea4   Data       15360  heap_4.o(.bss)
    STACK                                    0x20004aa8   Section     1024  startup_stm32f446xx.o(STACK)

    Global Symbols

    Symbol Name                              Value     Ov Type        Size  Object(Section)

    BuildAttributes$$THM_ISAv4$E$P$D$K$B$S$7EM$VFPi3$EXTD16$VFPS$VFMA$PE$A:L22UL41UL21$X:L11$S22US41US21$IEEE1$IW$USESV6$~STKCKD$USESV7$~SHL$OSPACE$ROPI$EBA8$MICROLIB$REQ8$PRES8$EABIv2 0x00000000   Number         0  anon$$obj.o ABSOLUTE
    __ARM_use_no_argv                        0x00000000   Number         0  main.o ABSOLUTE
    _printf_a                                0x00000000   Number         0  stubs.o ABSOLUTE
    _printf_c                                0x00000000   Number         0  stubs.o ABSOLUTE
    _printf_charcount                        0x00000000   Number         0  stubs.o ABSOLUTE
    _printf_d                                0x00000000   Number         0  stubs.o ABSOLUTE
    _printf_e                                0x00000000   Number         0  stubs.o ABSOLUTE
    _printf_f                                0x00000000   Number         0  stubs.o ABSOLUTE
    _printf_flags                            0x00000000   Number         0  stubs.o ABSOLUTE
    _printf_fp_dec                           0x00000000   Number         0  stubs.o ABSOLUTE
    _printf_fp_hex                           0x00000000   Number         0  stubs.o ABSOLUTE
    _printf_g                                0x00000000   Number         0  stubs.o ABSOLUTE
    _printf_i                                0x00000000   Number         0  stubs.o ABSOLUTE
    _printf_int_dec                          0x00000000   Number         0  stubs.o ABSOLUTE
    _printf_l                                0x00000000   Number         0  stubs.o ABSOLUTE
    _printf_lc                               0x00000000   Number         0  stubs.o ABSOLUTE
    _printf_ll                               0x00000000   Number         0  stubs.o ABSOLUTE
    _printf_lld                              0x00000000   Number         0  stubs.o ABSOLUTE
    _printf_lli                              0x00000000   Number         0  stubs.o ABSOLUTE
    _printf_llo                              0x00000000   Number         0  stubs.o ABSOLUTE
    _printf_llu                              0x00000000   Number         0  stubs.o ABSOLUTE
    _printf_llx                              0x00000000   Number         0  stubs.o ABSOLUTE
    _printf_longlong_dec                     0x00000000   Number         0  stubs.o ABSOLUTE
    _printf_longlong_hex                     0x00000000   Number         0  stubs.o ABSOLUTE
    _printf_longlong_oct                     0x00000000   Number         0  stubs.o ABSOLUTE
    _printf_ls                               0x00000000   Number         0  stubs.o ABSOLUTE
    _printf_mbtowc                           0x00000000   Number         0  stubs.o ABSOLUTE
    _printf_n                                0x00000000   Number         0  stubs.o ABSOLUTE
    _printf_o                                0x00000000   Number         0  stubs.o ABSOLUTE
    _printf_p                                0x00000000   Number         0  stubs.o ABSOLUTE
    _printf_percent                          0x00000000   Number         0  stubs.o ABSOLUTE
    _printf_pre_padding                      0x00000000   Number         0  stubs.o ABSOLUTE
    _printf_return_value                     0x00000000   Number         0  stubs.o ABSOLUTE
    _printf_s                                0x00000000   Number         0  stubs.o ABSOLUTE
    _printf_sizespec                         0x00000000   Number         0  stubs.o ABSOLUTE
    _printf_str                              0x00000000   Number         0  stubs.o ABSOLUTE
    _printf_truncate_signed                  0x00000000   Number         0  stubs.o ABSOLUTE
    _printf_truncate_unsigned                0x00000000   Number         0  stubs.o ABSOLUTE
    _printf_u                                0x00000000   Number         0  stubs.o ABSOLUTE
    _printf_wc                               0x00000000   Number         0  stubs.o ABSOLUTE
    _printf_wctomb                           0x00000000   Number         0  stubs.o ABSOLUTE
    _printf_widthprec                        0x00000000   Number         0  stubs.o ABSOLUTE
    _printf_x                                0x00000000   Number         0  stubs.o ABSOLUTE
    __cpp_initialize__aeabi_                  - Undefined Weak Reference
    __cxa_finalize                            - Undefined Weak Reference
    __decompress                              - Undefined Weak Reference
    _clock_init                               - Undefined Weak Reference
    _microlib_exit                            - Undefined Weak Reference
    __Vectors_Size                           0x000001c4   Number         0  startup_stm32f446xx.o ABSOLUTE
    __Vectors                                0x08000000   Data           4  startup_stm32f446xx.o(RESET)
    __Vectors_End                            0x080001c4   Data           0  startup_stm32f446xx.o(RESET)
    __main                                   0x080001c5   Thumb Code     0  entry.o(.ARM.Collect$$$$00000000)
    _main_stk                                0x080001c5   Thumb Code     0  entry2.o(.ARM.Collect$$$$00000001)
    _main_scatterload                        0x080001c9   Thumb Code     0  entry5.o(.ARM.Collect$$$$00000004)
    __main_after_scatterload                 0x080001cd   Thumb Code     0  entry5.o(.ARM.Collect$$$$00000004)
    _main_clock                              0x080001cd   Thumb Code     0  entry7b.o(.ARM.Collect$$$$00000008)
    _main_cpp_init                           0x080001cd   Thumb Code     0  entry8b.o(.ARM.Collect$$$$0000000A)
    _main_init                               0x080001cd   Thumb Code     0  entry9a.o(.ARM.Collect$$$$0000000B)
    __rt_final_cpp                           0x080001d5   Thumb Code     0  entry10a.o(.ARM.Collect$$$$0000000D)
    __rt_final_exit                          0x080001d5   Thumb Code     0  entry11a.o(.ARM.Collect$$$$0000000F)
    SVC_Handler                              0x080001d9   Thumb Code    28  port.o(.emb_text)
    __asm___6_port_c_39a90d8d__prvStartFirstTask 0x080001f9   Thumb Code    36  port.o(.emb_text)
    __asm___6_port_c_39a90d8d__prvEnableVFP  0x08000221   Thumb Code    16  port.o(.emb_text)
    PendSV_Handler                           0x08000235   Thumb Code    88  port.o(.emb_text)
    vPortGetIPSR                             0x08000291   Thumb Code     6  port.o(.emb_text)
    Reset_Handler                            0x08000299   Thumb Code     8  startup_stm32f446xx.o(.text)
    CAN1_RX0_IRQHandler                      0x080002b3   Thumb Code     0  startup_stm32f446xx.o(.text)
    CAN1_RX1_IRQHandler                      0x080002b3   Thumb Code     0  startup_stm32f446xx.o(.text)
    CAN1_SCE_IRQHandler                      0x080002b3   Thumb Code     0  startup_stm32f446xx.o(.text)
    CAN1_TX_IRQHandler                       0x080002b3   Thumb Code     0  startup_stm32f446xx.o(.text)
    CAN2_RX0_IRQHandler                      0x080002b3   Thumb Code     0  startup_stm32f446xx.o(.text)
    CAN2_RX1_IRQHandler                      0x080002b3   Thumb Code     0  startup_stm32f446xx.o(.text)
    CAN2_SCE_IRQHandler                      0x080002b3   Thumb Code     0  startup_stm32f446xx.o(.text)
    CAN2_TX_IRQHandler                       0x080002b3   Thumb Code     0  startup_stm32f446xx.o(.text)
    CEC_IRQHandler                           0x080002b3   Thumb Code     0  startup_stm32f446xx.o(.text)
    DCMI_IRQHandler                          0x080002b3   Thumb Code     0  startup_stm32f446xx.o(.text)
    DMA1_Stream0_IRQHandler                  0x080002b3   Thumb Code     0  startup_stm32f446xx.o(.text)
    DMA1_Stream1_IRQHandler                  0x080002b3   Thumb Code     0  startup_stm32f446xx.o(.text)
    DMA1_Stream2_IRQHandler                  0x080002b3   Thumb Code     0  startup_stm32f446xx.o(.text)
    DMA1_Stream3_IRQHandler                  0x080002b3   Thumb Code     0  startup_stm32f446xx.o(.text)
    DMA1_Stream4_IRQHandler                  0x080002b3   Thumb Code     0  startup_stm32f446xx.o(.text)
    DMA1_Stream5_IRQHandler                  0x080002b3   Thumb Code     0  startup_stm32f446xx.o(.text)
    DMA1_Stream6_IRQHandler                  0x080002b3   Thumb Code     0  startup_stm32f446xx.o(.text)
    DMA1_Stream7_IRQHandler                  0x080002b3   Thumb Code     0  startup_stm32f446xx.o(.text)
    DMA2_Stream1_IRQHandler                  0x080002b3   Thumb Code     0  startup_stm32f446xx.o(.text)
    DMA2_Stream2_IRQHandler                  0x080002b3   Thumb Code     0  startup_stm32f446xx.o(.text)
    DMA2_Stream3_IRQHandler                  0x080002b3   Thumb Code     0  startup_stm32f446xx.o(.text)
    DMA2_Stream4_IRQHandler                  0x080002b3   Thumb Code     0  startup_stm32f446xx.o(.text)
    DMA2_Stream5_IRQHandler                  0x080002b3   Thumb Code     0  startup_stm32f446xx.o(.text)
    DMA2_Stream6_IRQHandler                  0x080002b3   Thumb Code     0  startup_stm32f446xx.o(.text)
    DMA2_Stream7_IRQHandler                  0x080002b3   Thumb Code     0  startup_stm32f446xx.o(.text)
    EXTI0_IRQHandler                         0x080002b3   Thumb Code     0  startup_stm32f446xx.o(.text)
    EXTI15_10_IRQHandler                     0x080002b3   Thumb Code     0  startup_stm32f446xx.o(.text)
    EXTI1_IRQHandler                         0x080002b3   Thumb Code     0  startup_stm32f446xx.o(.text)
    EXTI2_IRQHandler                         0x080002b3   Thumb Code     0  startup_stm32f446xx.o(.text)
    EXTI3_IRQHandler                         0x080002b3   Thumb Code     0  startup_stm32f446xx.o(.text)
    EXTI4_IRQHandler                         0x080002b3   Thumb Code     0  startup_stm32f446xx.o(.text)
    EXTI9_5_IRQHandler                       0x080002b3   Thumb Code     0  startup_stm32f446xx.o(.text)
    FLASH_IRQHandler                         0x080002b3   Thumb Code     0  startup_stm32f446xx.o(.text)
    FMC_IRQHandler                           0x080002b3   Thumb Code     0  startup_stm32f446xx.o(.text)
    FMPI2C1_ER_IRQHandler                    0x080002b3   Thumb Code     0  startup_stm32f446xx.o(.text)
    FMPI2C1_EV_IRQHandler                    0x080002b3   Thumb Code     0  startup_stm32f446xx.o(.text)
    FPU_IRQHandler                           0x080002b3   Thumb Code     0  startup_stm32f446xx.o(.text)
    I2C1_ER_IRQHandler                       0x080002b3   Thumb Code     0  startup_stm32f446xx.o(.text)
    I2C1_EV_IRQHandler                       0x080002b3   Thumb Code     0  startup_stm32f446xx.o(.text)
    I2C2_ER_IRQHandler                       0x080002b3   Thumb Code     0  startup_stm32f446xx.o(.text)
    I2C2_EV_IRQHandler                       0x080002b3   Thumb Code     0  startup_stm32f446xx.o(.text)
    I2C3_ER_IRQHandler                       0x080002b3   Thumb Code     0  startup_stm32f446xx.o(.text)
    I2C3_EV_IRQHandler                       0x080002b3   Thumb Code     0  startup_stm32f446xx.o(.text)
    OTG_FS_IRQHandler                        0x080002b3   Thumb Code     0  startup_stm32f446xx.o(.text)
    OTG_FS_WKUP_IRQHandler                   0x080002b3   Thumb Code     0  startup_stm32f446xx.o(.text)
    OTG_HS_EP1_IN_IRQHandler                 0x080002b3   Thumb Code     0  startup_stm32f446xx.o(.text)
    OTG_HS_EP1_OUT_IRQHandler                0x080002b3   Thumb Code     0  startup_stm32f446xx.o(.text)
    OTG_HS_IRQHandler                        0x080002b3   Thumb Code     0  startup_stm32f446xx.o(.text)
    OTG_HS_WKUP_IRQHandler                   0x080002b3   Thumb Code     0  startup_stm32f446xx.o(.text)
    PVD_IRQHandler                           0x080002b3   Thumb Code     0  startup_stm32f446xx.o(.text)
    QUADSPI_IRQHandler                       0x080002b3   Thumb Code     0  startup_stm32f446xx.o(.text)
    RCC_IRQHandler                           0x080002b3   Thumb Code     0  startup_stm32f446xx.o(.text)
    RTC_Alarm_IRQHandler                     0x080002b3   Thumb Code     0  startup_stm32f446xx.o(.text)
    RTC_WKUP_IRQHandler                      0x080002b3   Thumb Code     0  startup_stm32f446xx.o(.text)
    SAI1_IRQHandler                          0x080002b3   Thumb Code     0  startup_stm32f446xx.o(.text)
    SAI2_IRQHandler                          0x080002b3   Thumb Code     0  startup_stm32f446xx.o(.text)
    SDIO_IRQHandler                          0x080002b3   Thumb Code     0  startup_stm32f446xx.o(.text)
    SPDIF_RX_IRQHandler                      0x080002b3   Thumb Code     0  startup_stm32f446xx.o(.text)
    SPI1_IRQHandler                          0x080002b3   Thumb Code     0  startup_stm32f446xx.o(.text)
    SPI2_IRQHandler                          0x080002b3   Thumb Code     0  startup_stm32f446xx.o(.text)
    SPI3_IRQHandler                          0x080002b3   Thumb Code     0  startup_stm32f446xx.o(.text)
    SPI4_IRQHandler                          0x080002b3   Thumb Code     0  startup_stm32f446xx.o(.text)
    TAMP_STAMP_IRQHandler                    0x080002b3   Thumb Code     0  startup_stm32f446xx.o(.text)
    TIM1_BRK_TIM9_IRQHandler                 0x080002b3   Thumb Code     0  startup_stm32f446xx.o(.text)
    TIM1_CC_IRQHandler                       0x080002b3   Thumb Code     0  startup_stm32f446xx.o(.text)
    TIM1_TRG_COM_TIM11_IRQHandler            0x080002b3   Thumb Code     0  startup_stm32f446xx.o(.text)
    TIM1_UP_TIM10_IRQHandler                 0x080002b3   Thumb Code     0  startup_stm32f446xx.o(.text)
    TIM2_IRQHandler                          0x080002b3   Thumb Code     0  startup_stm32f446xx.o(.text)
    TIM3_IRQHandler                          0x080002b3   Thumb Code     0  startup_stm32f446xx.o(.text)
    TIM4_IRQHandler                          0x080002b3   Thumb Code     0  startup_stm32f446xx.o(.text)
    TIM5_IRQHandler                          0x080002b3   Thumb Code     0  startup_stm32f446xx.o(.text)
    TIM7_IRQHandler                          0x080002b3   Thumb Code     0  startup_stm32f446xx.o(.text)
    TIM8_BRK_TIM12_IRQHandler                0x080002b3   Thumb Code     0  startup_stm32f446xx.o(.text)
    TIM8_CC_IRQHandler                       0x080002b3   Thumb Code     0  startup_stm32f446xx.o(.text)
    TIM8_TRG_COM_TIM14_IRQHandler            0x080002b3   Thumb Code     0  startup_stm32f446xx.o(.text)
    TIM8_UP_TIM13_IRQHandler                 0x080002b3   Thumb Code     0  startup_stm32f446xx.o(.text)
    UART4_IRQHandler                         0x080002b3   Thumb Code     0  startup_stm32f446xx.o(.text)
    UART5_IRQHandler                         0x080002b3   Thumb Code     0  startup_stm32f446xx.o(.text)
    USART1_IRQHandler                        0x080002b3   Thumb Code     0  startup_stm32f446xx.o(.text)
    USART3_IRQHandler                        0x080002b3   Thumb Code     0  startup_stm32f446xx.o(.text)
    USART6_IRQHandler                        0x080002b3   Thumb Code     0  startup_stm32f446xx.o(.text)
    WWDG_IRQHandler                          0x080002b3   Thumb Code     0  startup_stm32f446xx.o(.text)
    __aeabi_uldivmod                         0x080002bd   Thumb Code    98  uldiv.o(.text)
    __aeabi_memcpy                           0x0800031f   Thumb Code    36  memcpya.o(.text)
    __aeabi_memcpy4                          0x0800031f   Thumb Code     0  memcpya.o(.text)
    __aeabi_memcpy8                          0x0800031f   Thumb Code     0  memcpya.o(.text)
    __aeabi_memset                           0x08000343   Thumb Code    14  memseta.o(.text)
    __aeabi_memset4                          0x08000343   Thumb Code     0  memseta.o(.text)
    __aeabi_memset8                          0x08000343   Thumb Code     0  memseta.o(.text)
    __aeabi_memclr                           0x08000351   Thumb Code     4  memseta.o(.text)
    __aeabi_memclr4                          0x08000351   Thumb Code     0  memseta.o(.text)
    __aeabi_memclr8                          0x08000351   Thumb Code     0  memseta.o(.text)
    memset                                   0x08000355   Thumb Code    18  memseta.o(.text)
    strlen                                   0x08000367   Thumb Code    14  strlen.o(.text)
    __aeabi_uidiv                            0x08000375   Thumb Code     0  uidiv.o(.text)
    __aeabi_uidivmod                         0x08000375   Thumb Code    44  uidiv.o(.text)
    __aeabi_llsl                             0x080003a1   Thumb Code    30  llshl.o(.text)
    _ll_shift_l                              0x080003a1   Thumb Code     0  llshl.o(.text)
    __aeabi_llsr                             0x080003bf   Thumb Code    32  llushr.o(.text)
    _ll_ushift_r                             0x080003bf   Thumb Code     0  llushr.o(.text)
    __scatterload                            0x080003e1   Thumb Code    28  init.o(.text)
    __scatterload_rt2                        0x080003e1   Thumb Code     0  init.o(.text)
    ADC_IRQHandler                           0x080004ad   Thumb Code    10  stm32f4xx_it.o(i.ADC_IRQHandler)
    Blinky_01                                0x0800061d   Thumb Code    20  main.o(i.Blinky_01)
    Blinky_02                                0x08000635   Thumb Code    18  main.o(i.Blinky_02)
    Blinky_03                                0x0800064d   Thumb Code    20  main.o(i.Blinky_03)
    BusFault_Handler                         0x08000665   Thumb Code     4  stm32f4xx_it.o(i.BusFault_Handler)
    DMA2_Stream0_IRQHandler                  0x080006b5   Thumb Code    10  stm32f4xx_it.o(i.DMA2_Stream0_IRQHandler)
    DebugMon_Handler                         0x08000813   Thumb Code     2  stm32f4xx_it.o(i.DebugMon_Handler)
    Error_Handler                            0x08000815   Thumb Code     2  main.o(i.Error_Handler)
    HAL_ADCEx_InjectedConvCpltCallback       0x08000817   Thumb Code     2  stm32f4xx_hal_adc_ex.o(i.HAL_ADCEx_InjectedConvCpltCallback)
    HAL_ADC_ConfigChannel                    0x08000819   Thumb Code   400  stm32f4xx_hal_adc.o(i.HAL_ADC_ConfigChannel)
    HAL_ADC_ConvCpltCallback                 0x080009bd   Thumb Code     2  stm32f4xx_hal_adc.o(i.HAL_ADC_ConvCpltCallback)
    HAL_ADC_ConvHalfCpltCallback             0x080009bf   Thumb Code     2  stm32f4xx_hal_adc.o(i.HAL_ADC_ConvHalfCpltCallback)
    HAL_ADC_ErrorCallback                    0x080009c1   Thumb Code     2  stm32f4xx_hal_adc.o(i.HAL_ADC_ErrorCallback)
    HAL_ADC_IRQHandler                       0x080009c3   Thumb Code   372  stm32f4xx_hal_adc.o(i.HAL_ADC_IRQHandler)
    HAL_ADC_Init                             0x08000b39   Thumb Code   100  stm32f4xx_hal_adc.o(i.HAL_ADC_Init)
    HAL_ADC_LevelOutOfWindowCallback         0x08000ba1   Thumb Code     2  stm32f4xx_hal_adc.o(i.HAL_ADC_LevelOutOfWindowCallback)
    HAL_ADC_MspInit                          0x08000ba5   Thumb Code   114  stm32f4xx_hal_msp.o(i.HAL_ADC_MspInit)
    HAL_ADC_Start_DMA                        0x08000c25   Thumb Code   352  stm32f4xx_hal_adc.o(i.HAL_ADC_Start_DMA)
    HAL_ADC_Stop_DMA                         0x08000da9   Thumb Code   108  stm32f4xx_hal_adc.o(i.HAL_ADC_Stop_DMA)
    HAL_DMA_Abort                            0x08000e15   Thumb Code   170  stm32f4xx_hal_dma.o(i.HAL_DMA_Abort)
    HAL_DMA_Abort_IT                         0x08000ebf   Thumb Code    40  stm32f4xx_hal_dma.o(i.HAL_DMA_Abort_IT)
    HAL_DMA_IRQHandler                       0x08000ee9   Thumb Code   570  stm32f4xx_hal_dma.o(i.HAL_DMA_IRQHandler)
    HAL_DMA_Init                             0x08001129   Thumb Code   232  stm32f4xx_hal_dma.o(i.HAL_DMA_Init)
    HAL_DMA_Start_IT                         0x08001215   Thumb Code   146  stm32f4xx_hal_dma.o(i.HAL_DMA_Start_IT)
    HAL_GPIO_Init                            0x080012a9   Thumb Code   456  stm32f4xx_hal_gpio.o(i.HAL_GPIO_Init)
    HAL_GPIO_TogglePin                       0x08001499   Thumb Code    18  stm32f4xx_hal_gpio.o(i.HAL_GPIO_TogglePin)
    HAL_GPIO_WritePin                        0x080014ab   Thumb Code    12  stm32f4xx_hal_gpio.o(i.HAL_GPIO_WritePin)
    HAL_GetTick                              0x080014b9   Thumb Code     6  stm32f4xx_hal.o(i.HAL_GetTick)
    HAL_IncTick                              0x080014c5   Thumb Code    16  stm32f4xx_hal.o(i.HAL_IncTick)
    HAL_Init                                 0x080014dd   Thumb Code    54  stm32f4xx_hal.o(i.HAL_Init)
    HAL_InitTick                             0x08001519   Thumb Code   122  stm32f4xx_hal_timebase_tim.o(i.HAL_InitTick)
    HAL_MspInit                              0x080015a5   Thumb Code   162  stm32f4xx_hal_msp.o(i.HAL_MspInit)
    HAL_NVIC_EnableIRQ                       0x0800164d   Thumb Code    32  stm32f4xx_hal_cortex.o(i.HAL_NVIC_EnableIRQ)
    HAL_NVIC_SetPriority                     0x0800166d   Thumb Code   124  stm32f4xx_hal_cortex.o(i.HAL_NVIC_SetPriority)
    HAL_NVIC_SetPriorityGrouping             0x080016e9   Thumb Code    32  stm32f4xx_hal_cortex.o(i.HAL_NVIC_SetPriorityGrouping)
    HAL_RCC_ClockConfig                      0x08001711   Thumb Code   368  stm32f4xx_hal_rcc.o(i.HAL_RCC_ClockConfig)
    HAL_RCC_GetClockConfig                   0x08001895   Thumb Code    58  stm32f4xx_hal_rcc.o(i.HAL_RCC_GetClockConfig)
    HAL_RCC_GetHCLKFreq                      0x080018d9   Thumb Code     6  stm32f4xx_hal_rcc.o(i.HAL_RCC_GetHCLKFreq)
    HAL_RCC_GetPCLK1Freq                     0x080018e5   Thumb Code    22  stm32f4xx_hal_rcc.o(i.HAL_RCC_GetPCLK1Freq)
    HAL_RCC_GetPCLK2Freq                     0x08001905   Thumb Code    22  stm32f4xx_hal_rcc.o(i.HAL_RCC_GetPCLK2Freq)
    HAL_RCC_GetSysClockFreq                  0x08001925   Thumb Code   266  stm32f4xx_hal_rcc_ex.o(i.HAL_RCC_GetSysClockFreq)
    HAL_RCC_OscConfig                        0x08001a3d   Thumb Code  1142  stm32f4xx_hal_rcc_ex.o(i.HAL_RCC_OscConfig)
    HAL_TIMEx_BreakCallback                  0x08001ebd   Thumb Code     2  stm32f4xx_hal_tim_ex.o(i.HAL_TIMEx_BreakCallback)
    HAL_TIMEx_CommutCallback                 0x08001ebf   Thumb Code     2  stm32f4xx_hal_tim_ex.o(i.HAL_TIMEx_CommutCallback)
    HAL_TIM_Base_Init                        0x08001ec1   Thumb Code    52  stm32f4xx_hal_tim.o(i.HAL_TIM_Base_Init)
    HAL_TIM_Base_MspInit                     0x08001ef5   Thumb Code     2  stm32f4xx_hal_tim.o(i.HAL_TIM_Base_MspInit)
    HAL_TIM_Base_Start_IT                    0x08001ef7   Thumb Code    42  stm32f4xx_hal_tim.o(i.HAL_TIM_Base_Start_IT)
    HAL_TIM_IC_CaptureCallback               0x08001f21   Thumb Code     2  stm32f4xx_hal_tim.o(i.HAL_TIM_IC_CaptureCallback)
    HAL_TIM_IRQHandler                       0x08001f23   Thumb Code   406  stm32f4xx_hal_tim.o(i.HAL_TIM_IRQHandler)
    HAL_TIM_OC_DelayElapsedCallback          0x080020b9   Thumb Code     2  stm32f4xx_hal_tim.o(i.HAL_TIM_OC_DelayElapsedCallback)
    HAL_TIM_PWM_PulseFinishedCallback        0x080020bb   Thumb Code     2  stm32f4xx_hal_tim.o(i.HAL_TIM_PWM_PulseFinishedCallback)
    HAL_TIM_PeriodElapsedCallback            0x080020bd   Thumb Code    18  main.o(i.HAL_TIM_PeriodElapsedCallback)
    HAL_TIM_TriggerCallback                  0x080020d5   Thumb Code     2  stm32f4xx_hal_tim.o(i.HAL_TIM_TriggerCallback)
    HAL_UART_ErrorCallback                   0x080020d7   Thumb Code     2  stm32f4xx_hal_uart.o(i.HAL_UART_ErrorCallback)
    HAL_UART_IRQHandler                      0x080020d9   Thumb Code   336  stm32f4xx_hal_uart.o(i.HAL_UART_IRQHandler)
    HAL_UART_Init                            0x0800222d   Thumb Code   114  stm32f4xx_hal_uart.o(i.HAL_UART_Init)
    HAL_UART_MspInit                         0x080022a1   Thumb Code   138  stm32f4xx_hal_msp.o(i.HAL_UART_MspInit)
    HAL_UART_RxCpltCallback                  0x08002339   Thumb Code     2  stm32f4xx_hal_uart.o(i.HAL_UART_RxCpltCallback)
    HAL_UART_Transmit_IT                     0x0800233b   Thumb Code    88  stm32f4xx_hal_uart.o(i.HAL_UART_Transmit_IT)
    HAL_UART_TxCpltCallback                  0x08002393   Thumb Code     2  stm32f4xx_hal_uart.o(i.HAL_UART_TxCpltCallback)
    HardFault_Handler                        0x08002395   Thumb Code     4  stm32f4xx_it.o(i.HardFault_Handler)
    MemManage_Handler                        0x080024e1   Thumb Code     4  stm32f4xx_it.o(i.MemManage_Handler)
    NMI_Handler                              0x080024e5   Thumb Code     2  stm32f4xx_it.o(i.NMI_Handler)
    SensorRead                               0x080024e9   Thumb Code    34  main.o(i.SensorRead)
    SysTick_Handler                          0x0800251d   Thumb Code    46  port.o(i.SysTick_Handler)
    SystemClock_Config                       0x08002551   Thumb Code   148  main.o(i.SystemClock_Config)
    SystemInit                               0x080025ed   Thumb Code    24  system_stm32f4xx.o(i.SystemInit)
    TIM6_DAC_IRQHandler                      0x08002609   Thumb Code    10  stm32f4xx_it.o(i.TIM6_DAC_IRQHandler)
    TIM_Base_SetConfig                       0x08002619   Thumb Code   170  stm32f4xx_hal_tim.o(i.TIM_Base_SetConfig)
    USART2_IRQHandler                        0x08002c3d   Thumb Code    10  stm32f4xx_it.o(i.USART2_IRQHandler)
    UsageFault_Handler                       0x08002c4d   Thumb Code     4  stm32f4xx_it.o(i.UsageFault_Handler)
    __0sprintf$1                             0x08002c51   Thumb Code    34  printf1.o(i.__0sprintf$1)
    __1sprintf$1                             0x08002c51   Thumb Code     0  printf1.o(i.__0sprintf$1)
    __2sprintf                               0x08002c51   Thumb Code     0  printf1.o(i.__0sprintf$1)
    __scatterload_copy                       0x08002cc3   Thumb Code    14  handlers.o(i.__scatterload_copy)
    __scatterload_null                       0x08002cd1   Thumb Code     2  handlers.o(i.__scatterload_null)
    __scatterload_zeroinit                   0x08002cd3   Thumb Code    14  handlers.o(i.__scatterload_zeroinit)
    eTaskConfirmSleepModeStatus              0x08002e41   Thumb Code    42  tasks.o(i.eTaskConfirmSleepModeStatus)
    main                                     0x08002e7d   Thumb Code    92  main.o(i.main)
    osDelay                                  0x08002f09   Thumb Code    50  cmsis_os2.o(i.osDelay)
    osKernelInitialize                       0x08002f41   Thumb Code    58  cmsis_os2.o(i.osKernelInitialize)
    osKernelStart                            0x08002f81   Thumb Code    68  cmsis_os2.o(i.osKernelStart)
    osThreadNew                              0x08002fc9   Thumb Code   208  cmsis_os2.o(i.osThreadNew)
    pvPortMalloc                             0x08003b5d   Thumb Code   296  heap_4.o(i.pvPortMalloc)
    pxPortInitialiseStack                    0x08003c99   Thumb Code    38  port.o(i.pxPortInitialiseStack)
    uxListRemove                             0x08003cc5   Thumb Code    40  list.o(i.uxListRemove)
    vApplicationGetIdleTaskMemory            0x08003ced   Thumb Code    14  cmsis_os2.o(i.vApplicationGetIdleTaskMemory)
    vApplicationGetTimerTaskMemory           0x08003d05   Thumb Code    16  cmsis_os2.o(i.vApplicationGetTimerTaskMemory)
    vListInitialise                          0x08003d1d   Thumb Code    26  list.o(i.vListInitialise)
    vListInitialiseItem                      0x08003d37   Thumb Code     6  list.o(i.vListInitialiseItem)
    vListInsert                              0x08003d3d   Thumb Code    52  list.o(i.vListInsert)
    vListInsertEnd                           0x08003d71   Thumb Code    24  list.o(i.vListInsertEnd)
    vPortEnterCritical                       0x08003d89   Thumb Code    76  port.o(i.vPortEnterCritical)
    vPortExitCritical                        0x08003ddd   Thumb Code    56  port.o(i.vPortExitCritical)
    vPortFree                                0x08003e19   Thumb Code   140  heap_4.o(i.vPortFree)
    vPortSetupTimerInterrupt                 0x08003ead   Thumb Code    86  port.o(i.vPortSetupTimerInterrupt)
    vPortSuppressTicksAndSleep               0x08003f15   Thumb Code   320  port.o(i.vPortSuppressTicksAndSleep)
    vPortValidateInterruptPriority           0x08004061   Thumb Code   106  port.o(i.vPortValidateInterruptPriority)
    vQueueAddToRegistry                      0x080040d9   Thumb Code    38  queue.o(i.vQueueAddToRegistry)
    vQueueWaitForMessageRestricted           0x08004105   Thumb Code    74  queue.o(i.vQueueWaitForMessageRestricted)
    vTaskDelay                               0x08004151   Thumb Code    82  tasks.o(i.vTaskDelay)
    vTaskInternalSetTimeOutState             0x080041ad   Thumb Code    14  tasks.o(i.vTaskInternalSetTimeOutState)
    vTaskMissedYield                         0x080041c5   Thumb Code     8  tasks.o(i.vTaskMissedYield)
    vTaskPlaceOnEventList                    0x080041d1   Thumb Code    52  tasks.o(i.vTaskPlaceOnEventList)
    vTaskPlaceOnEventListRestricted          0x08004209   Thumb Code    60  tasks.o(i.vTaskPlaceOnEventListRestricted)
    vTaskStartScheduler                      0x08004249   Thumb Code   156  tasks.o(i.vTaskStartScheduler)
    vTaskStepTick                            0x08004301   Thumb Code    56  tasks.o(i.vTaskStepTick)
    vTaskSuspendAll                          0x08004341   Thumb Code    12  tasks.o(i.vTaskSuspendAll)
    vTaskSwitchContext                       0x08004351   Thumb Code   122  tasks.o(i.vTaskSwitchContext)
    xPortStartScheduler                      0x080043e1   Thumb Code   330  port.o(i.xPortStartScheduler)
    xQueueGenericCreateStatic                0x08004549   Thumb Code   224  queue.o(i.xQueueGenericCreateStatic)
    xQueueGenericReset                       0x08004629   Thumb Code   146  queue.o(i.xQueueGenericReset)
    xQueueGenericSend                        0x080046c1   Thumb Code   420  queue.o(i.xQueueGenericSend)
    xQueueGenericSendFromISR                 0x08004869   Thumb Code   248  queue.o(i.xQueueGenericSendFromISR)
    xQueueReceive                            0x08004961   Thumb Code   356  queue.o(i.xQueueReceive)
    xTaskCheckForTimeOut                     0x08004ac9   Thumb Code   132  tasks.o(i.xTaskCheckForTimeOut)
    xTaskCreate                              0x08004b55   Thumb Code   100  tasks.o(i.xTaskCreate)
    xTaskCreateStatic                        0x08004bb9   Thumb Code   186  tasks.o(i.xTaskCreateStatic)
    xTaskGetSchedulerState                   0x08004c75   Thumb Code    24  tasks.o(i.xTaskGetSchedulerState)
    xTaskGetTickCount                        0x08004c95   Thumb Code     6  tasks.o(i.xTaskGetTickCount)
    xTaskIncrementTick                       0x08004ca1   Thumb Code   280  tasks.o(i.xTaskIncrementTick)
    xTaskPriorityDisinherit                  0x08004de5   Thumb Code   152  tasks.o(i.xTaskPriorityDisinherit)
    xTaskRemoveFromEventList                 0x08004e89   Thumb Code   130  tasks.o(i.xTaskRemoveFromEventList)
    xTaskResumeAll                           0x08004f25   Thumb Code   222  tasks.o(i.xTaskResumeAll)
    xTimerCreateTimerTask                    0x08005029   Thumb Code   100  timers.o(i.xTimerCreateTimerTask)
    xTimerGenericCommand                     0x080050a1   Thumb Code   128  timers.o(i.xTimerGenericCommand)
    BlinkLED_01_attributes                   0x08005124   Data          36  main.o(.constdata)
    BlinkLED_02_attributes                   0x08005148   Data          36  main.o(.constdata)
    BlinkLED_03_attributes                   0x0800516c   Data          36  main.o(.constdata)
    ADC_Read_attributes                      0x08005190   Data          36  main.o(.constdata)
    AHBPrescTable                            0x080051bc   Data          16  system_stm32f4xx.o(.constdata)
    APBPrescTable                            0x080051cc   Data           8  system_stm32f4xx.o(.constdata)
    Region$$Table$$Base                      0x08005204   Number         0  anon$$obj.o(Region$$Table)
    Region$$Table$$Limit                     0x08005224   Number         0  anon$$obj.o(Region$$Table)
    humidity_sensor                          0x20000000   Data           2  main.o(.data)
    BlinkLED_01Handle                        0x20000004   Data           4  main.o(.data)
    BlinkLED_02Handle                        0x20000008   Data           4  main.o(.data)
    BlinkLED_03Handle                        0x2000000c   Data           4  main.o(.data)
    ADC_ReadHandle                           0x20000010   Data           4  main.o(.data)
    uwTick                                   0x20000014   Data           4  stm32f4xx_hal.o(.data)
    uwTickPrio                               0x20000018   Data           4  stm32f4xx_hal.o(.data)
    uwTickFreq                               0x2000001c   Data           1  stm32f4xx_hal.o(.data)
    SystemCoreClock                          0x20000020   Data           4  system_stm32f4xx.o(.data)
    pxCurrentTCB                             0x20000024   Data           4  tasks.o(.data)
    Adc_sensor                               0x200000a8   Data          72  main.o(.bss)
    Usart2_data_tx                           0x200000f0   Data          64  main.o(.bss)
    DMA2_adc_pipe                            0x20000130   Data          96  main.o(.bss)
    htim6                                    0x20000190   Data          64  stm32f4xx_hal_timebase_tim.o(.bss)
    xQueueRegistry                           0x200001d0   Data          64  queue.o(.bss)
    __initial_sp                             0x20004ea8   Data           0  startup_stm32f446xx.o(STACK)



==============================================================================

Memory Map of the image

  Image Entry point : 0x080001c5

  Load Region LR_IROM1 (Base: 0x08000000, Size: 0x000052cc, Max: 0x00080000, ABSOLUTE)

    Execution Region ER_IROM1 (Exec base: 0x08000000, Load base: 0x08000000, Size: 0x00005224, Max: 0x00080000, ABSOLUTE)

    Exec Addr    Load Addr    Size         Type   Attr      Idx    E Section Name        Object

    0x08000000   0x08000000   0x000001c4   Data   RO            3    RESET               startup_stm32f446xx.o
    0x080001c4   0x080001c4   0x00000000   Code   RO         5039  * .ARM.Collect$$$$00000000  mc_w.l(entry.o)
    0x080001c4   0x080001c4   0x00000004   Code   RO         5315    .ARM.Collect$$$$00000001  mc_w.l(entry2.o)
    0x080001c8   0x080001c8   0x00000004   Code   RO         5318    .ARM.Collect$$$$00000004  mc_w.l(entry5.o)
    0x080001cc   0x080001cc   0x00000000   Code   RO         5320    .ARM.Collect$$$$00000008  mc_w.l(entry7b.o)
    0x080001cc   0x080001cc   0x00000000   Code   RO         5322    .ARM.Collect$$$$0000000A  mc_w.l(entry8b.o)
    0x080001cc   0x080001cc   0x00000008   Code   RO         5323    .ARM.Collect$$$$0000000B  mc_w.l(entry9a.o)
    0x080001d4   0x080001d4   0x00000000   Code   RO         5325    .ARM.Collect$$$$0000000D  mc_w.l(entry10a.o)
    0x080001d4   0x080001d4   0x00000000   Code   RO         5327    .ARM.Collect$$$$0000000F  mc_w.l(entry11a.o)
    0x080001d4   0x080001d4   0x00000004   Code   RO         5316    .ARM.Collect$$$$00002712  mc_w.l(entry2.o)
    0x080001d8   0x080001d8   0x000000be   Code   RO         4956    .emb_text           port.o
    0x08000296   0x08000296   0x00000002   PAD
    0x08000298   0x08000298   0x00000024   Code   RO            4    .text               startup_stm32f446xx.o
    0x080002bc   0x080002bc   0x00000062   Code   RO         5042    .text               mc_w.l(uldiv.o)
    0x0800031e   0x0800031e   0x00000024   Code   RO         5044    .text               mc_w.l(memcpya.o)
    0x08000342   0x08000342   0x00000024   Code   RO         5048    .text               mc_w.l(memseta.o)
    0x08000366   0x08000366   0x0000000e   Code   RO         5050    .text               mc_w.l(strlen.o)
    0x08000374   0x08000374   0x0000002c   Code   RO         5332    .text               mc_w.l(uidiv.o)
    0x080003a0   0x080003a0   0x0000001e   Code   RO         5334    .text               mc_w.l(llshl.o)
    0x080003be   0x080003be   0x00000020   Code   RO         5336    .text               mc_w.l(llushr.o)
    0x080003de   0x080003de   0x00000002   PAD
    0x080003e0   0x080003e0   0x00000024   Code   RO         5349    .text               mc_w.l(init.o)
    0x08000404   0x08000404   0x0000007e   Code   RO          448    i.ADC_DMAConvCplt   stm32f4xx_hal_adc.o
    0x08000482   0x08000482   0x0000001a   Code   RO          449    i.ADC_DMAError      stm32f4xx_hal_adc.o
    0x0800049c   0x0800049c   0x0000000e   Code   RO          450    i.ADC_DMAHalfConvCplt  stm32f4xx_hal_adc.o
    0x080004aa   0x080004aa   0x00000002   PAD
    0x080004ac   0x080004ac   0x00000010   Code   RO          279    i.ADC_IRQHandler    stm32f4xx_it.o
    0x080004bc   0x080004bc   0x00000160   Code   RO          451    i.ADC_Init          stm32f4xx_hal_adc.o
    0x0800061c   0x0800061c   0x00000018   Code   RO           13    i.Blinky_01         main.o
    0x08000634   0x08000634   0x00000018   Code   RO           14    i.Blinky_02         main.o
    0x0800064c   0x0800064c   0x00000018   Code   RO           15    i.Blinky_03         main.o
    0x08000664   0x08000664   0x00000004   Code   RO          280    i.BusFault_Handler  stm32f4xx_it.o
    0x08000668   0x08000668   0x0000004c   Code   RO           16    i.DMA2_Init         main.o
    0x080006b4   0x080006b4   0x00000010   Code   RO          281    i.DMA2_Stream0_IRQHandler  stm32f4xx_it.o
    0x080006c4   0x080006c4   0x00000044   Code   RO           17    i.DMA2_Transfer_Cmplt_Callback  main.o
    0x08000708   0x08000708   0x00000034   Code   RO         1321    i.DMA_CalcBaseAndBitshift  stm32f4xx_hal_dma.o
    0x0800073c   0x0800073c   0x000000aa   Code   RO         1322    i.DMA_CheckFifoParam  stm32f4xx_hal_dma.o
    0x080007e6   0x080007e6   0x0000002c   Code   RO         1323    i.DMA_SetConfig     stm32f4xx_hal_dma.o
    0x08000812   0x08000812   0x00000002   Code   RO          282    i.DebugMon_Handler  stm32f4xx_it.o
    0x08000814   0x08000814   0x00000002   Code   RO           18    i.Error_Handler     main.o
    0x08000816   0x08000816   0x00000002   Code   RO          622    i.HAL_ADCEx_InjectedConvCpltCallback  stm32f4xx_hal_adc_ex.o
    0x08000818   0x08000818   0x000001a4   Code   RO          453    i.HAL_ADC_ConfigChannel  stm32f4xx_hal_adc.o
    0x080009bc   0x080009bc   0x00000002   Code   RO          454    i.HAL_ADC_ConvCpltCallback  stm32f4xx_hal_adc.o
    0x080009be   0x080009be   0x00000002   Code   RO          455    i.HAL_ADC_ConvHalfCpltCallback  stm32f4xx_hal_adc.o
    0x080009c0   0x080009c0   0x00000002   Code   RO          457    i.HAL_ADC_ErrorCallback  stm32f4xx_hal_adc.o
    0x080009c2   0x080009c2   0x00000174   Code   RO          461    i.HAL_ADC_IRQHandler  stm32f4xx_hal_adc.o
    0x08000b36   0x08000b36   0x00000002   PAD
    0x08000b38   0x08000b38   0x00000068   Code   RO          462    i.HAL_ADC_Init      stm32f4xx_hal_adc.o
    0x08000ba0   0x08000ba0   0x00000002   Code   RO          463    i.HAL_ADC_LevelOutOfWindowCallback  stm32f4xx_hal_adc.o
    0x08000ba2   0x08000ba2   0x00000002   PAD
    0x08000ba4   0x08000ba4   0x00000080   Code   RO          362    i.HAL_ADC_MspInit   stm32f4xx_hal_msp.o
    0x08000c24   0x08000c24   0x00000184   Code   RO          469    i.HAL_ADC_Start_DMA  stm32f4xx_hal_adc.o
    0x08000da8   0x08000da8   0x0000006c   Code   RO          472    i.HAL_ADC_Stop_DMA  stm32f4xx_hal_adc.o
    0x08000e14   0x08000e14   0x000000aa   Code   RO         1324    i.HAL_DMA_Abort     stm32f4xx_hal_dma.o
    0x08000ebe   0x08000ebe   0x00000028   Code   RO         1325    i.HAL_DMA_Abort_IT  stm32f4xx_hal_dma.o
    0x08000ee6   0x08000ee6   0x00000002   PAD
    0x08000ee8   0x08000ee8   0x00000240   Code   RO         1329    i.HAL_DMA_IRQHandler  stm32f4xx_hal_dma.o
    0x08001128   0x08001128   0x000000ec   Code   RO         1330    i.HAL_DMA_Init      stm32f4xx_hal_dma.o
    0x08001214   0x08001214   0x00000092   Code   RO         1334    i.HAL_DMA_Start_IT  stm32f4xx_hal_dma.o
    0x080012a6   0x080012a6   0x00000002   PAD
    0x080012a8   0x080012a8   0x000001f0   Code   RO         1217    i.HAL_GPIO_Init     stm32f4xx_hal_gpio.o
    0x08001498   0x08001498   0x00000012   Code   RO         1220    i.HAL_GPIO_TogglePin  stm32f4xx_hal_gpio.o
    0x080014aa   0x080014aa   0x0000000c   Code   RO         1221    i.HAL_GPIO_WritePin  stm32f4xx_hal_gpio.o
    0x080014b6   0x080014b6   0x00000002   PAD
    0x080014b8   0x080014b8   0x0000000c   Code   RO         1772    i.HAL_GetTick       stm32f4xx_hal.o
    0x080014c4   0x080014c4   0x00000018   Code   RO         1778    i.HAL_IncTick       stm32f4xx_hal.o
    0x080014dc   0x080014dc   0x0000003c   Code   RO         1779    i.HAL_Init          stm32f4xx_hal.o
    0x08001518   0x08001518   0x0000008c   Code   RO          409    i.HAL_InitTick      stm32f4xx_hal_timebase_tim.o
    0x080015a4   0x080015a4   0x000000a8   Code   RO          363    i.HAL_MspInit       stm32f4xx_hal_msp.o
    0x0800164c   0x0800164c   0x00000020   Code   RO         1624    i.HAL_NVIC_EnableIRQ  stm32f4xx_hal_cortex.o
    0x0800166c   0x0800166c   0x0000007c   Code   RO         1630    i.HAL_NVIC_SetPriority  stm32f4xx_hal_cortex.o
    0x080016e8   0x080016e8   0x00000028   Code   RO         1631    i.HAL_NVIC_SetPriorityGrouping  stm32f4xx_hal_cortex.o
    0x08001710   0x08001710   0x00000184   Code   RO          724    i.HAL_RCC_ClockConfig  stm32f4xx_hal_rcc.o
    0x08001894   0x08001894   0x00000044   Code   RO          728    i.HAL_RCC_GetClockConfig  stm32f4xx_hal_rcc.o
    0x080018d8   0x080018d8   0x0000000c   Code   RO          729    i.HAL_RCC_GetHCLKFreq  stm32f4xx_hal_rcc.o
    0x080018e4   0x080018e4   0x00000020   Code   RO          731    i.HAL_RCC_GetPCLK1Freq  stm32f4xx_hal_rcc.o
    0x08001904   0x08001904   0x00000020   Code   RO          732    i.HAL_RCC_GetPCLK2Freq  stm32f4xx_hal_rcc.o
    0x08001924   0x08001924   0x00000118   Code   RO          835    i.HAL_RCC_GetSysClockFreq  stm32f4xx_hal_rcc_ex.o
    0x08001a3c   0x08001a3c   0x00000480   Code   RO          836    i.HAL_RCC_OscConfig  stm32f4xx_hal_rcc_ex.o
    0x08001ebc   0x08001ebc   0x00000002   Code   RO         2705    i.HAL_TIMEx_BreakCallback  stm32f4xx_hal_tim_ex.o
    0x08001ebe   0x08001ebe   0x00000002   Code   RO         2706    i.HAL_TIMEx_CommutCallback  stm32f4xx_hal_tim_ex.o
    0x08001ec0   0x08001ec0   0x00000034   Code   RO         2019    i.HAL_TIM_Base_Init  stm32f4xx_hal_tim.o
    0x08001ef4   0x08001ef4   0x00000002   Code   RO         2021    i.HAL_TIM_Base_MspInit  stm32f4xx_hal_tim.o
    0x08001ef6   0x08001ef6   0x0000002a   Code   RO         2024    i.HAL_TIM_Base_Start_IT  stm32f4xx_hal_tim.o
    0x08001f20   0x08001f20   0x00000002   Code   RO         2048    i.HAL_TIM_IC_CaptureCallback  stm32f4xx_hal_tim.o
    0x08001f22   0x08001f22   0x00000196   Code   RO         2062    i.HAL_TIM_IRQHandler  stm32f4xx_hal_tim.o
    0x080020b8   0x080020b8   0x00000002   Code   RO         2065    i.HAL_TIM_OC_DelayElapsedCallback  stm32f4xx_hal_tim.o
    0x080020ba   0x080020ba   0x00000002   Code   RO         2092    i.HAL_TIM_PWM_PulseFinishedCallback  stm32f4xx_hal_tim.o
    0x080020bc   0x080020bc   0x00000018   Code   RO           19    i.HAL_TIM_PeriodElapsedCallback  main.o
    0x080020d4   0x080020d4   0x00000002   Code   RO         2105    i.HAL_TIM_TriggerCallback  stm32f4xx_hal_tim.o
    0x080020d6   0x080020d6   0x00000002   Code   RO         2977    i.HAL_UART_ErrorCallback  stm32f4xx_hal_uart.o
    0x080020d8   0x080020d8   0x00000154   Code   RO         2980    i.HAL_UART_IRQHandler  stm32f4xx_hal_uart.o
    0x0800222c   0x0800222c   0x00000072   Code   RO         2981    i.HAL_UART_Init     stm32f4xx_hal_uart.o
    0x0800229e   0x0800229e   0x00000002   PAD
    0x080022a0   0x080022a0   0x00000098   Code   RO          365    i.HAL_UART_MspInit  stm32f4xx_hal_msp.o
    0x08002338   0x08002338   0x00000002   Code   RO         2987    i.HAL_UART_RxCpltCallback  stm32f4xx_hal_uart.o
    0x0800233a   0x0800233a   0x00000058   Code   RO         2991    i.HAL_UART_Transmit_IT  stm32f4xx_hal_uart.o
    0x08002392   0x08002392   0x00000002   Code   RO         2992    i.HAL_UART_TxCpltCallback  stm32f4xx_hal_uart.o
    0x08002394   0x08002394   0x00000004   Code   RO          283    i.HardFault_Handler  stm32f4xx_it.o
    0x08002398   0x08002398   0x0000006c   Code   RO           20    i.MX_ADC1_Init      main.o
    0x08002404   0x08002404   0x000000a0   Code   RO           21    i.MX_GPIO_Init      main.o
    0x080024a4   0x080024a4   0x0000003c   Code   RO           22    i.MX_USART2_UART_Init  main.o
    0x080024e0   0x080024e0   0x00000004   Code   RO          284    i.MemManage_Handler  stm32f4xx_it.o
    0x080024e4   0x080024e4   0x00000002   Code   RO          285    i.NMI_Handler       stm32f4xx_it.o
    0x080024e6   0x080024e6   0x00000002   PAD
    0x080024e8   0x080024e8   0x00000034   Code   RO           23    i.SensorRead        main.o
    0x0800251c   0x0800251c   0x00000034   Code   RO         4957    i.SysTick_Handler   port.o
    0x08002550   0x08002550   0x0000009c   Code   RO           24    i.SystemClock_Config  main.o
    0x080025ec   0x080025ec   0x0000001c   Code   RO         3288    i.SystemInit        system_stm32f4xx.o
    0x08002608   0x08002608   0x00000010   Code   RO          286    i.TIM6_DAC_IRQHandler  stm32f4xx_it.o
    0x08002618   0x08002618   0x000000d8   Code   RO         2107    i.TIM_Base_SetConfig  stm32f4xx_hal_tim.o
    0x080026f0   0x080026f0   0x00000014   Code   RO         2994    i.UART_DMAAbortOnError  stm32f4xx_hal_uart.o
    0x08002704   0x08002704   0x00000020   Code   RO         3004    i.UART_EndRxTransfer  stm32f4xx_hal_uart.o
    0x08002724   0x08002724   0x00000020   Code   RO         3005    i.UART_EndTransmit_IT  stm32f4xx_hal_uart.o
    0x08002744   0x08002744   0x000000a6   Code   RO         3007    i.UART_Receive_IT   stm32f4xx_hal_uart.o
    0x080027ea   0x080027ea   0x00000002   PAD
    0x080027ec   0x080027ec   0x000003e8   Code   RO         3008    i.UART_SetConfig    stm32f4xx_hal_uart.o
    0x08002bd4   0x08002bd4   0x00000068   Code   RO         3009    i.UART_Transmit_IT  stm32f4xx_hal_uart.o
    0x08002c3c   0x08002c3c   0x00000010   Code   RO          287    i.USART2_IRQHandler  stm32f4xx_it.o
    0x08002c4c   0x08002c4c   0x00000004   Code   RO          288    i.UsageFault_Handler  stm32f4xx_it.o
    0x08002c50   0x08002c50   0x00000028   Code   RO         5101    i.__0sprintf$1      mc_w.l(printf1.o)
    0x08002c78   0x08002c78   0x00000010   Code   RO         1637    i.__NVIC_GetPriorityGrouping  stm32f4xx_hal_cortex.o
    0x08002c88   0x08002c88   0x00000028   Code   RO         1638    i.__NVIC_SetPriority  stm32f4xx_hal_cortex.o
    0x08002cb0   0x08002cb0   0x00000006   Code   RO         4462    i.__get_BASEPRI     cmsis_os2.o
    0x08002cb6   0x08002cb6   0x00000006   Code   RO         4463    i.__get_IPSR        cmsis_os2.o
    0x08002cbc   0x08002cbc   0x00000006   Code   RO         4464    i.__get_PRIMASK     cmsis_os2.o
    0x08002cc2   0x08002cc2   0x0000000e   Code   RO         5359    i.__scatterload_copy  mc_w.l(handlers.o)
    0x08002cd0   0x08002cd0   0x00000002   Code   RO         5360    i.__scatterload_null  mc_w.l(handlers.o)
    0x08002cd2   0x08002cd2   0x0000000e   Code   RO         5361    i.__scatterload_zeroinit  mc_w.l(handlers.o)
    0x08002ce0   0x08002ce0   0x00000154   Code   RO         5106    i._printf_core      mc_w.l(printf1.o)
    0x08002e34   0x08002e34   0x0000000a   Code   RO         5108    i._sputc            mc_w.l(printf1.o)
    0x08002e3e   0x08002e3e   0x00000002   PAD
    0x08002e40   0x08002e40   0x0000003c   Code   RO         3903    i.eTaskConfirmSleepModeStatus  tasks.o
    0x08002e7c   0x08002e7c   0x0000008c   Code   RO           25    i.main              main.o
    0x08002f08   0x08002f08   0x00000038   Code   RO         4465    i.osDelay           cmsis_os2.o
    0x08002f40   0x08002f40   0x00000040   Code   RO         4479    i.osKernelInitialize  cmsis_os2.o
    0x08002f80   0x08002f80   0x00000048   Code   RO         4482    i.osKernelStart     cmsis_os2.o
    0x08002fc8   0x08002fc8   0x000000d4   Code   RO         4515    i.osThreadNew       cmsis_os2.o
    0x0800309c   0x0800309c   0x0000007c   Code   RO         3906    i.prvAddCurrentTaskToDelayedList  tasks.o
    0x08003118   0x08003118   0x000000b8   Code   RO         3907    i.prvAddNewTaskToReadyList  tasks.o
    0x080031d0   0x080031d0   0x00000074   Code   RO         4286    i.prvCheckForValidListAndQueue  timers.o
    0x08003244   0x08003244   0x00000048   Code   RO         3908    i.prvCheckTasksWaitingTermination  tasks.o
    0x0800328c   0x0800328c   0x0000002a   Code   RO         3492    i.prvCopyDataFromQueue  queue.o
    0x080032b6   0x080032b6   0x0000007e   Code   RO         3493    i.prvCopyDataToQueue  queue.o
    0x08003334   0x08003334   0x00000050   Code   RO         3909    i.prvDeleteTCB      tasks.o
    0x08003384   0x08003384   0x00000048   Code   RO         3910    i.prvGetExpectedIdleTime  tasks.o
    0x080033cc   0x080033cc   0x00000028   Code   RO         4287    i.prvGetNextExpireTime  timers.o
    0x080033f4   0x080033f4   0x0000007c   Code   RO         4907    i.prvHeapInit       heap_4.o
    0x08003470   0x08003470   0x0000007c   Code   RO         3911    i.prvIdleTask       tasks.o
    0x080034ec   0x080034ec   0x0000002a   Code   RO         3496    i.prvInitialiseNewQueue  queue.o
    0x08003516   0x08003516   0x000000be   Code   RO         3912    i.prvInitialiseNewTask  tasks.o
    0x080035d4   0x080035d4   0x00000068   Code   RO         3913    i.prvInitialiseTaskLists  tasks.o
    0x0800363c   0x0800363c   0x00000068   Code   RO         4908    i.prvInsertBlockIntoFreeList  heap_4.o
    0x080036a4   0x080036a4   0x00000058   Code   RO         4289    i.prvInsertTimerInActiveList  timers.o
    0x080036fc   0x080036fc   0x0000001a   Code   RO         3497    i.prvIsQueueEmpty   queue.o
    0x08003716   0x08003716   0x0000001e   Code   RO         3498    i.prvIsQueueFull    queue.o
    0x08003734   0x08003734   0x00000074   Code   RO         4290    i.prvProcessExpiredTimer  timers.o
    0x080037a8   0x080037a8   0x00000164   Code   RO         4291    i.prvProcessReceivedCommands  timers.o
    0x0800390c   0x0800390c   0x00000074   Code   RO         4292    i.prvProcessTimerOrBlockTask  timers.o
    0x08003980   0x08003980   0x00000034   Code   RO         3915    i.prvResetNextTaskUnblockTime  tasks.o
    0x080039b4   0x080039b4   0x0000002c   Code   RO         4293    i.prvSampleTimeNow  timers.o
    0x080039e0   0x080039e0   0x000000a4   Code   RO         4294    i.prvSwitchTimerLists  timers.o
    0x08003a84   0x08003a84   0x00000040   Code   RO         4958    i.prvTaskExitError  port.o
    0x08003ac4   0x08003ac4   0x0000001a   Code   RO         4295    i.prvTimerTask      timers.o
    0x08003ade   0x08003ade   0x0000007e   Code   RO         3499    i.prvUnlockQueue    queue.o
    0x08003b5c   0x08003b5c   0x0000013c   Code   RO         4909    i.pvPortMalloc      heap_4.o
    0x08003c98   0x08003c98   0x0000002c   Code   RO         4959    i.pxPortInitialiseStack  port.o
    0x08003cc4   0x08003cc4   0x00000028   Code   RO         3452    i.uxListRemove      list.o
    0x08003cec   0x08003cec   0x00000018   Code   RO         4527    i.vApplicationGetIdleTaskMemory  cmsis_os2.o
    0x08003d04   0x08003d04   0x00000018   Code   RO         4528    i.vApplicationGetTimerTaskMemory  cmsis_os2.o
    0x08003d1c   0x08003d1c   0x0000001a   Code   RO         3453    i.vListInitialise   list.o
    0x08003d36   0x08003d36   0x00000006   Code   RO         3454    i.vListInitialiseItem  list.o
    0x08003d3c   0x08003d3c   0x00000034   Code   RO         3455    i.vListInsert       list.o
    0x08003d70   0x08003d70   0x00000018   Code   RO         3456    i.vListInsertEnd    list.o
    0x08003d88   0x08003d88   0x00000054   Code   RO         4961    i.vPortEnterCritical  port.o
    0x08003ddc   0x08003ddc   0x0000003c   Code   RO         4962    i.vPortExitCritical  port.o
    0x08003e18   0x08003e18   0x00000094   Code   RO         4910    i.vPortFree         heap_4.o
    0x08003eac   0x08003eac   0x00000068   Code   RO         4963    i.vPortSetupTimerInterrupt  port.o
    0x08003f14   0x08003f14   0x0000014c   Code   RO         4964    i.vPortSuppressTicksAndSleep  port.o
    0x08004060   0x08004060   0x00000078   Code   RO         4965    i.vPortValidateInterruptPriority  port.o
    0x080040d8   0x080040d8   0x0000002c   Code   RO         3505    i.vQueueAddToRegistry  queue.o
    0x08004104   0x08004104   0x0000004a   Code   RO         3509    i.vQueueWaitForMessageRestricted  queue.o
    0x0800414e   0x0800414e   0x00000002   PAD
    0x08004150   0x08004150   0x0000005c   Code   RO         3927    i.vTaskDelay        tasks.o
    0x080041ac   0x080041ac   0x00000018   Code   RO         3932    i.vTaskInternalSetTimeOutState  tasks.o
    0x080041c4   0x080041c4   0x0000000c   Code   RO         3933    i.vTaskMissedYield  tasks.o
    0x080041d0   0x080041d0   0x00000038   Code   RO         3935    i.vTaskPlaceOnEventList  tasks.o
    0x08004208   0x08004208   0x00000040   Code   RO         3936    i.vTaskPlaceOnEventListRestricted  tasks.o
    0x08004248   0x08004248   0x000000b8   Code   RO         3944    i.vTaskStartScheduler  tasks.o
    0x08004300   0x08004300   0x00000040   Code   RO         3945    i.vTaskStepTick     tasks.o
    0x08004340   0x08004340   0x00000010   Code   RO         3947    i.vTaskSuspendAll   tasks.o
    0x08004350   0x08004350   0x00000090   Code   RO         3948    i.vTaskSwitchContext  tasks.o
    0x080043e0   0x080043e0   0x00000168   Code   RO         4966    i.xPortStartScheduler  port.o
    0x08004548   0x08004548   0x000000e0   Code   RO         3515    i.xQueueGenericCreateStatic  queue.o
    0x08004628   0x08004628   0x00000098   Code   RO         3516    i.xQueueGenericReset  queue.o
    0x080046c0   0x080046c0   0x000001a8   Code   RO         3517    i.xQueueGenericSend  queue.o
    0x08004868   0x08004868   0x000000f8   Code   RO         3518    i.xQueueGenericSendFromISR  queue.o
    0x08004960   0x08004960   0x00000168   Code   RO         3527    i.xQueueReceive     queue.o
    0x08004ac8   0x08004ac8   0x0000008c   Code   RO         3949    i.xTaskCheckForTimeOut  tasks.o
    0x08004b54   0x08004b54   0x00000064   Code   RO         3950    i.xTaskCreate       tasks.o
    0x08004bb8   0x08004bb8   0x000000ba   Code   RO         3951    i.xTaskCreateStatic  tasks.o
    0x08004c72   0x08004c72   0x00000002   PAD
    0x08004c74   0x08004c74   0x00000020   Code   RO         3955    i.xTaskGetSchedulerState  tasks.o
    0x08004c94   0x08004c94   0x0000000c   Code   RO         3956    i.xTaskGetTickCount  tasks.o
    0x08004ca0   0x08004ca0   0x00000144   Code   RO         3958    i.xTaskIncrementTick  tasks.o
    0x08004de4   0x08004de4   0x000000a4   Code   RO         3961    i.xTaskPriorityDisinherit  tasks.o
    0x08004e88   0x08004e88   0x0000009c   Code   RO         3963    i.xTaskRemoveFromEventList  tasks.o
    0x08004f24   0x08004f24   0x00000104   Code   RO         3964    i.xTaskResumeAll    tasks.o
    0x08005028   0x08005028   0x00000078   Code   RO         4303    i.xTimerCreateTimerTask  timers.o
    0x080050a0   0x080050a0   0x00000084   Code   RO         4304    i.xTimerGenericCommand  timers.o
    0x08005124   0x08005124   0x00000090   Data   RO           27    .constdata          main.o
    0x080051b4   0x080051b4   0x00000008   Data   RO         1336    .constdata          stm32f4xx_hal_dma.o
    0x080051bc   0x080051bc   0x00000018   Data   RO         3289    .constdata          system_stm32f4xx.o
    0x080051d4   0x080051d4   0x0000002d   Data   RO           28    .conststring        main.o
    0x08005201   0x08005201   0x00000003   PAD
    0x08005204   0x08005204   0x00000020   Data   RO         5357    Region$$Table       anon$$obj.o


    Execution Region RW_IRAM1 (Exec base: 0x20000000, Load base: 0x08005224, Size: 0x00004ea8, Max: 0x00020000, ABSOLUTE)

    Exec Addr    Load Addr    Size         Type   Attr      Idx    E Section Name        Object

    0x20000000   0x08005224   0x00000014   Data   RW           29    .data               main.o
    0x20000014   0x08005238   0x00000009   Data   RW         1786    .data               stm32f4xx_hal.o
    0x2000001d   0x08005241   0x00000003   PAD
    0x20000020   0x08005244   0x00000004   Data   RW         3290    .data               system_stm32f4xx.o
    0x20000024   0x08005248   0x0000003c   Data   RW         3967    .data               tasks.o
    0x20000060   0x08005284   0x00000014   Data   RW         4312    .data               timers.o
    0x20000074   0x08005298   0x00000004   Data   RW         4530    .data               cmsis_os2.o
    0x20000078   0x0800529c   0x00000018   Data   RW         4915    .data               heap_4.o
    0x20000090   0x080052b4   0x00000018   Data   RW         4967    .data               port.o
    0x200000a8        -       0x000000e8   Zero   RW           26    .bss                main.o
    0x20000190        -       0x00000040   Zero   RW          412    .bss                stm32f4xx_hal_timebase_tim.o
    0x200001d0        -       0x00000040   Zero   RW         3531    .bss                queue.o
    0x20000210        -       0x000004c4   Zero   RW         3966    .bss                tasks.o
    0x200006d4        -       0x00000118   Zero   RW         4311    .bss                timers.o
    0x200007ec        -       0x000006b8   Zero   RW         4529    .bss                cmsis_os2.o
    0x20000ea4        -       0x00003c00   Zero   RW         4914    .bss                heap_4.o
    0x20004aa4   0x080052cc   0x00000004   PAD
    0x20004aa8        -       0x00000400   Zero   RW            1    STACK               startup_stm32f446xx.o


==============================================================================

Image component sizes


      Code (inc. data)   RO Data    RW Data    ZI Data      Debug   Object Name

       470         38          0          4       1720      31750   cmsis_os2.o
         0          0          0          0          0      18516   event_groups.o
       692         62          0         24      15360       5063   heap_4.o
       148          0          0          0          0       3854   list.o
       918        166        189         20        232     746889   main.o
      1410        118          0         24          0      13602   port.o
      1918         20          0          0         64      18108   queue.o
        36          8        452          0       1024        884   startup_stm32f446xx.o
        96         20          0          9          0       8226   stm32f4xx_hal.o
      1918         68          0          0          0      10300   stm32f4xx_hal_adc.o
         2          0          0          0          0       1105   stm32f4xx_hal_adc_ex.o
       252         22          0          0          0      33966   stm32f4xx_hal_cortex.o
      1434         16          8          0          0       7462   stm32f4xx_hal_dma.o
       526         40          0          0          0       3113   stm32f4xx_hal_gpio.o
       448         34          0          0          0       2535   stm32f4xx_hal_msp.o
       532         56          0          0          0       4235   stm32f4xx_hal_rcc.o
      1432         40          0          0          0       2838   stm32f4xx_hal_rcc_ex.o
       726         46          0          0          0       6806   stm32f4xx_hal_tim.o
         4          0          0          0          0       1713   stm32f4xx_hal_tim_ex.o
       140         18          0          0         64       1587   stm32f4xx_hal_timebase_tim.o
      1902         12          0          0          0       9298   stm32f4xx_hal_uart.o
        84         24          0          0          0       5178   stm32f4xx_it.o
         0          0          0          0          0        392   stream_buffer.o
        28          4         24          4          0       1275   system_stm32f4xx.o
      3092        400          0         60       1220      31192   tasks.o
      1318        124          0         20        280      33627   timers.o

    ----------------------------------------------------------------------
     19550       1336        708        168      19968    1003514   Object Totals
         0          0         32          0          0          0   (incl. Generated)
        24          0          3          3          4          0   (incl. Padding)

    ----------------------------------------------------------------------

      Code (inc. data)   RO Data    RW Data    ZI Data      Debug   Library Member Name

         0          0          0          0          0          0   entry.o
         0          0          0          0          0          0   entry10a.o
         0          0          0          0          0          0   entry11a.o
         8          4          0          0          0          0   entry2.o
         4          0          0          0          0          0   entry5.o
         0          0          0          0          0          0   entry7b.o
         0          0          0          0          0          0   entry8b.o
         8          4          0          0          0          0   entry9a.o
        30          0          0          0          0          0   handlers.o
        36          8          0          0          0         68   init.o
        30          0          0          0          0         68   llshl.o
        32          0          0          0          0         68   llushr.o
        36          0          0          0          0         68   memcpya.o
        36          0          0          0          0        108   memseta.o
       390         10          0          0          0        252   printf1.o
        14          0          0          0          0         68   strlen.o
        44          0          0          0          0         80   uidiv.o
        98          0          0          0          0         92   uldiv.o

    ----------------------------------------------------------------------
       770         26          0          0          0        872   Library Totals
         4          0          0          0          0          0   (incl. Padding)

    ----------------------------------------------------------------------

      Code (inc. data)   RO Data    RW Data    ZI Data      Debug   Library Name

       766         26          0          0          0        872   mc_w.l

    ----------------------------------------------------------------------
       770         26          0          0          0        872   Library Totals

    ----------------------------------------------------------------------

==============================================================================


      Code (inc. data)   RO Data    RW Data    ZI Data      Debug   

     20320       1362        708        168      19968     987726   Grand Totals
     20320       1362        708        168      19968     987726   ELF Image Totals
     20320       1362        708        168          0          0   ROM Totals

==============================================================================

    Total RO  Size (Code + RO Data)                21028 (  20.54kB)
    Total RW  Size (RW Data + ZI Data)             20136 (  19.66kB)
    Total ROM Size (Code + RO Data + RW Data)      21196 (  20.70kB)

==============================================================================

