Component: ARM Compiler 5.06 update 6 (build 750) Tool: armlink [4d35ed]

==============================================================================

Section Cross References

    startup_stm32f446xx.o(RESET) refers to startup_stm32f446xx.o(STACK) for __initial_sp
    startup_stm32f446xx.o(RESET) refers to startup_stm32f446xx.o(.text) for Reset_Handler
    startup_stm32f446xx.o(RESET) refers to stm32f4xx_it.o(i.NMI_Handler) for NMI_Handler
    startup_stm32f446xx.o(RESET) refers to stm32f4xx_it.o(i.HardFault_Handler) for HardFault_Handler
    startup_stm32f446xx.o(RESET) refers to stm32f4xx_it.o(i.MemManage_Handler) for MemManage_Handler
    startup_stm32f446xx.o(RESET) refers to stm32f4xx_it.o(i.BusFault_Handler) for BusFault_Handler
    startup_stm32f446xx.o(RESET) refers to stm32f4xx_it.o(i.UsageFault_Handler) for UsageFault_Handler
    startup_stm32f446xx.o(RESET) refers to port.o(.emb_text) for SVC_Handler
    startup_stm32f446xx.o(RESET) refers to stm32f4xx_it.o(i.DebugMon_Handler) for DebugMon_Handler
    startup_stm32f446xx.o(RESET) refers to port.o(i.SysTick_Handler) for SysTick_Handler
    startup_stm32f446xx.o(RESET) refers to stm32f4xx_it.o(i.DMA1_Stream4_IRQHandler) for DMA1_Stream4_IRQHandler
    startup_stm32f446xx.o(RESET) refers to stm32f4xx_it.o(i.I2C1_EV_IRQHandler) for I2C1_EV_IRQHandler
    startup_stm32f446xx.o(RESET) refers to stm32f4xx_it.o(i.I2C1_ER_IRQHandler) for I2C1_ER_IRQHandler
    startup_stm32f446xx.o(RESET) refers to stm32f4xx_it.o(i.SPI2_IRQHandler) for SPI2_IRQHandler
    startup_stm32f446xx.o(RESET) refers to stm32f4xx_it.o(i.USART2_IRQHandler) for USART2_IRQHandler
    startup_stm32f446xx.o(RESET) refers to stm32f4xx_it.o(i.EXTI15_10_IRQHandler) for EXTI15_10_IRQHandler
    startup_stm32f446xx.o(RESET) refers to stm32f4xx_it.o(i.TIM6_DAC_IRQHandler) for TIM6_DAC_IRQHandler
    startup_stm32f446xx.o(RESET) refers to stm32f4xx_it.o(i.DMA2_Stream0_IRQHandler) for DMA2_Stream0_IRQHandler
    startup_stm32f446xx.o(.text) refers to system_stm32f4xx.o(i.SystemInit) for SystemInit
    startup_stm32f446xx.o(.text) refers to entry.o(.ARM.Collect$$$$00000000) for __main
    main.o(i.DMA1_Stream4_Init) refers to stm32f4xx_hal_dma.o(i.HAL_DMA_Init) for HAL_DMA_Init
    main.o(i.DMA1_Stream4_Init) refers to main.o(i.Error_Handler) for Error_Handler
    main.o(i.DMA1_Stream4_Init) refers to stm32f4xx_hal_cortex.o(i.HAL_NVIC_SetPriority) for HAL_NVIC_SetPriority
    main.o(i.DMA1_Stream4_Init) refers to stm32f4xx_hal_cortex.o(i.HAL_NVIC_EnableIRQ) for HAL_NVIC_EnableIRQ
    main.o(i.DMA1_Stream4_Init) refers to main.o(.bss) for DMA1_oled_pipe
    main.o(i.DMA1_Stream6_Init) refers to stm32f4xx_hal_dma.o(i.HAL_DMA_Init) for HAL_DMA_Init
    main.o(i.DMA1_Stream6_Init) refers to main.o(i.Error_Handler) for Error_Handler
    main.o(i.DMA1_Stream6_Init) refers to stm32f4xx_hal_cortex.o(i.HAL_NVIC_SetPriority) for HAL_NVIC_SetPriority
    main.o(i.DMA1_Stream6_Init) refers to stm32f4xx_hal_cortex.o(i.HAL_NVIC_EnableIRQ) for HAL_NVIC_EnableIRQ
    main.o(i.DMA1_Stream6_Init) refers to main.o(.bss) for DMA1_esp8266_pipe
    main.o(i.DMA2_Stream0_Init) refers to stm32f4xx_hal_dma.o(i.HAL_DMA_Init) for HAL_DMA_Init
    main.o(i.DMA2_Stream0_Init) refers to main.o(i.Error_Handler) for Error_Handler
    main.o(i.DMA2_Stream0_Init) refers to stm32f4xx_hal_cortex.o(i.HAL_NVIC_SetPriority) for HAL_NVIC_SetPriority
    main.o(i.DMA2_Stream0_Init) refers to stm32f4xx_hal_cortex.o(i.HAL_NVIC_EnableIRQ) for HAL_NVIC_EnableIRQ
    main.o(i.DMA2_Stream0_Init) refers to main.o(.bss) for DMA2_adc_pipe
    main.o(i.HAL_ADC_ConvCpltCallback) refers to printf1.o(i.__0sprintf$1) for __2sprintf
    main.o(i.HAL_ADC_ConvCpltCallback) refers to cmsis_os2.o(i.osSemaphoreRelease) for osSemaphoreRelease
    main.o(i.HAL_ADC_ConvCpltCallback) refers to strlen.o(.text) for strlen
    main.o(i.HAL_ADC_ConvCpltCallback) refers to stm32f4xx_hal_uart.o(i.HAL_UART_Transmit_IT) for HAL_UART_Transmit_IT
    main.o(i.HAL_ADC_ConvCpltCallback) refers to main.o(.data) for plant_sensors
    main.o(i.HAL_ADC_ConvCpltCallback) refers to main.o(.bss) for Uart2_debug
    main.o(i.HAL_I2C_SlaveRxCpltCallback) refers to stm32f4xx_hal_i2c.o(i.HAL_I2C_Slave_Transmit) for HAL_I2C_Slave_Transmit
    main.o(i.HAL_I2C_SlaveRxCpltCallback) refers to cmsis_os2.o(i.osSemaphoreAcquire) for osSemaphoreAcquire
    main.o(i.HAL_I2C_SlaveRxCpltCallback) refers to stm32f4xx_hal_i2c.o(i.HAL_I2C_Slave_Receive) for HAL_I2C_Slave_Receive
    main.o(i.HAL_I2C_SlaveRxCpltCallback) refers to cmsis_os2.o(i.osSemaphoreRelease) for osSemaphoreRelease
    main.o(i.HAL_I2C_SlaveRxCpltCallback) refers to stm32f4xx_hal_i2c.o(i.HAL_I2C_Slave_Receive_IT) for HAL_I2C_Slave_Receive_IT
    main.o(i.HAL_I2C_SlaveRxCpltCallback) refers to main.o(.data) for espCmdCode
    main.o(i.HAL_SPI_TxCpltCallback) refers to main.o(.data) for SSD1306_OledDisp
    main.o(i.HAL_TIM_PeriodElapsedCallback) refers to stm32f4xx_hal.o(i.HAL_IncTick) for HAL_IncTick
[...]
    prvResetNextTaskUnblockTime              0x08005e99   Thumb Code    42  tasks.o(i.prvResetNextTaskUnblockTime)
    i.prvSampleTimeNow                       0x08005ecc   Section        0  timers.o(i.prvSampleTimeNow)
    prvSampleTimeNow                         0x08005ecd   Thumb Code    40  timers.o(i.prvSampleTimeNow)
    i.prvSwitchTimerLists                    0x08005ef8   Section        0  timers.o(i.prvSwitchTimerLists)
    prvSwitchTimerLists                      0x08005ef9   Thumb Code   154  timers.o(i.prvSwitchTimerLists)
    i.prvTaskExitError                       0x08005f9c   Section        0  port.o(i.prvTaskExitError)
    prvTaskExitError                         0x08005f9d   Thumb Code    60  port.o(i.prvTaskExitError)
    i.prvTimerTask                           0x08005fdc   Section        0  timers.o(i.prvTimerTask)
    prvTimerTask                             0x08005fdd   Thumb Code    26  timers.o(i.prvTimerTask)
    i.prvUnlockQueue                         0x08005ff6   Section        0  queue.o(i.prvUnlockQueue)
    prvUnlockQueue                           0x08005ff7   Thumb Code   126  queue.o(i.prvUnlockQueue)
    i.pvPortMalloc                           0x08006074   Section        0  heap_4.o(i.pvPortMalloc)
    i.pvTaskIncrementMutexHeldCount          0x080061b0   Section        0  tasks.o(i.pvTaskIncrementMutexHeldCount)
    i.pxPortInitialiseStack                  0x080061d0   Section        0  port.o(i.pxPortInitialiseStack)
    i.ssd1306_SPI_WriteCmd                   0x080061fc   Section        0  ssd1306.o(i.ssd1306_SPI_WriteCmd)
    i.ssd1306_SPI_WriteDisp                  0x08006224   Section        0  ssd1306.o(i.ssd1306_SPI_WriteDisp)
    i.uxListRemove                           0x08006260   Section        0  list.o(i.uxListRemove)
    i.vApplicationGetIdleTaskMemory          0x08006288   Section        0  cmsis_os2.o(i.vApplicationGetIdleTaskMemory)
    i.vApplicationGetTimerTaskMemory         0x080062a0   Section        0  cmsis_os2.o(i.vApplicationGetTimerTaskMemory)
    i.vListInitialise                        0x080062b8   Section        0  list.o(i.vListInitialise)
    i.vListInitialiseItem                    0x080062d2   Section        0  list.o(i.vListInitialiseItem)
    i.vListInsert                            0x080062d8   Section        0  list.o(i.vListInsert)
    i.vListInsertEnd                         0x0800630c   Section        0  list.o(i.vListInsertEnd)
    i.vPortEnterCritical                     0x08006324   Section        0  port.o(i.vPortEnterCritical)
    i.vPortExitCritical                      0x08006378   Section        0  port.o(i.vPortExitCritical)
    i.vPortFree                              0x080063b4   Section        0  heap_4.o(i.vPortFree)
    i.vPortSetupTimerInterrupt               0x08006448   Section        0  port.o(i.vPortSetupTimerInterrupt)
    i.vPortValidateInterruptPriority         0x08006470   Section        0  port.o(i.vPortValidateInterruptPriority)
    i.vQueueAddToRegistry                    0x080064e8   Section        0  queue.o(i.vQueueAddToRegistry)
    i.vQueueDelete                           0x08006514   Section        0  queue.o(i.vQueueDelete)
    i.vQueueUnregisterQueue                  0x08006548   Section        0  queue.o(i.vQueueUnregisterQueue)
    i.vQueueWaitForMessageRestricted         0x08006578   Section        0  queue.o(i.vQueueWaitForMessageRestricted)
    i.vTaskDelay                             0x080065c4   Section        0  tasks.o(i.vTaskDelay)
    i.vTaskInternalSetTimeOutState           0x08006620   Section        0  tasks.o(i.vTaskInternalSetTimeOutState)
    i.vTaskMissedYield                       0x08006638   Section        0  tasks.o(i.vTaskMissedYield)
    i.vTaskPlaceOnEventList                  0x08006644   Section        0  tasks.o(i.vTaskPlaceOnEventList)
    i.vTaskPlaceOnEventListRestricted        0x0800667c   Section        0  tasks.o(i.vTaskPlaceOnEventListRestricted)
    i.vTaskPriorityDisinheritAfterTimeout    0x080066bc   Section        0  tasks.o(i.vTaskPriorityDisinheritAfterTimeout)
    i.vTaskStartScheduler                    0x0800678c   Section        0  tasks.o(i.vTaskStartScheduler)
    i.vTaskSuspendAll                        0x08006844   Section        0  tasks.o(i.vTaskSuspendAll)
    i.vTaskSwitchContext                     0x08006854   Section        0  tasks.o(i.vTaskSwitchContext)
    i.xPortStartScheduler                    0x080068e4   Section        0  port.o(i.xPortStartScheduler)
    i.xQueueCreateCountingSemaphore          0x08006a4c   Section        0  queue.o(i.xQueueCreateCountingSemaphore)
    i.xQueueCreateCountingSemaphoreStatic    0x08006aa8   Section        0  queue.o(i.xQueueCreateCountingSemaphoreStatic)
    i.xQueueGenericCreate                    0x08006b0c   Section        0  queue.o(i.xQueueGenericCreate)
    i.xQueueGenericCreateStatic              0x08006b6c   Section        0  queue.o(i.xQueueGenericCreateStatic)
    i.xQueueGenericReset                     0x08006c4c   Section        0  queue.o(i.xQueueGenericReset)
    i.xQueueGenericSend                      0x08006ce4   Section        0  queue.o(i.xQueueGenericSend)
    i.xQueueGenericSendFromISR               0x08006e8c   Section        0  queue.o(i.xQueueGenericSendFromISR)
    i.xQueueGiveFromISR                      0x08006f84   Section        0  queue.o(i.xQueueGiveFromISR)
    i.xQueueReceive                          0x08007064   Section        0  queue.o(i.xQueueReceive)
    i.xQueueReceiveFromISR                   0x080071cc   Section        0  queue.o(i.xQueueReceiveFromISR)
    i.xQueueSemaphoreTake                    0x08007298   Section        0  queue.o(i.xQueueSemaphoreTake)
    i.xTaskCheckForTimeOut                   0x08007450   Section        0  tasks.o(i.xTaskCheckForTimeOut)
    i.xTaskCreate                            0x080074dc   Section        0  tasks.o(i.xTaskCreate)
    i.xTaskCreateStatic                      0x08007540   Section        0  tasks.o(i.xTaskCreateStatic)
    i.xTaskGetSchedulerState                 0x080075fc   Section        0  tasks.o(i.xTaskGetSchedulerState)
    i.xTaskGetTickCount                      0x0800761c   Section        0  tasks.o(i.xTaskGetTickCount)
    i.xTaskIncrementTick                     0x08007628   Section        0  tasks.o(i.xTaskIncrementTick)
    i.xTaskPriorityDisinherit                0x0800776c   Section        0  tasks.o(i.xTaskPriorityDisinherit)
    i.xTaskPriorityInherit                   0x08007810   Section        0  tasks.o(i.xTaskPriorityInherit)
    i.xTaskRemoveFromEventList               0x080078b4   Section        0  tasks.o(i.xTaskRemoveFromEventList)
    i.xTaskResumeAll                         0x0800794c   Section        0  tasks.o(i.xTaskResumeAll)
    i.xTimerCreateTimerTask                  0x08007a50   Section        0  timers.o(i.xTimerCreateTimerTask)
    i.xTimerGenericCommand                   0x08007ac8   Section        0  timers.o(i.xTimerGenericCommand)
    .constdata                               0x08007b4c   Section      268  main.o(.constdata)
    .constdata                               0x08007c58   Section        8  stm32f4xx_hal_dma.o(.constdata)
    flagBitshiftOffset                       0x08007c58   Data           8  stm32f4xx_hal_dma.o(.constdata)
    .constdata                               0x08007c60   Section       24  system_stm32f4xx.o(.constdata)
    .constdata                               0x08007c78   Section    10260  fonts.o(.constdata)
    .conststring                             0x0800a48c   Section       87  main.o(.conststring)
    .data                                    0x20000000   Section       61  main.o(.data)
    xPosText                                 0x2000003c   Data           1  main.o(.data)
    .data                                    0x20000040   Section        9  stm32f4xx_hal.o(.data)
    .data                                    0x2000004c   Section        4  system_stm32f4xx.o(.data)
    .data                                    0x20000050   Section       60  tasks.o(.data)
    pxDelayedTaskList                        0x20000054   Data           4  tasks.o(.data)
    pxOverflowDelayedTaskList                0x20000058   Data           4  tasks.o(.data)
    uxDeletedTasksWaitingCleanUp             0x2000005c   Data           4  tasks.o(.data)
    uxCurrentNumberOfTasks                   0x20000060   Data           4  tasks.o(.data)
    xTickCount                               0x20000064   Data           4  tasks.o(.data)
    uxTopReadyPriority                       0x20000068   Data           4  tasks.o(.data)
    xSchedulerRunning                        0x2000006c   Data           4  tasks.o(.data)
    uxPendedTicks                            0x20000070   Data           4  tasks.o(.data)
    xYieldPending                            0x20000074   Data           4  tasks.o(.data)
    xNumOfOverflows                          0x20000078   Data           4  tasks.o(.data)
    uxTaskNumber                             0x2000007c   Data           4  tasks.o(.data)
    xNextTaskUnblockTime                     0x20000080   Data           4  tasks.o(.data)
    xIdleTaskHandle                          0x20000084   Data           4  tasks.o(.data)
    uxSchedulerSuspended                     0x20000088   Data           4  tasks.o(.data)
    .data                                    0x2000008c   Section       20  timers.o(.data)
    pxCurrentTimerList                       0x2000008c   Data           4  timers.o(.data)
    pxOverflowTimerList                      0x20000090   Data           4  timers.o(.data)
    xTimerQueue                              0x20000094   Data           4  timers.o(.data)
    xTimerTaskHandle                         0x20000098   Data           4  timers.o(.data)
    xLastTime                                0x2000009c   Data           4  timers.o(.data)
    .data                                    0x200000a0   Section        4  cmsis_os2.o(.data)
    KernelState                              0x200000a0   Data           4  cmsis_os2.o(.data)
    .data                                    0x200000a4   Section       24  heap_4.o(.data)
    xStart                                   0x200000a4   Data           8  heap_4.o(.data)
    pxEnd                                    0x200000ac   Data           4  heap_4.o(.data)
    xFreeBytesRemaining                      0x200000b0   Data           4  heap_4.o(.data)
    xMinimumEverFreeBytesRemaining           0x200000b4   Data           4  heap_4.o(.data)
    xBlockAllocatedBit                       0x200000b8   Data           4  heap_4.o(.data)
    .data                                    0x200000bc   Section       12  port.o(.data)
    uxCriticalNesting                        0x200000bc   Data           4  port.o(.data)
    ucMaxSysCallPriority                     0x200000c0   Data           1  port.o(.data)
    ulMaxPRIGROUPValue                       0x200000c4   Data           4  port.o(.data)
    .data                                    0x200000c8   Section       24  fonts.o(.data)
    .bss                                     0x200000e0   Section      596  main.o(.bss)
    .bss                                     0x20000334   Section       64  stm32f4xx_hal_timebase_tim.o(.bss)
    .bss                                     0x20000374   Section       64  queue.o(.bss)
    .bss                                     0x200003b4   Section     1220  tasks.o(.bss)
    pxReadyTasksLists                        0x200003b4   Data        1120  tasks.o(.bss)
    xDelayedTaskList1                        0x20000814   Data          20  tasks.o(.bss)
    xDelayedTaskList2                        0x20000828   Data          20  tasks.o(.bss)
    xPendingReadyList                        0x2000083c   Data          20  tasks.o(.bss)
    xTasksWaitingTermination                 0x20000850   Data          20  tasks.o(.bss)
    xSuspendedTaskList                       0x20000864   Data          20  tasks.o(.bss)
    .bss                                     0x20000878   Section      280  timers.o(.bss)
    xActiveTimerList1                        0x20000878   Data          20  timers.o(.bss)
    xActiveTimerList2                        0x2000088c   Data          20  timers.o(.bss)
    xStaticTimerQueue                        0x200008a0   Data          80  timers.o(.bss)
    ucStaticTimerQueueStorage                0x200008f0   Data         160  timers.o(.bss)
    .bss                                     0x20000990   Section     1720  cmsis_os2.o(.bss)
    Idle_TCB                                 0x20000990   Data          92  cmsis_os2.o(.bss)
    Idle_Stack                               0x200009ec   Data         512  cmsis_os2.o(.bss)
    Timer_TCB                                0x20000bec   Data          92  cmsis_os2.o(.bss)
    Timer_Stack                              0x20000c48   Data        1024  cmsis_os2.o(.bss)
    .bss                                     0x20001048   Section    15360  heap_4.o(.bss)
    ucHeap                                   0x20001048   Data       15360  heap_4.o(.bss)
    .bss                                     0x20004c48   Section      512  ssd1306.o(.bss)
    SSD1306_Buffer                           0x20004c48   Data         512  ssd1306.o(.bss)
    STACK                                    0x20004e48   Section     1024  startup_stm32f446xx.o(STACK)

    Global Symbols

    Symbol Name                              Value     Ov Type        Size  Object(Section)

    BuildAttributes$$THM_ISAv4$E$P$D$K$B$S$7EM$VFPi3$EXTD16$VFPS$VFMA$PE$A:L22UL41UL21$X:L11$S22US41US21$IEEE1$IW$USESV6$~STKCKD$USESV7$~SHL$OSPACE$ROPI$EBA8$MICROLIB$REQ8$PRES8$EABIv2 0x00000000   Number         0  anon$$obj.o ABSOLUTE
    __ARM_use_no_argv                        0x00000000   Number         0  main.o ABSOLUTE
    _printf_a                                0x00000000   Number         0  stubs.o ABSOLUTE
    _printf_c                                0x00000000   Number         0  stubs.o ABSOLUTE
    _printf_charcount                        0x00000000   Number         0  stubs.o ABSOLUTE
    _printf_d                                0x00000000   Number         0  stubs.o ABSOLUTE
    _printf_e                                0x00000000   Number         0  stubs.o ABSOLUTE
    _printf_f                                0x00000000   Number         0  stubs.o ABSOLUTE
    _printf_flags                            0x00000000   Number         0  stubs.o ABSOLUTE
    _printf_fp_dec                           0x00000000   Number         0  stubs.o ABSOLUTE
    _printf_fp_hex                           0x00000000   Number         0  stubs.o ABSOLUTE
    _printf_g                                0x00000000   Number         0  stubs.o ABSOLUTE
    _printf_i                                0x00000000   Number         0  stubs.o ABSOLUTE
    _printf_int_dec                          0x00000000   Number         0  stubs.o ABSOLUTE
    _printf_l                                0x00000000   Number         0  stubs.o ABSOLUTE
    _printf_lc                               0x00000000   Number         0  stubs.o ABSOLUTE
    _printf_ll                               0x00000000   Number         0  stubs.o ABSOLUTE
    _printf_lld                              0x00000000   Number         0  stubs.o ABSOLUTE
    _printf_lli                              0x00000000   Number         0  stubs.o ABSOLUTE
    _printf_llo                              0x00000000   Number         0  stubs.o ABSOLUTE
    _printf_llu                              0x00000000   Number         0  stubs.o ABSOLUTE
    _printf_llx                              0x00000000   Number         0  stubs.o ABSOLUTE
    _printf_longlong_dec                     0x00000000   Number         0  stubs.o ABSOLUTE
    _printf_longlong_hex                     0x00000000   Number         0  stubs.o ABSOLUTE
    _printf_longlong_oct                     0x00000000   Number         0  stubs.o ABSOLUTE
    _printf_ls                               0x00000000   Number         0  stubs.o ABSOLUTE
    _printf_mbtowc                           0x00000000   Number         0  stubs.o ABSOLUTE
    _printf_n                                0x00000000   Number         0  stubs.o ABSOLUTE
    _printf_o                                0x00000000   Number         0  stubs.o ABSOLUTE
    _printf_p                                0x00000000   Number         0  stubs.o ABSOLUTE
    _printf_percent                          0x00000000   Number         0  stubs.o ABSOLUTE
    _printf_pre_padding                      0x00000000   Number         0  stubs.o ABSOLUTE
    _printf_return_value                     0x00000000   Number         0  stubs.o ABSOLUTE
    _printf_s                                0x00000000   Number         0  stubs.o ABSOLUTE
    _printf_sizespec                         0x00000000   Number         0  stubs.o ABSOLUTE
    _printf_str                              0x00000000   Number         0  stubs.o ABSOLUTE
    _printf_truncate_signed                  0x00000000   Number         0  stubs.o ABSOLUTE
    _printf_truncate_unsigned                0x00000000   Number         0  stubs.o ABSOLUTE
    _printf_u                                0x00000000   Number         0  stubs.o ABSOLUTE
    _printf_wc                               0x00000000   Number         0  stubs.o ABSOLUTE
    _printf_wctomb                           0x00000000   Number         0  stubs.o ABSOLUTE
    _printf_widthprec                        0x00000000   Number         0  stubs.o ABSOLUTE
    _printf_x                                0x00000000   Number         0  stubs.o ABSOLUTE
    __cpp_initialize__aeabi_                  - Undefined Weak Reference
    __cxa_finalize                            - Undefined Weak Reference
    __decompress                              - Undefined Weak Reference
    _clock_init                               - Undefined Weak Reference
    _microlib_exit                            - Undefined Weak Reference
    __Vectors_Size                           0x000001c4   Number         0  startup_stm32f446xx.o ABSOLUTE
    __Vectors                                0x08000000   Data           4  startup_stm32f446xx.o(RESET)
    __Vectors_End                            0x080001c4   Data           0  startup_stm32f446xx.o(RESET)
    __main                                   0x080001c5   Thumb Code     0  entry.o(.ARM.Collect$$$$00000000)
    _main_stk                                0x080001c5   Thumb Code     0  entry2.o(.ARM.Collect$$$$00000001)
    _main_scatterload                        0x080001c9   Thumb Code     0  entry5.o(.ARM.Collect$$$$00000004)
    __main_after_scatterload                 0x080001cd   Thumb Code     0  entry5.o(.ARM.Collect$$$$00000004)
    _main_clock                              0x080001cd   Thumb Code     0  entry7b.o(.ARM.Collect$$$$00000008)
    _main_cpp_init                           0x080001cd   Thumb Code     0  entry8b.o(.ARM.Collect$$$$0000000A)
    _main_init                               0x080001cd   Thumb Code     0  entry9a.o(.ARM.Collect$$$$0000000B)
    __rt_final_cpp                           0x080001d5   Thumb Code     0  entry10a.o(.ARM.Collect$$$$0000000D)
    __rt_final_exit                          0x080001d5   Thumb Code     0  entry11a.o(.ARM.Collect$$$$0000000F)
    SVC_Handler                              0x080001d9   Thumb Code    28  port.o(.emb_text)
    __asm___6_port_c_39a90d8d__prvStartFirstTask 0x080001f9   Thumb Code    36  port.o(.emb_text)
    __asm___6_port_c_39a90d8d__prvEnableVFP  0x08000221   Thumb Code    16  port.o(.emb_text)
    PendSV_Handler                           0x08000235   Thumb Code    88  port.o(.emb_text)
    vPortGetIPSR                             0x08000291   Thumb Code     6  port.o(.emb_text)
    Reset_Handler                            0x08000299   Thumb Code     8  startup_stm32f446xx.o(.text)
    ADC_IRQHandler                           0x080002b3   Thumb Code     0  startup_stm32f446xx.o(.text)
    CAN1_RX0_IRQHandler                      0x080002b3   Thumb Code     0  startup_stm32f446xx.o(.text)
    CAN1_RX1_IRQHandler                      0x080002b3   Thumb Code     0  startup_stm32f446xx.o(.text)
    CAN1_SCE_IRQHandler                      0x080002b3   Thumb Code     0  startup_stm32f446xx.o(.text)
    CAN1_TX_IRQHandler                       0x080002b3   Thumb Code     0  startup_stm32f446xx.o(.text)
    CAN2_RX0_IRQHandler                      0x080002b3   Thumb Code     0  startup_stm32f446xx.o(.text)
    CAN2_RX1_IRQHandler                      0x080002b3   Thumb Code     0  startup_stm32f446xx.o(.text)
    CAN2_SCE_IRQHandler                      0x080002b3   Thumb Code     0  startup_stm32f446xx.o(.text)
    CAN2_TX_IRQHandler                       0x080002b3   Thumb Code     0  startup_stm32f446xx.o(.text)
    CEC_IRQHandler                           0x080002b3   Thumb Code     0  startup_stm32f446xx.o(.text)
    DCMI_IRQHandler                          0x080002b3   Thumb Code     0  startup_stm32f446xx.o(.text)
    DMA1_Stream0_IRQHandler                  0x080002b3   Thumb Code     0  startup_stm32f446xx.o(.text)
    DMA1_Stream1_IRQHandler                  0x080002b3   Thumb Code     0  startup_stm32f446xx.o(.text)
    DMA1_Stream2_IRQHandler                  0x080002b3   Thumb Code     0  startup_stm32f446xx.o(.text)
    DMA1_Stream3_IRQHandler                  0x080002b3   Thumb Code     0  startup_stm32f446xx.o(.text)
    DMA1_Stream5_IRQHandler                  0x080002b3   Thumb Code     0  startup_stm32f446xx.o(.text)
    DMA1_Stream6_IRQHandler                  0x080002b3   Thumb Code     0  startup_stm32f446xx.o(.text)
    DMA1_Stream7_IRQHandler                  0x080002b3   Thumb Code     0  startup_stm32f446xx.o(.text)
    DMA2_Stream1_IRQHandler                  0x080002b3   Thumb Code     0  startup_stm32f446xx.o(.text)
    DMA2_Stream2_IRQHandler                  0x080002b3   Thumb Code     0  startup_stm32f446xx.o(.text)
    DMA2_Stream3_IRQHandler                  0x080002b3   Thumb Code     0  startup_stm32f446xx.o(.text)
    DMA2_Stream4_IRQHandler                  0x080002b3   Thumb Code     0  startup_stm32f446xx.o(.text)
    DMA2_Stream5_IRQHandler                  0x080002b3   Thumb Code     0  startup_stm32f446xx.o(.text)
    DMA2_Stream6_IRQHandler                  0x080002b3   Thumb Code     0  startup_stm32f446xx.o(.text)
    DMA2_Stream7_IRQHandler                  0x080002b3   Thumb Code     0  startup_stm32f446xx.o(.text)
    EXTI0_IRQHandler                         0x080002b3   Thumb Code     0  startup_stm32f446xx.o(.text)
    EXTI1_IRQHandler                         0x080002b3   Thumb Code     0  startup_stm32f446xx.o(.text)
    EXTI2_IRQHandler                         0x080002b3   Thumb Code     0  startup_stm32f446xx.o(.text)
    EXTI3_IRQHandler                         0x080002b3   Thumb Code     0  startup_stm32f446xx.o(.text)
    EXTI4_IRQHandler                         0x080002b3   Thumb Code     0  startup_stm32f446xx.o(.text)
    EXTI9_5_IRQHandler                       0x080002b3   Thumb Code     0  startup_stm32f446xx.o(.text)
    FLASH_IRQHandler                         0x080002b3   Thumb Code     0  startup_stm32f446xx.o(.text)
    FMC_IRQHandler                           0x080002b3   Thumb Code     0  startup_stm32f446xx.o(.text)
    FMPI2C1_ER_IRQHandler                    0x080002b3   Thumb Code     0  startup_stm32f446xx.o(.text)
    FMPI2C1_EV_IRQHandler                    0x080002b3   Thumb Code     0  startup_stm32f446xx.o(.text)
    FPU_IRQHandler                           0x080002b3   Thumb Code     0  startup_stm32f446xx.o(.text)
    I2C2_ER_IRQHandler                       0x080002b3   Thumb Code     0  startup_stm32f446xx.o(.text)
    I2C2_EV_IRQHandler                       0x080002b3   Thumb Code     0  startup_stm32f446xx.o(.text)
    I2C3_ER_IRQHandler                       0x080002b3   Thumb Code     0  startup_stm32f446xx.o(.text)
    I2C3_EV_IRQHandler                       0x080002b3   Thumb Code     0  startup_stm32f446xx.o(.text)
    OTG_FS_IRQHandler                        0x080002b3   Thumb Code     0  startup_stm32f446xx.o(.text)
    OTG_FS_WKUP_IRQHandler                   0x080002b3   Thumb Code     0  startup_stm32f446xx.o(.text)
    OTG_HS_EP1_IN_IRQHandler                 0x080002b3   Thumb Code     0  startup_stm32f446xx.o(.text)
    OTG_HS_EP1_OUT_IRQHandler                0x080002b3   Thumb Code     0  startup_stm32f446xx.o(.text)
    OTG_HS_IRQHandler                        0x080002b3   Thumb Code     0  startup_stm32f446xx.o(.text)
    OTG_HS_WKUP_IRQHandler                   0x080002b3   Thumb Code     0  startup_stm32f446xx.o(.text)
    PVD_IRQHandler                           0x080002b3   Thumb Code     0  startup_stm32f446xx.o(.text)
    QUADSPI_IRQHandler                       0x080002b3   Thumb Code     0  startup_stm32f446xx.o(.text)
    RCC_IRQHandler                           0x080002b3   Thumb Code     0  startup_stm32f446xx.o(.text)
    RTC_Alarm_IRQHandler                     0x080002b3   Thumb Code     0  startup_stm32f446xx.o(.text)
    RTC_WKUP_IRQHandler                      0x080002b3   Thumb Code     0  startup_stm32f446xx.o(.text)
    SAI1_IRQHandler                          0x080002b3   Thumb Code     0  startup_stm32f446xx.o(.text)
    SAI2_IRQHandler                          0x080002b3   Thumb Code     0  startup_stm32f446xx.o(.text)
    SDIO_IRQHandler                          0x080002b3   Thumb Code     0  startup_stm32f446xx.o(.text)
    SPDIF_RX_IRQHandler                      0x080002b3   Thumb Code     0  startup_stm32f446xx.o(.text)
    SPI1_IRQHandler                          0x080002b3   Thumb Code     0  startup_stm32f446xx.o(.text)
    SPI3_IRQHandler                          0x080002b3   Thumb Code     0  startup_stm32f446xx.o(.text)
    SPI4_IRQHandler                          0x080002b3   Thumb Code     0  startup_stm32f446xx.o(.text)
    TAMP_STAMP_IRQHandler                    0x080002b3   Thumb Code     0  startup_stm32f446xx.o(.text)
    TIM1_BRK_TIM9_IRQHandler                 0x080002b3   Thumb Code     0  startup_stm32f446xx.o(.text)
    TIM1_CC_IRQHandler                       0x080002b3   Thumb Code     0  startup_stm32f446xx.o(.text)
    TIM1_TRG_COM_TIM11_IRQHandler            0x080002b3   Thumb Code     0  startup_stm32f446xx.o(.text)
    TIM1_UP_TIM10_IRQHandler                 0x080002b3   Thumb Code     0  startup_stm32f446xx.o(.text)
    TIM2_IRQHandler                          0x080002b3   Thumb Code     0  startup_stm32f446xx.o(.text)
    TIM3_IRQHandler                          0x080002b3   Thumb Code     0  startup_stm32f446xx.o(.text)
    TIM4_IRQHandler                          0x080002b3   Thumb Code     0  startup_stm32f446xx.o(.text)
    TIM5_IRQHandler                          0x080002b3   Thumb Code     0  startup_stm32f446xx.o(.text)
    TIM7_IRQHandler                          0x080002b3   Thumb Code     0  startup_stm32f446xx.o(.text)
    TIM8_BRK_TIM12_IRQHandler                0x080002b3   Thumb Code     0  startup_stm32f446xx.o(.text)
    TIM8_CC_IRQHandler                       0x080002b3   Thumb Code     0  startup_stm32f446xx.o(.text)
    TIM8_TRG_COM_TIM14_IRQHandler            0x080002b3   Thumb Code     0  startup_stm32f446xx.o(.text)
    TIM8_UP_TIM13_IRQHandler                 0x080002b3   Thumb Code     0  startup_stm32f446xx.o(.text)
    UART4_IRQHandler                         0x080002b3   Thumb Code     0  startup_stm32f446xx.o(.text)
    UART5_IRQHandler                         0x080002b3   Thumb Code     0  startup_stm32f446xx.o(.text)
    USART1_IRQHandler                        0x080002b3   Thumb Code     0  startup_stm32f446xx.o(.text)
    USART3_IRQHandler                        0x080002b3   Thumb Code     0  startup_stm32f446xx.o(.text)
    USART6_IRQHandler                        0x080002b3   Thumb Code     0  startup_stm32f446xx.o(.text)
    WWDG_IRQHandler                          0x080002b3   Thumb Code     0  startup_stm32f446xx.o(.text)
    __aeabi_uldivmod                         0x080002bd   Thumb Code    98  uldiv.o(.text)
    __aeabi_memcpy                           0x0800031f   Thumb Code    36  memcpya.o(.text)
    __aeabi_memcpy4                          0x0800031f   Thumb Code     0  memcpya.o(.text)
    __aeabi_memcpy8                          0x0800031f   Thumb Code     0  memcpya.o(.text)
    __aeabi_memset                           0x08000343   Thumb Code    14  memseta.o(.text)
    __aeabi_memset4                          0x08000343   Thumb Code     0  memseta.o(.text)
    __aeabi_memset8                          0x08000343   Thumb Code     0  memseta.o(.text)
    __aeabi_memclr                           0x08000351   Thumb Code     4  memseta.o(.text)
    __aeabi_memclr4                          0x08000351   Thumb Code     0  memseta.o(.text)
    __aeabi_memclr8                          0x08000351   Thumb Code     0  memseta.o(.text)
    memset                                   0x08000355   Thumb Code    18  memseta.o(.text)
    strlen                                   0x08000367   Thumb Code    14  strlen.o(.text)
    __aeabi_uidiv                            0x08000375   Thumb Code     0  uidiv.o(.text)
    __aeabi_uidivmod                         0x08000375   Thumb Code    44  uidiv.o(.text)
    __aeabi_llsl                             0x080003a1   Thumb Code    30  llshl.o(.text)
    _ll_shift_l                              0x080003a1   Thumb Code     0  llshl.o(.text)
    __aeabi_llsr                             0x080003bf   Thumb Code    32  llushr.o(.text)
    _ll_ushift_r                             0x080003bf   Thumb Code     0  llushr.o(.text)
    __scatterload                            0x080003e1   Thumb Code    28  init.o(.text)
    __scatterload_rt2                        0x080003e1   Thumb Code     0  init.o(.text)
    BusFault_Handler                         0x0800060d   Thumb Code     4  stm32f4xx_it.o(i.BusFault_Handler)
    DMA1_Stream4_IRQHandler                  0x08000611   Thumb Code    10  stm32f4xx_it.o(i.DMA1_Stream4_IRQHandler)
    DMA2_Stream0_IRQHandler                  0x08000725   Thumb Code    10  stm32f4xx_it.o(i.DMA2_Stream0_IRQHandler)
    DebugMon_Handler                         0x080008c7   Thumb Code     2  stm32f4xx_it.o(i.DebugMon_Handler)
    EXTI15_10_IRQHandler                     0x080008c9   Thumb Code    32  stm32f4xx_it.o(i.EXTI15_10_IRQHandler)
    Error_Handler                            0x080008ed   Thumb Code     2  main.o(i.Error_Handler)
    HAL_ADC_ConfigChannel                    0x080008f1   Thumb Code   400  stm32f4xx_hal_adc.o(i.HAL_ADC_ConfigChannel)
    HAL_ADC_ConvCpltCallback                 0x08000a95   Thumb Code    50  main.o(i.HAL_ADC_ConvCpltCallback)
    HAL_ADC_ConvHalfCpltCallback             0x08000ae1   Thumb Code     2  stm32f4xx_hal_adc.o(i.HAL_ADC_ConvHalfCpltCallback)
    HAL_ADC_ErrorCallback                    0x08000ae3   Thumb Code     2  stm32f4xx_hal_adc.o(i.HAL_ADC_ErrorCallback)
    HAL_ADC_Init                             0x08000ae5   Thumb Code   100  stm32f4xx_hal_adc.o(i.HAL_ADC_Init)
    HAL_ADC_MspInit                          0x08000b4d   Thumb Code   134  stm32f4xx_hal_msp.o(i.HAL_ADC_MspInit)
    HAL_ADC_Start_DMA                        0x08000be1   Thumb Code   352  stm32f4xx_hal_adc.o(i.HAL_ADC_Start_DMA)
    HAL_DMA_Abort_IT                         0x08000d65   Thumb Code    40  stm32f4xx_hal_dma.o(i.HAL_DMA_Abort_IT)
    HAL_DMA_GetState                         0x08000d8d   Thumb Code     8  stm32f4xx_hal_dma.o(i.HAL_DMA_GetState)
    HAL_DMA_IRQHandler                       0x08000d95   Thumb Code   570  stm32f4xx_hal_dma.o(i.HAL_DMA_IRQHandler)
    HAL_DMA_Init                             0x08000fd5   Thumb Code   232  stm32f4xx_hal_dma.o(i.HAL_DMA_Init)
    HAL_DMA_Start_IT                         0x080010c1   Thumb Code   146  stm32f4xx_hal_dma.o(i.HAL_DMA_Start_IT)
    HAL_Delay                                0x08001155   Thumb Code    36  stm32f4xx_hal.o(i.HAL_Delay)
    HAL_GPIO_EXTI_Callback                   0x0800117d   Thumb Code     2  stm32f4xx_hal_gpio.o(i.HAL_GPIO_EXTI_Callback)
    HAL_GPIO_EXTI_IRQHandler                 0x08001181   Thumb Code    24  stm32f4xx_hal_gpio.o(i.HAL_GPIO_EXTI_IRQHandler)
    HAL_GPIO_Init                            0x0800119d   Thumb Code   456  stm32f4xx_hal_gpio.o(i.HAL_GPIO_Init)
    HAL_GPIO_WritePin                        0x0800138d   Thumb Code    12  stm32f4xx_hal_gpio.o(i.HAL_GPIO_WritePin)
    HAL_GetTick                              0x08001399   Thumb Code     6  stm32f4xx_hal.o(i.HAL_GetTick)
    HAL_I2C_AbortCpltCallback                0x080013a5   Thumb Code     2  stm32f4xx_hal_i2c.o(i.HAL_I2C_AbortCpltCallback)
    HAL_I2C_AddrCallback                     0x080013a7   Thumb Code     2  stm32f4xx_hal_i2c.o(i.HAL_I2C_AddrCallback)
    HAL_I2C_ER_IRQHandler                    0x080013a9   Thumb Code   212  stm32f4xx_hal_i2c.o(i.HAL_I2C_ER_IRQHandler)
    HAL_I2C_EV_IRQHandler                    0x0800147d   Thumb Code   452  stm32f4xx_hal_i2c.o(i.HAL_I2C_EV_IRQHandler)
    HAL_I2C_ErrorCallback                    0x08001641   Thumb Code     2  stm32f4xx_hal_i2c.o(i.HAL_I2C_ErrorCallback)
    HAL_I2C_Init                             0x08001645   Thumb Code   446  stm32f4xx_hal_i2c.o(i.HAL_I2C_Init)
    HAL_I2C_ListenCpltCallback               0x08001815   Thumb Code     2  stm32f4xx_hal_i2c.o(i.HAL_I2C_ListenCpltCallback)
    HAL_I2C_MasterRxCpltCallback             0x08001817   Thumb Code     2  stm32f4xx_hal_i2c.o(i.HAL_I2C_MasterRxCpltCallback)
    HAL_I2C_MasterTxCpltCallback             0x08001819   Thumb Code     2  stm32f4xx_hal_i2c.o(i.HAL_I2C_MasterTxCpltCallback)
    HAL_I2C_MemRxCpltCallback                0x0800181b   Thumb Code     2  stm32f4xx_hal_i2c.o(i.HAL_I2C_MemRxCpltCallback)
    HAL_I2C_MemTxCpltCallback                0x0800181d   Thumb Code     2  stm32f4xx_hal_i2c.o(i.HAL_I2C_MemTxCpltCallback)
    HAL_I2C_MspInit                          0x08001821   Thumb Code   156  stm32f4xx_hal_msp.o(i.HAL_I2C_MspInit)
    HAL_I2C_SlaveRxCpltCallback              0x080018c9   Thumb Code   108  main.o(i.HAL_I2C_SlaveRxCpltCallback)
    HAL_I2C_SlaveTxCpltCallback              0x08001949   Thumb Code     2  stm32f4xx_hal_i2c.o(i.HAL_I2C_SlaveTxCpltCallback)
    HAL_I2C_Slave_Receive                    0x0800194d   Thumb Code   376  stm32f4xx_hal_i2c.o(i.HAL_I2C_Slave_Receive)
    HAL_I2C_Slave_Receive_IT                 0x08001acd   Thumb Code   146  stm32f4xx_hal_i2c.o(i.HAL_I2C_Slave_Receive_IT)
    HAL_I2C_Slave_Transmit                   0x08001b65   Thumb Code   396  stm32f4xx_hal_i2c.o(i.HAL_I2C_Slave_Transmit)
    HAL_IncTick                              0x08001cf9   Thumb Code    16  stm32f4xx_hal.o(i.HAL_IncTick)
    HAL_Init                                 0x08001d11   Thumb Code    54  stm32f4xx_hal.o(i.HAL_Init)
    HAL_InitTick                             0x08001d4d   Thumb Code   122  stm32f4xx_hal_timebase_tim.o(i.HAL_InitTick)
    HAL_MspInit                              0x08001dd9   Thumb Code    78  stm32f4xx_hal_msp.o(i.HAL_MspInit)
    HAL_NVIC_EnableIRQ                       0x08001e2d   Thumb Code    32  stm32f4xx_hal_cortex.o(i.HAL_NVIC_EnableIRQ)
    HAL_NVIC_SetPriority                     0x08001e4d   Thumb Code   124  stm32f4xx_hal_cortex.o(i.HAL_NVIC_SetPriority)
    HAL_NVIC_SetPriorityGrouping             0x08001ec9   Thumb Code    32  stm32f4xx_hal_cortex.o(i.HAL_NVIC_SetPriorityGrouping)
    HAL_PWREx_EnableOverDrive                0x08001ef1   Thumb Code   128  stm32f4xx_hal_pwr_ex.o(i.HAL_PWREx_EnableOverDrive)
    HAL_RCC_ClockConfig                      0x08001f7d   Thumb Code   368  stm32f4xx_hal_rcc.o(i.HAL_RCC_ClockConfig)
    HAL_RCC_GetClockConfig                   0x08002101   Thumb Code    58  stm32f4xx_hal_rcc.o(i.HAL_RCC_GetClockConfig)
    HAL_RCC_GetHCLKFreq                      0x08002145   Thumb Code     6  stm32f4xx_hal_rcc.o(i.HAL_RCC_GetHCLKFreq)
    HAL_RCC_GetPCLK1Freq                     0x08002151   Thumb Code    22  stm32f4xx_hal_rcc.o(i.HAL_RCC_GetPCLK1Freq)
    HAL_RCC_GetPCLK2Freq                     0x08002171   Thumb Code    22  stm32f4xx_hal_rcc.o(i.HAL_RCC_GetPCLK2Freq)
    HAL_RCC_GetSysClockFreq                  0x08002191   Thumb Code   266  stm32f4xx_hal_rcc_ex.o(i.HAL_RCC_GetSysClockFreq)
    HAL_RCC_OscConfig                        0x080022a9   Thumb Code  1142  stm32f4xx_hal_rcc_ex.o(i.HAL_RCC_OscConfig)
    HAL_SPI_ErrorCallback                    0x08002729   Thumb Code     2  stm32f4xx_hal_spi.o(i.HAL_SPI_ErrorCallback)
    HAL_SPI_GetState                         0x0800272b   Thumb Code     8  stm32f4xx_hal_spi.o(i.HAL_SPI_GetState)
    HAL_SPI_IRQHandler                       0x08002735   Thumb Code   342  stm32f4xx_hal_spi.o(i.HAL_SPI_IRQHandler)
    HAL_SPI_Init                             0x08002891   Thumb Code   140  stm32f4xx_hal_spi.o(i.HAL_SPI_Init)
    HAL_SPI_MspInit                          0x0800291d   Thumb Code   158  stm32f4xx_hal_msp.o(i.HAL_SPI_MspInit)
    HAL_SPI_Transmit                         0x080029c9   Thumb Code   418  stm32f4xx_hal_spi.o(i.HAL_SPI_Transmit)
    HAL_SPI_Transmit_DMA                     0x08002b6d   Thumb Code   228  stm32f4xx_hal_spi.o(i.HAL_SPI_Transmit_DMA)
    HAL_SPI_TxCpltCallback                   0x08002c5d   Thumb Code     8  main.o(i.HAL_SPI_TxCpltCallback)
    HAL_SPI_TxHalfCpltCallback               0x08002c69   Thumb Code     2  stm32f4xx_hal_spi.o(i.HAL_SPI_TxHalfCpltCallback)
    HAL_TIMEx_BreakCallback                  0x08002c6b   Thumb Code     2  stm32f4xx_hal_tim_ex.o(i.HAL_TIMEx_BreakCallback)
    HAL_TIMEx_CommutCallback                 0x08002c6d   Thumb Code     2  stm32f4xx_hal_tim_ex.o(i.HAL_TIMEx_CommutCallback)
    HAL_TIM_Base_Init                        0x08002c6f   Thumb Code    52  stm32f4xx_hal_tim.o(i.HAL_TIM_Base_Init)
    HAL_TIM_Base_MspInit                     0x08002ca3   Thumb Code     2  stm32f4xx_hal_tim.o(i.HAL_TIM_Base_MspInit)
    HAL_TIM_Base_Start_IT                    0x08002ca5   Thumb Code    42  stm32f4xx_hal_tim.o(i.HAL_TIM_Base_Start_IT)
    HAL_TIM_IC_CaptureCallback               0x08002ccf   Thumb Code     2  stm32f4xx_hal_tim.o(i.HAL_TIM_IC_CaptureCallback)
    HAL_TIM_IRQHandler                       0x08002cd1   Thumb Code   406  stm32f4xx_hal_tim.o(i.HAL_TIM_IRQHandler)
    HAL_TIM_OC_DelayElapsedCallback          0x08002e67   Thumb Code     2  stm32f4xx_hal_tim.o(i.HAL_TIM_OC_DelayElapsedCallback)
    HAL_TIM_PWM_PulseFinishedCallback        0x08002e69   Thumb Code     2  stm32f4xx_hal_tim.o(i.HAL_TIM_PWM_PulseFinishedCallback)
    HAL_TIM_PeriodElapsedCallback            0x08002e6d   Thumb Code    18  main.o(i.HAL_TIM_PeriodElapsedCallback)
    HAL_TIM_TriggerCallback                  0x08002e85   Thumb Code     2  stm32f4xx_hal_tim.o(i.HAL_TIM_TriggerCallback)
    HAL_UART_ErrorCallback                   0x08002e87   Thumb Code     2  stm32f4xx_hal_uart.o(i.HAL_UART_ErrorCallback)
    HAL_UART_IRQHandler                      0x08002e89   Thumb Code   336  stm32f4xx_hal_uart.o(i.HAL_UART_IRQHandler)
    HAL_UART_Init                            0x08002fdd   Thumb Code   114  stm32f4xx_hal_uart.o(i.HAL_UART_Init)
    HAL_UART_MspInit                         0x08003051   Thumb Code   138  stm32f4xx_hal_msp.o(i.HAL_UART_MspInit)
    HAL_UART_RxCpltCallback                  0x080030e9   Thumb Code     2  stm32f4xx_hal_uart.o(i.HAL_UART_RxCpltCallback)
    HAL_UART_Transmit_IT                     0x080030eb   Thumb Code    88  stm32f4xx_hal_uart.o(i.HAL_UART_Transmit_IT)
    HAL_UART_TxCpltCallback                  0x08003143   Thumb Code     2  stm32f4xx_hal_uart.o(i.HAL_UART_TxCpltCallback)
    HardFault_Handler                        0x08003145   Thumb Code     4  stm32f4xx_it.o(i.HardFault_Handler)
    I2C1_ER_IRQHandler                       0x08003149   Thumb Code    10  stm32f4xx_it.o(i.I2C1_ER_IRQHandler)
    I2C1_EV_IRQHandler                       0x08003159   Thumb Code    10  stm32f4xx_it.o(i.I2C1_EV_IRQHandler)
    MemManage_Handler                        0x08004245   Thumb Code     4  stm32f4xx_it.o(i.MemManage_Handler)
    NMI_Handler                              0x08004249   Thumb Code     2  stm32f4xx_it.o(i.NMI_Handler)
    OLED_Write                               0x0800424d   Thumb Code   112  main.o(i.OLED_Write)
    Publish_ESP8266                          0x080042d9   Thumb Code    12  main.o(i.Publish_ESP8266)
    SPI2_IRQHandler                          0x080042e5   Thumb Code    10  stm32f4xx_it.o(i.SPI2_IRQHandler)
    SSD1306_Clear                            0x080044d5   Thumb Code    14  ssd1306.o(i.SSD1306_Clear)
    SSD1306_DeInit                           0x080044e5   Thumb Code    66  ssd1306.o(i.SSD1306_DeInit)
    SSD1306_DrawBitmap                       0x08004531   Thumb Code   122  ssd1306.o(i.SSD1306_DrawBitmap)
    SSD1306_DrawPixel                        0x080045ad   Thumb Code   152  ssd1306.o(i.SSD1306_DrawPixel)
    SSD1306_Fill                             0x0800464d   Thumb Code    26  ssd1306.o(i.SSD1306_Fill)
    SSD1306_GotoXY                           0x0800466d   Thumb Code     8  ssd1306.o(i.SSD1306_GotoXY)
    SSD1306_Init                             0x08004679   Thumb Code   218  ssd1306.o(i.SSD1306_Init)
    SSD1306_Putc                             0x08004761   Thumb Code   164  ssd1306.o(i.SSD1306_Putc)
    SSD1306_Puts                             0x08004809   Thumb Code    42  ssd1306.o(i.SSD1306_Puts)
    SSD1306_Reset                            0x08004835   Thumb Code    30  ssd1306.o(i.SSD1306_Reset)
    SSD1306_Switch                           0x08004859   Thumb Code    20  ssd1306.o(i.SSD1306_Switch)
    SSD1306_UpdateScreen                     0x08004871   Thumb Code    16  ssd1306.o(i.SSD1306_UpdateScreen)
    SensorRead                               0x08004885   Thumb Code    34  main.o(i.SensorRead)
    SysTick_Handler                          0x080048b5   Thumb Code    46  port.o(i.SysTick_Handler)
    SystemClock_Config                       0x080048e9   Thumb Code   184  main.o(i.SystemClock_Config)
    SystemInit                               0x080049a9   Thumb Code    24  system_stm32f4xx.o(i.SystemInit)
    TIM6_DAC_IRQHandler                      0x080049c5   Thumb Code    10  stm32f4xx_it.o(i.TIM6_DAC_IRQHandler)
    TIM_Base_SetConfig                       0x080049d5   Thumb Code   170  stm32f4xx_hal_tim.o(i.TIM_Base_SetConfig)
    USART2_IRQHandler                        0x08004ff9   Thumb Code    10  stm32f4xx_it.o(i.USART2_IRQHandler)
    UsageFault_Handler                       0x08005009   Thumb Code     4  stm32f4xx_it.o(i.UsageFault_Handler)
    __0sprintf$1                             0x0800500d   Thumb Code    34  printf1.o(i.__0sprintf$1)
    __1sprintf$1                             0x0800500d   Thumb Code     0  printf1.o(i.__0sprintf$1)
    __2sprintf                               0x0800500d   Thumb Code     0  printf1.o(i.__0sprintf$1)
    __scatterload_copy                       0x0800507f   Thumb Code    14  handlers.o(i.__scatterload_copy)
    __scatterload_null                       0x0800508d   Thumb Code     2  handlers.o(i.__scatterload_null)
    __scatterload_zeroinit                   0x0800508f   Thumb Code    14  handlers.o(i.__scatterload_zeroinit)
    main                                     0x080051fd   Thumb Code   144  main.o(i.main)
    osDelay                                  0x080052c9   Thumb Code    50  cmsis_os2.o(i.osDelay)
    osKernelInitialize                       0x08005301   Thumb Code    58  cmsis_os2.o(i.osKernelInitialize)
    osKernelStart                            0x08005341   Thumb Code    68  cmsis_os2.o(i.osKernelStart)
    osSemaphoreAcquire                       0x08005389   Thumb Code   124  cmsis_os2.o(i.osSemaphoreAcquire)
    osSemaphoreNew                           0x0800540d   Thumb Code   226  cmsis_os2.o(i.osSemaphoreNew)
    osSemaphoreRelease                       0x080054f5   Thumb Code   108  cmsis_os2.o(i.osSemaphoreRelease)
    osThreadNew                              0x08005569   Thumb Code   208  cmsis_os2.o(i.osThreadNew)
    pvPortMalloc                             0x08006075   Thumb Code   296  heap_4.o(i.pvPortMalloc)
    pvTaskIncrementMutexHeldCount            0x080061b1   Thumb Code    26  tasks.o(i.pvTaskIncrementMutexHeldCount)
    pxPortInitialiseStack                    0x080061d1   Thumb Code    38  port.o(i.pxPortInitialiseStack)
    ssd1306_SPI_WriteCmd                     0x080061fd   Thumb Code    30  ssd1306.o(i.ssd1306_SPI_WriteCmd)
    ssd1306_SPI_WriteDisp                    0x08006225   Thumb Code    48  ssd1306.o(i.ssd1306_SPI_WriteDisp)
    uxListRemove                             0x08006261   Thumb Code    40  list.o(i.uxListRemove)
    vApplicationGetIdleTaskMemory            0x08006289   Thumb Code    14  cmsis_os2.o(i.vApplicationGetIdleTaskMemory)
    vApplicationGetTimerTaskMemory           0x080062a1   Thumb Code    16  cmsis_os2.o(i.vApplicationGetTimerTaskMemory)
    vListInitialise                          0x080062b9   Thumb Code    26  list.o(i.vListInitialise)
    vListInitialiseItem                      0x080062d3   Thumb Code     6  list.o(i.vListInitialiseItem)
    vListInsert                              0x080062d9   Thumb Code    52  list.o(i.vListInsert)
    vListInsertEnd                           0x0800630d   Thumb Code    24  list.o(i.vListInsertEnd)
    vPortEnterCritical                       0x08006325   Thumb Code    76  port.o(i.vPortEnterCritical)
    vPortExitCritical                        0x08006379   Thumb Code    56  port.o(i.vPortExitCritical)
    vPortFree                                0x080063b5   Thumb Code   140  heap_4.o(i.vPortFree)
    vPortSetupTimerInterrupt                 0x08006449   Thumb Code    36  port.o(i.vPortSetupTimerInterrupt)
    vPortValidateInterruptPriority           0x08006471   Thumb Code   106  port.o(i.vPortValidateInterruptPriority)
    vQueueAddToRegistry                      0x080064e9   Thumb Code    38  queue.o(i.vQueueAddToRegistry)
    vQueueDelete                             0x08006515   Thumb Code    50  queue.o(i.vQueueDelete)
    vQueueUnregisterQueue                    0x08006549   Thumb Code    44  queue.o(i.vQueueUnregisterQueue)
    vQueueWaitForMessageRestricted           0x08006579   Thumb Code    74  queue.o(i.vQueueWaitForMessageRestricted)
    vTaskDelay                               0x080065c5   Thumb Code    82  tasks.o(i.vTaskDelay)
    vTaskInternalSetTimeOutState             0x08006621   Thumb Code    14  tasks.o(i.vTaskInternalSetTimeOutState)
    vTaskMissedYield                         0x08006639   Thumb Code     8  tasks.o(i.vTaskMissedYield)
    vTaskPlaceOnEventList                    0x08006645   Thumb Code    52  tasks.o(i.vTaskPlaceOnEventList)
    vTaskPlaceOnEventListRestricted          0x0800667d   Thumb Code    60  tasks.o(i.vTaskPlaceOnEventListRestricted)
    vTaskPriorityDisinheritAfterTimeout      0x080066bd   Thumb Code   194  tasks.o(i.vTaskPriorityDisinheritAfterTimeout)
    vTaskStartScheduler                      0x0800678d   Thumb Code   156  tasks.o(i.vTaskStartScheduler)
    vTaskSuspendAll                          0x08006845   Thumb Code    12  tasks.o(i.vTaskSuspendAll)
    vTaskSwitchContext                       0x08006855   Thumb Code   122  tasks.o(i.vTaskSwitchContext)
    xPortStartScheduler                      0x080068e5   Thumb Code   330  port.o(i.xPortStartScheduler)
    xQueueCreateCountingSemaphore            0x08006a4d   Thumb Code    92  queue.o(i.xQueueCreateCountingSemaphore)
    xQueueCreateCountingSemaphoreStatic      0x08006aa9   Thumb Code   100  queue.o(i.xQueueCreateCountingSemaphoreStatic)
    xQueueGenericCreate                      0x08006b0d   Thumb Code    96  queue.o(i.xQueueGenericCreate)
    xQueueGenericCreateStatic                0x08006b6d   Thumb Code   224  queue.o(i.xQueueGenericCreateStatic)
    xQueueGenericReset                       0x08006c4d   Thumb Code   146  queue.o(i.xQueueGenericReset)
    xQueueGenericSend                        0x08006ce5   Thumb Code   420  queue.o(i.xQueueGenericSend)
    xQueueGenericSendFromISR                 0x08006e8d   Thumb Code   248  queue.o(i.xQueueGenericSendFromISR)
    xQueueGiveFromISR                        0x08006f85   Thumb Code   224  queue.o(i.xQueueGiveFromISR)
    xQueueReceive                            0x08007065   Thumb Code   356  queue.o(i.xQueueReceive)
    xQueueReceiveFromISR                     0x080071cd   Thumb Code   202  queue.o(i.xQueueReceiveFromISR)
    xQueueSemaphoreTake                      0x08007299   Thumb Code   434  queue.o(i.xQueueSemaphoreTake)
    xTaskCheckForTimeOut                     0x08007451   Thumb Code   132  tasks.o(i.xTaskCheckForTimeOut)
    xTaskCreate                              0x080074dd   Thumb Code   100  tasks.o(i.xTaskCreate)
    xTaskCreateStatic                        0x08007541   Thumb Code   186  tasks.o(i.xTaskCreateStatic)
    xTaskGetSchedulerState                   0x080075fd   Thumb Code    24  tasks.o(i.xTaskGetSchedulerState)
    xTaskGetTickCount                        0x0800761d   Thumb Code     6  tasks.o(i.xTaskGetTickCount)
    xTaskIncrementTick                       0x08007629   Thumb Code   280  tasks.o(i.xTaskIncrementTick)
    xTaskPriorityDisinherit                  0x0800776d   Thumb Code   152  tasks.o(i.xTaskPriorityDisinherit)
    xTaskPriorityInherit                     0x08007811   Thumb Code   150  tasks.o(i.xTaskPriorityInherit)
    xTaskRemoveFromEventList                 0x080078b5   Thumb Code   126  tasks.o(i.xTaskRemoveFromEventList)
    xTaskResumeAll                           0x0800794d   Thumb Code   222  tasks.o(i.xTaskResumeAll)
    xTimerCreateTimerTask                    0x08007a51   Thumb Code   100  timers.o(i.xTimerCreateTimerTask)
    xTimerGenericCommand                     0x08007ac9   Thumb Code   128  timers.o(i.xTimerGenericCommand)
    treeBitmap                               0x08007b4c   Data         128  main.o(.constdata)
    Update_OLED_attributes                   0x08007bcc   Data          36  main.o(.constdata)
    Publish_ESP8266Handle_attributes         0x08007bf0   Data          36  main.o(.constdata)
    Get_Sensor_Data_attributes               0x08007c14   Data          36  main.o(.constdata)
    sensorValueBinarySem_attributes          0x08007c38   Data          16  main.o(.constdata)
    setpointsBinarySem_attributes            0x08007c48   Data          16  main.o(.constdata)
    AHBPrescTable                            0x08007c60   Data          16  system_stm32f4xx.o(.constdata)
    APBPrescTable                            0x08007c70   Data           8  system_stm32f4xx.o(.constdata)
    Font7x10                                 0x08007c78   Data        1900  fonts.o(.constdata)
    Font11x18                                0x080083e4   Data        3420  fonts.o(.constdata)
    Font16x26                                0x08009140   Data        4940  fonts.o(.constdata)
    Region$$Table$$Base                      0x0800a4e4   Number         0  anon$$obj.o(Region$$Table)
    Region$$Table$$Limit                     0x0800a504   Number         0  anon$$obj.o(Region$$Table)
    plant_sensors                            0x20000000   Data           4  main.o(.data)
    moistureLimLow                           0x20000004   Data           2  main.o(.data)
    moistureLimHigh                          0x20000006   Data           2  main.o(.data)
    espCmdCode                               0x20000008   Data           1  main.o(.data)
    myStory                                  0x20000009   Data          22  main.o(.data)
    SSD1306_OledDisp                         0x20000020   Data           8  main.o(.data)
    Update_OLEDHandle                        0x20000028   Data           4  main.o(.data)
    Publish_ESP8266Handle                    0x2000002c   Data           4  main.o(.data)
    Get_Sensor_DataHandle                    0x20000030   Data           4  main.o(.data)
    sensorValueBinarySem_Handle              0x20000034   Data           4  main.o(.data)
    setpointsBinarySem_Handle                0x20000038   Data           4  main.o(.data)
    uwTick                                   0x20000040   Data           4  stm32f4xx_hal.o(.data)
    uwTickPrio                               0x20000044   Data           4  stm32f4xx_hal.o(.data)
    uwTickFreq                               0x20000048   Data           1  stm32f4xx_hal.o(.data)
    SystemCoreClock                          0x2000004c   Data           4  system_stm32f4xx.o(.data)
    pxCurrentTCB                             0x20000050   Data           4  tasks.o(.data)
    Font_7x10                                0x200000c8   Data           8  fonts.o(.data)
    Font_11x18                               0x200000d0   Data           8  fonts.o(.data)
    Font_16x26                               0x200000d8   Data           8  fonts.o(.data)
    Adc1_sensorsRead                         0x200000e0   Data          72  main.o(.bss)
    I2c1_espComm                             0x20000128   Data          84  main.o(.bss)
    Spi2_oledWrite                           0x2000017c   Data          88  main.o(.bss)
    Uart2_debug                              0x200001d4   Data          64  main.o(.bss)
    DMA2_adc_pipe                            0x20000214   Data          96  main.o(.bss)
    DMA1_oled_pipe                           0x20000274   Data          96  main.o(.bss)
    DMA1_esp8266_pipe                        0x200002d4   Data          96  main.o(.bss)
    htim6                                    0x20000334   Data          64  stm32f4xx_hal_timebase_tim.o(.bss)
    xQueueRegistry                           0x20000374   Data          64  queue.o(.bss)
    __initial_sp                             0x20005248   Data           0  startup_stm32f446xx.o(STACK)



==============================================================================

Memory Map of the image

  Image Entry point : 0x080001c5

  Load Region LR_IROM1 (Base: 0x08000000, Size: 0x0000a5e4, Max: 0x00080000, ABSOLUTE)

    Execution Region ER_IROM1 (Exec base: 0x08000000, Load base: 0x08000000, Size: 0x0000a504, Max: 0x00080000, ABSOLUTE)

    Exec Addr    Load Addr    Size         Type   Attr      Idx    E Section Name        Object

    0x08000000   0x08000000   0x000001c4   Data   RO            3    RESET               startup_stm32f446xx.o
    0x080001c4   0x080001c4   0x00000000   Code   RO         6150  * .ARM.Collect$$$$00000000  mc_w.l(entry.o)
    0x080001c4   0x080001c4   0x00000004   Code   RO         6426    .ARM.Collect$$$$00000001  mc_w.l(entry2.o)
    0x080001c8   0x080001c8   0x00000004   Code   RO         6429    .ARM.Collect$$$$00000004  mc_w.l(entry5.o)
    0x080001cc   0x080001cc   0x00000000   Code   RO         6431    .ARM.Collect$$$$00000008  mc_w.l(entry7b.o)
    0x080001cc   0x080001cc   0x00000000   Code   RO         6433    .ARM.Collect$$$$0000000A  mc_w.l(entry8b.o)
    0x080001cc   0x080001cc   0x00000008   Code   RO         6434    .ARM.Collect$$$$0000000B  mc_w.l(entry9a.o)
    0x080001d4   0x080001d4   0x00000000   Code   RO         6436    .ARM.Collect$$$$0000000D  mc_w.l(entry10a.o)
    0x080001d4   0x080001d4   0x00000000   Code   RO         6438    .ARM.Collect$$$$0000000F  mc_w.l(entry11a.o)
    0x080001d4   0x080001d4   0x00000004   Code   RO         6427    .ARM.Collect$$$$00002712  mc_w.l(entry2.o)
    0x080001d8   0x080001d8   0x000000be   Code   RO         5853    .emb_text           port.o
    0x08000296   0x08000296   0x00000002   PAD
    0x08000298   0x08000298   0x00000024   Code   RO            4    .text               startup_stm32f446xx.o
    0x080002bc   0x080002bc   0x00000062   Code   RO         6153    .text               mc_w.l(uldiv.o)
    0x0800031e   0x0800031e   0x00000024   Code   RO         6155    .text               mc_w.l(memcpya.o)
    0x08000342   0x08000342   0x00000024   Code   RO         6159    .text               mc_w.l(memseta.o)
    0x08000366   0x08000366   0x0000000e   Code   RO         6161    .text               mc_w.l(strlen.o)
    0x08000374   0x08000374   0x0000002c   Code   RO         6443    .text               mc_w.l(uidiv.o)
    0x080003a0   0x080003a0   0x0000001e   Code   RO         6445    .text               mc_w.l(llshl.o)
    0x080003be   0x080003be   0x00000020   Code   RO         6447    .text               mc_w.l(llushr.o)
    0x080003de   0x080003de   0x00000002   PAD
    0x080003e0   0x080003e0   0x00000024   Code   RO         6460    .text               mc_w.l(init.o)
    0x08000404   0x08000404   0x0000007e   Code   RO          549    i.ADC_DMAConvCplt   stm32f4xx_hal_adc.o
    0x08000482   0x08000482   0x0000001a   Code   RO          550    i.ADC_DMAError      stm32f4xx_hal_adc.o
    0x0800049c   0x0800049c   0x0000000e   Code   RO          551    i.ADC_DMAHalfConvCplt  stm32f4xx_hal_adc.o
    0x080004aa   0x080004aa   0x00000002   PAD
    0x080004ac   0x080004ac   0x00000160   Code   RO          552    i.ADC_Init          stm32f4xx_hal_adc.o
    0x0800060c   0x0800060c   0x00000004   Code   RO          332    i.BusFault_Handler  stm32f4xx_it.o
    0x08000610   0x08000610   0x00000010   Code   RO          333    i.DMA1_Stream4_IRQHandler  stm32f4xx_it.o
    0x08000620   0x08000620   0x00000084   Code   RO           13    i.DMA1_Stream4_Init  main.o
    0x080006a4   0x080006a4   0x00000080   Code   RO           14    i.DMA1_Stream6_Init  main.o
    0x08000724   0x08000724   0x00000010   Code   RO          334    i.DMA2_Stream0_IRQHandler  stm32f4xx_it.o
    0x08000734   0x08000734   0x00000088   Code   RO           15    i.DMA2_Stream0_Init  main.o
    0x080007bc   0x080007bc   0x00000034   Code   RO         1422    i.DMA_CalcBaseAndBitshift  stm32f4xx_hal_dma.o
    0x080007f0   0x080007f0   0x000000aa   Code   RO         1423    i.DMA_CheckFifoParam  stm32f4xx_hal_dma.o
    0x0800089a   0x0800089a   0x0000002c   Code   RO         1424    i.DMA_SetConfig     stm32f4xx_hal_dma.o
    0x080008c6   0x080008c6   0x00000002   Code   RO          335    i.DebugMon_Handler  stm32f4xx_it.o
    0x080008c8   0x080008c8   0x00000024   Code   RO          336    i.EXTI15_10_IRQHandler  stm32f4xx_it.o
    0x080008ec   0x080008ec   0x00000002   Code   RO           16    i.Error_Handler     main.o
    0x080008ee   0x080008ee   0x00000002   PAD
    0x080008f0   0x080008f0   0x000001a4   Code   RO          554    i.HAL_ADC_ConfigChannel  stm32f4xx_hal_adc.o
    0x08000a94   0x08000a94   0x0000004c   Code   RO           17    i.HAL_ADC_ConvCpltCallback  main.o
    0x08000ae0   0x08000ae0   0x00000002   Code   RO          556    i.HAL_ADC_ConvHalfCpltCallback  stm32f4xx_hal_adc.o
    0x08000ae2   0x08000ae2   0x00000002   Code   RO          558    i.HAL_ADC_ErrorCallback  stm32f4xx_hal_adc.o
    0x08000ae4   0x08000ae4   0x00000068   Code   RO          563    i.HAL_ADC_Init      stm32f4xx_hal_adc.o
    0x08000b4c   0x08000b4c   0x00000094   Code   RO          439    i.HAL_ADC_MspInit   stm32f4xx_hal_msp.o
    0x08000be0   0x08000be0   0x00000184   Code   RO          570    i.HAL_ADC_Start_DMA  stm32f4xx_hal_adc.o
    0x08000d64   0x08000d64   0x00000028   Code   RO         1426    i.HAL_DMA_Abort_IT  stm32f4xx_hal_dma.o
    0x08000d8c   0x08000d8c   0x00000008   Code   RO         1429    i.HAL_DMA_GetState  stm32f4xx_hal_dma.o
    0x08000d94   0x08000d94   0x00000240   Code   RO         1430    i.HAL_DMA_IRQHandler  stm32f4xx_hal_dma.o
    0x08000fd4   0x08000fd4   0x000000ec   Code   RO         1431    i.HAL_DMA_Init      stm32f4xx_hal_dma.o
    0x080010c0   0x080010c0   0x00000092   Code   RO         1435    i.HAL_DMA_Start_IT  stm32f4xx_hal_dma.o
    0x08001152   0x08001152   0x00000002   PAD
    0x08001154   0x08001154   0x00000028   Code   RO         1867    i.HAL_Delay         stm32f4xx_hal.o
    0x0800117c   0x0800117c   0x00000002   Code   RO         1316    i.HAL_GPIO_EXTI_Callback  stm32f4xx_hal_gpio.o
    0x0800117e   0x0800117e   0x00000002   PAD
    0x08001180   0x08001180   0x0000001c   Code   RO         1317    i.HAL_GPIO_EXTI_IRQHandler  stm32f4xx_hal_gpio.o
    0x0800119c   0x0800119c   0x000001f0   Code   RO         1318    i.HAL_GPIO_Init     stm32f4xx_hal_gpio.o
    0x0800138c   0x0800138c   0x0000000c   Code   RO         1322    i.HAL_GPIO_WritePin  stm32f4xx_hal_gpio.o
    0x08001398   0x08001398   0x0000000c   Code   RO         1873    i.HAL_GetTick       stm32f4xx_hal.o
    0x080013a4   0x080013a4   0x00000002   Code   RO         2118    i.HAL_I2C_AbortCpltCallback  stm32f4xx_hal_i2c.o
    0x080013a6   0x080013a6   0x00000002   Code   RO         2119    i.HAL_I2C_AddrCallback  stm32f4xx_hal_i2c.o
    0x080013a8   0x080013a8   0x000000d4   Code   RO         2122    i.HAL_I2C_ER_IRQHandler  stm32f4xx_hal_i2c.o
    0x0800147c   0x0800147c   0x000001c4   Code   RO         2123    i.HAL_I2C_EV_IRQHandler  stm32f4xx_hal_i2c.o
    0x08001640   0x08001640   0x00000002   Code   RO         2125    i.HAL_I2C_ErrorCallback  stm32f4xx_hal_i2c.o
    0x08001642   0x08001642   0x00000002   PAD
    0x08001644   0x08001644   0x000001d0   Code   RO         2129    i.HAL_I2C_Init      stm32f4xx_hal_i2c.o
    0x08001814   0x08001814   0x00000002   Code   RO         2131    i.HAL_I2C_ListenCpltCallback  stm32f4xx_hal_i2c.o
    0x08001816   0x08001816   0x00000002   Code   RO         2132    i.HAL_I2C_MasterRxCpltCallback  stm32f4xx_hal_i2c.o
    0x08001818   0x08001818   0x00000002   Code   RO         2133    i.HAL_I2C_MasterTxCpltCallback  stm32f4xx_hal_i2c.o
    0x0800181a   0x0800181a   0x00000002   Code   RO         2145    i.HAL_I2C_MemRxCpltCallback  stm32f4xx_hal_i2c.o
    0x0800181c   0x0800181c   0x00000002   Code   RO         2146    i.HAL_I2C_MemTxCpltCallback  stm32f4xx_hal_i2c.o
    0x0800181e   0x0800181e   0x00000002   PAD
    0x08001820   0x08001820   0x000000a8   Code   RO          441    i.HAL_I2C_MspInit   stm32f4xx_hal_msp.o
    0x080018c8   0x080018c8   0x00000080   Code   RO           18    i.HAL_I2C_SlaveRxCpltCallback  main.o
    0x08001948   0x08001948   0x00000002   Code   RO         2156    i.HAL_I2C_SlaveTxCpltCallback  stm32f4xx_hal_i2c.o
    0x0800194a   0x0800194a   0x00000002   PAD
    0x0800194c   0x0800194c   0x00000180   Code   RO         2157    i.HAL_I2C_Slave_Receive  stm32f4xx_hal_i2c.o
    0x08001acc   0x08001acc   0x00000098   Code   RO         2159    i.HAL_I2C_Slave_Receive_IT  stm32f4xx_hal_i2c.o
    0x08001b64   0x08001b64   0x00000194   Code   RO         2164    i.HAL_I2C_Slave_Transmit  stm32f4xx_hal_i2c.o
    0x08001cf8   0x08001cf8   0x00000018   Code   RO         1879    i.HAL_IncTick       stm32f4xx_hal.o
    0x08001d10   0x08001d10   0x0000003c   Code   RO         1880    i.HAL_Init          stm32f4xx_hal.o
    0x08001d4c   0x08001d4c   0x0000008c   Code   RO          510    i.HAL_InitTick      stm32f4xx_hal_timebase_tim.o
    0x08001dd8   0x08001dd8   0x00000054   Code   RO          442    i.HAL_MspInit       stm32f4xx_hal_msp.o
    0x08001e2c   0x08001e2c   0x00000020   Code   RO         1725    i.HAL_NVIC_EnableIRQ  stm32f4xx_hal_cortex.o
    0x08001e4c   0x08001e4c   0x0000007c   Code   RO         1731    i.HAL_NVIC_SetPriority  stm32f4xx_hal_cortex.o
    0x08001ec8   0x08001ec8   0x00000028   Code   RO         1732    i.HAL_NVIC_SetPriorityGrouping  stm32f4xx_hal_cortex.o
    0x08001ef0   0x08001ef0   0x0000008c   Code   RO         1654    i.HAL_PWREx_EnableOverDrive  stm32f4xx_hal_pwr_ex.o
    0x08001f7c   0x08001f7c   0x00000184   Code   RO          825    i.HAL_RCC_ClockConfig  stm32f4xx_hal_rcc.o
    0x08002100   0x08002100   0x00000044   Code   RO          829    i.HAL_RCC_GetClockConfig  stm32f4xx_hal_rcc.o
    0x08002144   0x08002144   0x0000000c   Code   RO          830    i.HAL_RCC_GetHCLKFreq  stm32f4xx_hal_rcc.o
    0x08002150   0x08002150   0x00000020   Code   RO          832    i.HAL_RCC_GetPCLK1Freq  stm32f4xx_hal_rcc.o
    0x08002170   0x08002170   0x00000020   Code   RO          833    i.HAL_RCC_GetPCLK2Freq  stm32f4xx_hal_rcc.o
    0x08002190   0x08002190   0x00000118   Code   RO          936    i.HAL_RCC_GetSysClockFreq  stm32f4xx_hal_rcc_ex.o
    0x080022a8   0x080022a8   0x00000480   Code   RO          937    i.HAL_RCC_OscConfig  stm32f4xx_hal_rcc_ex.o
    0x08002728   0x08002728   0x00000002   Code   RO         2622    i.HAL_SPI_ErrorCallback  stm32f4xx_hal_spi.o
    0x0800272a   0x0800272a   0x00000008   Code   RO         2624    i.HAL_SPI_GetState  stm32f4xx_hal_spi.o
    0x08002732   0x08002732   0x00000002   PAD
    0x08002734   0x08002734   0x0000015c   Code   RO         2625    i.HAL_SPI_IRQHandler  stm32f4xx_hal_spi.o
    0x08002890   0x08002890   0x0000008c   Code   RO         2626    i.HAL_SPI_Init      stm32f4xx_hal_spi.o
    0x0800291c   0x0800291c   0x000000ac   Code   RO          444    i.HAL_SPI_MspInit   stm32f4xx_hal_msp.o
    0x080029c8   0x080029c8   0x000001a2   Code   RO         2634    i.HAL_SPI_Transmit  stm32f4xx_hal_spi.o
    0x08002b6a   0x08002b6a   0x00000002   PAD
    0x08002b6c   0x08002b6c   0x000000f0   Code   RO         2638    i.HAL_SPI_Transmit_DMA  stm32f4xx_hal_spi.o
    0x08002c5c   0x08002c5c   0x0000000c   Code   RO           19    i.HAL_SPI_TxCpltCallback  main.o
    0x08002c68   0x08002c68   0x00000002   Code   RO         2641    i.HAL_SPI_TxHalfCpltCallback  stm32f4xx_hal_spi.o
    0x08002c6a   0x08002c6a   0x00000002   Code   RO         3625    i.HAL_TIMEx_BreakCallback  stm32f4xx_hal_tim_ex.o
    0x08002c6c   0x08002c6c   0x00000002   Code   RO         3626    i.HAL_TIMEx_CommutCallback  stm32f4xx_hal_tim_ex.o
    0x08002c6e   0x08002c6e   0x00000034   Code   RO         2939    i.HAL_TIM_Base_Init  stm32f4xx_hal_tim.o
    0x08002ca2   0x08002ca2   0x00000002   Code   RO         2941    i.HAL_TIM_Base_MspInit  stm32f4xx_hal_tim.o
    0x08002ca4   0x08002ca4   0x0000002a   Code   RO         2944    i.HAL_TIM_Base_Start_IT  stm32f4xx_hal_tim.o
    0x08002cce   0x08002cce   0x00000002   Code   RO         2968    i.HAL_TIM_IC_CaptureCallback  stm32f4xx_hal_tim.o
    0x08002cd0   0x08002cd0   0x00000196   Code   RO         2982    i.HAL_TIM_IRQHandler  stm32f4xx_hal_tim.o
    0x08002e66   0x08002e66   0x00000002   Code   RO         2985    i.HAL_TIM_OC_DelayElapsedCallback  stm32f4xx_hal_tim.o
    0x08002e68   0x08002e68   0x00000002   Code   RO         3012    i.HAL_TIM_PWM_PulseFinishedCallback  stm32f4xx_hal_tim.o
    0x08002e6a   0x08002e6a   0x00000002   PAD
    0x08002e6c   0x08002e6c   0x00000018   Code   RO           20    i.HAL_TIM_PeriodElapsedCallback  main.o
    0x08002e84   0x08002e84   0x00000002   Code   RO         3025    i.HAL_TIM_TriggerCallback  stm32f4xx_hal_tim.o
    0x08002e86   0x08002e86   0x00000002   Code   RO         3897    i.HAL_UART_ErrorCallback  stm32f4xx_hal_uart.o
    0x08002e88   0x08002e88   0x00000154   Code   RO         3900    i.HAL_UART_IRQHandler  stm32f4xx_hal_uart.o
    0x08002fdc   0x08002fdc   0x00000072   Code   RO         3901    i.HAL_UART_Init     stm32f4xx_hal_uart.o
    0x0800304e   0x0800304e   0x00000002   PAD
    0x08003050   0x08003050   0x00000098   Code   RO          446    i.HAL_UART_MspInit  stm32f4xx_hal_msp.o
    0x080030e8   0x080030e8   0x00000002   Code   RO         3907    i.HAL_UART_RxCpltCallback  stm32f4xx_hal_uart.o
    0x080030ea   0x080030ea   0x00000058   Code   RO         3911    i.HAL_UART_Transmit_IT  stm32f4xx_hal_uart.o
    0x08003142   0x08003142   0x00000002   Code   RO         3912    i.HAL_UART_TxCpltCallback  stm32f4xx_hal_uart.o
    0x08003144   0x08003144   0x00000004   Code   RO          337    i.HardFault_Handler  stm32f4xx_it.o
    0x08003148   0x08003148   0x00000010   Code   RO          338    i.I2C1_ER_IRQHandler  stm32f4xx_it.o
    0x08003158   0x08003158   0x00000010   Code   RO          339    i.I2C1_EV_IRQHandler  stm32f4xx_it.o
    0x08003168   0x08003168   0x0000001c   Code   RO         2167    i.I2C_ConvertOtherXferOptions  stm32f4xx_hal_i2c.o
    0x08003184   0x08003184   0x000000ac   Code   RO         2168    i.I2C_DMAAbort      stm32f4xx_hal_i2c.o
    0x08003230   0x08003230   0x000001a4   Code   RO         2171    i.I2C_ITError       stm32f4xx_hal_i2c.o
    0x080033d4   0x080033d4   0x0000003e   Code   RO         2172    i.I2C_IsAcknowledgeFailed  stm32f4xx_hal_i2c.o
    0x08003412   0x08003412   0x00000126   Code   RO         2173    i.I2C_MasterReceive_BTF  stm32f4xx_hal_i2c.o
    0x08003538   0x08003538   0x000000a4   Code   RO         2174    i.I2C_MasterReceive_RXNE  stm32f4xx_hal_i2c.o
    0x080035dc   0x080035dc   0x000000b0   Code   RO         2177    i.I2C_MasterTransmit_BTF  stm32f4xx_hal_i2c.o
    0x0800368c   0x0800368c   0x000000d8   Code   RO         2178    i.I2C_MasterTransmit_TXE  stm32f4xx_hal_i2c.o
    0x08003764   0x08003764   0x0000002a   Code   RO         2179    i.I2C_Master_ADD10  stm32f4xx_hal_i2c.o
    0x0800378e   0x0800378e   0x00000268   Code   RO         2180    i.I2C_Master_ADDR   stm32f4xx_hal_i2c.o
    0x080039f6   0x080039f6   0x0000009e   Code   RO         2181    i.I2C_Master_SB     stm32f4xx_hal_i2c.o
    0x08003a94   0x08003a94   0x0000007c   Code   RO         2182    i.I2C_MemoryTransmit_TXE_BTF  stm32f4xx_hal_i2c.o
    0x08003b10   0x08003b10   0x0000001a   Code   RO         2185    i.I2C_SlaveReceive_BTF  stm32f4xx_hal_i2c.o
    0x08003b2a   0x08003b2a   0x00000046   Code   RO         2186    i.I2C_SlaveReceive_RXNE  stm32f4xx_hal_i2c.o
    0x08003b70   0x08003b70   0x0000001a   Code   RO         2187    i.I2C_SlaveTransmit_BTF  stm32f4xx_hal_i2c.o
    0x08003b8a   0x08003b8a   0x00000046   Code   RO         2188    i.I2C_SlaveTransmit_TXE  stm32f4xx_hal_i2c.o
    0x08003bd0   0x08003bd0   0x00000066   Code   RO         2189    i.I2C_Slave_ADDR    stm32f4xx_hal_i2c.o
    0x08003c36   0x08003c36   0x00000002   PAD
    0x08003c38   0x08003c38   0x000000a0   Code   RO         2190    i.I2C_Slave_AF      stm32f4xx_hal_i2c.o
    0x08003cd8   0x08003cd8   0x0000018c   Code   RO         2191    i.I2C_Slave_STOPF   stm32f4xx_hal_i2c.o
    0x08003e64   0x08003e64   0x00000086   Code   RO         2193    i.I2C_WaitOnFlagUntilTimeout  stm32f4xx_hal_i2c.o
    0x08003eea   0x08003eea   0x00000080   Code   RO         2195    i.I2C_WaitOnRXNEFlagUntilTimeout  stm32f4xx_hal_i2c.o
    0x08003f6a   0x08003f6a   0x00000058   Code   RO         2196    i.I2C_WaitOnSTOPFlagUntilTimeout  stm32f4xx_hal_i2c.o
    0x08003fc2   0x08003fc2   0x0000005c   Code   RO         2197    i.I2C_WaitOnTXEFlagUntilTimeout  stm32f4xx_hal_i2c.o
    0x0800401e   0x0800401e   0x00000002   PAD
    0x08004020   0x08004020   0x00000098   Code   RO           21    i.MX_ADC1_Init      main.o
    0x080040b8   0x080040b8   0x000000c4   Code   RO           22    i.MX_GPIO_Init      main.o
    0x0800417c   0x0800417c   0x00000040   Code   RO           23    i.MX_I2C1_Init      main.o
    0x080041bc   0x080041bc   0x00000050   Code   RO           24    i.MX_SPI2_Init      main.o
    0x0800420c   0x0800420c   0x00000038   Code   RO           25    i.MX_USART2_UART_Init  main.o
    0x08004244   0x08004244   0x00000004   Code   RO          340    i.MemManage_Handler  stm32f4xx_it.o
    0x08004248   0x08004248   0x00000002   Code   RO          341    i.NMI_Handler       stm32f4xx_it.o
    0x0800424a   0x0800424a   0x00000002   PAD
    0x0800424c   0x0800424c   0x0000008c   Code   RO           26    i.OLED_Write        main.o
    0x080042d8   0x080042d8   0x0000000c   Code   RO           27    i.Publish_ESP8266   main.o
    0x080042e4   0x080042e4   0x00000010   Code   RO          342    i.SPI2_IRQHandler   stm32f4xx_it.o
    0x080042f4   0x080042f4   0x00000014   Code   RO         2653    i.SPI_DMAAbortOnError  stm32f4xx_hal_spi.o
    0x08004308   0x08004308   0x00000028   Code   RO         2654    i.SPI_DMAError      stm32f4xx_hal_spi.o
    0x08004330   0x08004330   0x0000000e   Code   RO         2656    i.SPI_DMAHalfTransmitCplt  stm32f4xx_hal_spi.o
    0x0800433e   0x0800433e   0x00000080   Code   RO         2660    i.SPI_DMATransmitCplt  stm32f4xx_hal_spi.o
    0x080043be   0x080043be   0x00000002   PAD
    0x080043c0   0x080043c0   0x0000006c   Code   RO         2664    i.SPI_EndRxTxTransaction  stm32f4xx_hal_spi.o
    0x0800442c   0x0800442c   0x000000a8   Code   RO         2669    i.SPI_WaitFlagStateUntilTimeout  stm32f4xx_hal_spi.o
    0x080044d4   0x080044d4   0x0000000e   Code   RO         5964    i.SSD1306_Clear     ssd1306.o
    0x080044e2   0x080044e2   0x00000002   PAD
    0x080044e4   0x080044e4   0x0000004c   Code   RO         5965    i.SSD1306_DeInit    ssd1306.o
    0x08004530   0x08004530   0x0000007a   Code   RO         5966    i.SSD1306_DrawBitmap  ssd1306.o
    0x080045aa   0x080045aa   0x00000002   PAD
    0x080045ac   0x080045ac   0x000000a0   Code   RO         5972    i.SSD1306_DrawPixel  ssd1306.o
    0x0800464c   0x0800464c   0x00000020   Code   RO         5975    i.SSD1306_Fill      ssd1306.o
    0x0800466c   0x0800466c   0x0000000c   Code   RO         5976    i.SSD1306_GotoXY    ssd1306.o
    0x08004678   0x08004678   0x000000e8   Code   RO         5977    i.SSD1306_Init      ssd1306.o
    0x08004760   0x08004760   0x000000a8   Code   RO         5979    i.SSD1306_Putc      ssd1306.o
    0x08004808   0x08004808   0x0000002a   Code   RO         5980    i.SSD1306_Puts      ssd1306.o
    0x08004832   0x08004832   0x00000002   PAD
    0x08004834   0x08004834   0x00000024   Code   RO         5981    i.SSD1306_Reset     ssd1306.o
    0x08004858   0x08004858   0x00000018   Code   RO         5987    i.SSD1306_Switch    ssd1306.o
    0x08004870   0x08004870   0x00000014   Code   RO         5989    i.SSD1306_UpdateScreen  ssd1306.o
    0x08004884   0x08004884   0x00000030   Code   RO           28    i.SensorRead        main.o
    0x080048b4   0x080048b4   0x00000034   Code   RO         5854    i.SysTick_Handler   port.o
    0x080048e8   0x080048e8   0x000000c0   Code   RO           29    i.SystemClock_Config  main.o
    0x080049a8   0x080049a8   0x0000001c   Code   RO         4208    i.SystemInit        system_stm32f4xx.o
    0x080049c4   0x080049c4   0x00000010   Code   RO          343    i.TIM6_DAC_IRQHandler  stm32f4xx_it.o
    0x080049d4   0x080049d4   0x000000d8   Code   RO         3027    i.TIM_Base_SetConfig  stm32f4xx_hal_tim.o
    0x08004aac   0x08004aac   0x00000014   Code   RO         3914    i.UART_DMAAbortOnError  stm32f4xx_hal_uart.o
    0x08004ac0   0x08004ac0   0x00000020   Code   RO         3924    i.UART_EndRxTransfer  stm32f4xx_hal_uart.o
    0x08004ae0   0x08004ae0   0x00000020   Code   RO         3925    i.UART_EndTransmit_IT  stm32f4xx_hal_uart.o
    0x08004b00   0x08004b00   0x000000a6   Code   RO         3927    i.UART_Receive_IT   stm32f4xx_hal_uart.o
    0x08004ba6   0x08004ba6   0x00000002   PAD
    0x08004ba8   0x08004ba8   0x000003e8   Code   RO         3928    i.UART_SetConfig    stm32f4xx_hal_uart.o
    0x08004f90   0x08004f90   0x00000068   Code   RO         3929    i.UART_Transmit_IT  stm32f4xx_hal_uart.o
    0x08004ff8   0x08004ff8   0x00000010   Code   RO          344    i.USART2_IRQHandler  stm32f4xx_it.o
    0x08005008   0x08005008   0x00000004   Code   RO          345    i.UsageFault_Handler  stm32f4xx_it.o
    0x0800500c   0x0800500c   0x00000028   Code   RO         6212    i.__0sprintf$1      mc_w.l(printf1.o)
    0x08005034   0x08005034   0x00000010   Code   RO         1738    i.__NVIC_GetPriorityGrouping  stm32f4xx_hal_cortex.o
    0x08005044   0x08005044   0x00000028   Code   RO         1739    i.__NVIC_SetPriority  stm32f4xx_hal_cortex.o
    0x0800506c   0x0800506c   0x00000006   Code   RO         5362    i.__get_BASEPRI     cmsis_os2.o
    0x08005072   0x08005072   0x00000006   Code   RO         5363    i.__get_IPSR        cmsis_os2.o
    0x08005078   0x08005078   0x00000006   Code   RO         5364    i.__get_PRIMASK     cmsis_os2.o
    0x0800507e   0x0800507e   0x0000000e   Code   RO         6470    i.__scatterload_copy  mc_w.l(handlers.o)
    0x0800508c   0x0800508c   0x00000002   Code   RO         6471    i.__scatterload_null  mc_w.l(handlers.o)
    0x0800508e   0x0800508e   0x0000000e   Code   RO         6472    i.__scatterload_zeroinit  mc_w.l(handlers.o)
    0x0800509c   0x0800509c   0x00000154   Code   RO         6217    i._printf_core      mc_w.l(printf1.o)
    0x080051f0   0x080051f0   0x0000000a   Code   RO         6219    i._sputc            mc_w.l(printf1.o)
    0x080051fa   0x080051fa   0x00000002   PAD
    0x080051fc   0x080051fc   0x000000cc   Code   RO           30    i.main              main.o
    0x080052c8   0x080052c8   0x00000038   Code   RO         5365    i.osDelay           cmsis_os2.o
    0x08005300   0x08005300   0x00000040   Code   RO         5379    i.osKernelInitialize  cmsis_os2.o
    0x08005340   0x08005340   0x00000048   Code   RO         5382    i.osKernelStart     cmsis_os2.o
    0x08005388   0x08005388   0x00000084   Code   RO         5398    i.osSemaphoreAcquire  cmsis_os2.o
    0x0800540c   0x0800540c   0x000000e8   Code   RO         5401    i.osSemaphoreNew    cmsis_os2.o
    0x080054f4   0x080054f4   0x00000074   Code   RO         5402    i.osSemaphoreRelease  cmsis_os2.o
    0x08005568   0x08005568   0x000000d4   Code   RO         5415    i.osThreadNew       cmsis_os2.o
    0x0800563c   0x0800563c   0x0000007c   Code   RO         4825    i.prvAddCurrentTaskToDelayedList  tasks.o
    0x080056b8   0x080056b8   0x000000b8   Code   RO         4826    i.prvAddNewTaskToReadyList  tasks.o
    0x08005770   0x08005770   0x00000074   Code   RO         5189    i.prvCheckForValidListAndQueue  timers.o
    0x080057e4   0x080057e4   0x00000048   Code   RO         4827    i.prvCheckTasksWaitingTermination  tasks.o
    0x0800582c   0x0800582c   0x0000002a   Code   RO         4412    i.prvCopyDataFromQueue  queue.o
    0x08005856   0x08005856   0x0000007e   Code   RO         4413    i.prvCopyDataToQueue  queue.o
    0x080058d4   0x080058d4   0x00000050   Code   RO         4828    i.prvDeleteTCB      tasks.o
    0x08005924   0x08005924   0x00000014   Code   RO         4414    i.prvGetDisinheritPriorityAfterTimeout  queue.o
    0x08005938   0x08005938   0x00000028   Code   RO         5190    i.prvGetNextExpireTime  timers.o
    0x08005960   0x08005960   0x0000007c   Code   RO         5804    i.prvHeapInit       heap_4.o
    0x080059dc   0x080059dc   0x00000028   Code   RO         4829    i.prvIdleTask       tasks.o
    0x08005a04   0x08005a04   0x0000002a   Code   RO         4416    i.prvInitialiseNewQueue  queue.o
    0x08005a2e   0x08005a2e   0x000000be   Code   RO         4830    i.prvInitialiseNewTask  tasks.o
    0x08005aec   0x08005aec   0x00000068   Code   RO         4831    i.prvInitialiseTaskLists  tasks.o
    0x08005b54   0x08005b54   0x00000068   Code   RO         5805    i.prvInsertBlockIntoFreeList  heap_4.o
    0x08005bbc   0x08005bbc   0x00000058   Code   RO         5192    i.prvInsertTimerInActiveList  timers.o
    0x08005c14   0x08005c14   0x0000001a   Code   RO         4417    i.prvIsQueueEmpty   queue.o
    0x08005c2e   0x08005c2e   0x0000001e   Code   RO         4418    i.prvIsQueueFull    queue.o
    0x08005c4c   0x08005c4c   0x00000074   Code   RO         5193    i.prvProcessExpiredTimer  timers.o
    0x08005cc0   0x08005cc0   0x00000164   Code   RO         5194    i.prvProcessReceivedCommands  timers.o
    0x08005e24   0x08005e24   0x00000074   Code   RO         5195    i.prvProcessTimerOrBlockTask  timers.o
    0x08005e98   0x08005e98   0x00000034   Code   RO         4833    i.prvResetNextTaskUnblockTime  tasks.o
    0x08005ecc   0x08005ecc   0x0000002c   Code   RO         5196    i.prvSampleTimeNow  timers.o
    0x08005ef8   0x08005ef8   0x000000a4   Code   RO         5197    i.prvSwitchTimerLists  timers.o
    0x08005f9c   0x08005f9c   0x00000040   Code   RO         5855    i.prvTaskExitError  port.o
    0x08005fdc   0x08005fdc   0x0000001a   Code   RO         5198    i.prvTimerTask      timers.o
    0x08005ff6   0x08005ff6   0x0000007e   Code   RO         4419    i.prvUnlockQueue    queue.o
    0x08006074   0x08006074   0x0000013c   Code   RO         5806    i.pvPortMalloc      heap_4.o
    0x080061b0   0x080061b0   0x00000020   Code   RO         4836    i.pvTaskIncrementMutexHeldCount  tasks.o
    0x080061d0   0x080061d0   0x0000002c   Code   RO         5856    i.pxPortInitialiseStack  port.o
    0x080061fc   0x080061fc   0x00000028   Code   RO         5990    i.ssd1306_SPI_WriteCmd  ssd1306.o
    0x08006224   0x08006224   0x0000003c   Code   RO         5991    i.ssd1306_SPI_WriteDisp  ssd1306.o
    0x08006260   0x08006260   0x00000028   Code   RO         4372    i.uxListRemove      list.o
    0x08006288   0x08006288   0x00000018   Code   RO         5427    i.vApplicationGetIdleTaskMemory  cmsis_os2.o
    0x080062a0   0x080062a0   0x00000018   Code   RO         5428    i.vApplicationGetTimerTaskMemory  cmsis_os2.o
    0x080062b8   0x080062b8   0x0000001a   Code   RO         4373    i.vListInitialise   list.o
    0x080062d2   0x080062d2   0x00000006   Code   RO         4374    i.vListInitialiseItem  list.o
    0x080062d8   0x080062d8   0x00000034   Code   RO         4375    i.vListInsert       list.o
    0x0800630c   0x0800630c   0x00000018   Code   RO         4376    i.vListInsertEnd    list.o
    0x08006324   0x08006324   0x00000054   Code   RO         5858    i.vPortEnterCritical  port.o
    0x08006378   0x08006378   0x0000003c   Code   RO         5859    i.vPortExitCritical  port.o
    0x080063b4   0x080063b4   0x00000094   Code   RO         5807    i.vPortFree         heap_4.o
    0x08006448   0x08006448   0x00000028   Code   RO         5860    i.vPortSetupTimerInterrupt  port.o
    0x08006470   0x08006470   0x00000078   Code   RO         5861    i.vPortValidateInterruptPriority  port.o
    0x080064e8   0x080064e8   0x0000002c   Code   RO         4425    i.vQueueAddToRegistry  queue.o
    0x08006514   0x08006514   0x00000032   Code   RO         4426    i.vQueueDelete      queue.o
    0x08006546   0x08006546   0x00000002   PAD
    0x08006548   0x08006548   0x00000030   Code   RO         4428    i.vQueueUnregisterQueue  queue.o
    0x08006578   0x08006578   0x0000004a   Code   RO         4429    i.vQueueWaitForMessageRestricted  queue.o
    0x080065c2   0x080065c2   0x00000002   PAD
    0x080065c4   0x080065c4   0x0000005c   Code   RO         4845    i.vTaskDelay        tasks.o
    0x08006620   0x08006620   0x00000018   Code   RO         4850    i.vTaskInternalSetTimeOutState  tasks.o
    0x08006638   0x08006638   0x0000000c   Code   RO         4851    i.vTaskMissedYield  tasks.o
    0x08006644   0x08006644   0x00000038   Code   RO         4853    i.vTaskPlaceOnEventList  tasks.o
    0x0800667c   0x0800667c   0x00000040   Code   RO         4854    i.vTaskPlaceOnEventListRestricted  tasks.o
    0x080066bc   0x080066bc   0x000000d0   Code   RO         4856    i.vTaskPriorityDisinheritAfterTimeout  tasks.o
    0x0800678c   0x0800678c   0x000000b8   Code   RO         4862    i.vTaskStartScheduler  tasks.o
    0x08006844   0x08006844   0x00000010   Code   RO         4864    i.vTaskSuspendAll   tasks.o
    0x08006854   0x08006854   0x00000090   Code   RO         4865    i.vTaskSwitchContext  tasks.o
    0x080068e4   0x080068e4   0x00000168   Code   RO         5862    i.xPortStartScheduler  port.o
    0x08006a4c   0x08006a4c   0x0000005c   Code   RO         4430    i.xQueueCreateCountingSemaphore  queue.o
    0x08006aa8   0x08006aa8   0x00000064   Code   RO         4431    i.xQueueCreateCountingSemaphoreStatic  queue.o
    0x08006b0c   0x08006b0c   0x00000060   Code   RO         4434    i.xQueueGenericCreate  queue.o
    0x08006b6c   0x08006b6c   0x000000e0   Code   RO         4435    i.xQueueGenericCreateStatic  queue.o
    0x08006c4c   0x08006c4c   0x00000098   Code   RO         4436    i.xQueueGenericReset  queue.o
    0x08006ce4   0x08006ce4   0x000001a8   Code   RO         4437    i.xQueueGenericSend  queue.o
    0x08006e8c   0x08006e8c   0x000000f8   Code   RO         4438    i.xQueueGenericSendFromISR  queue.o
    0x08006f84   0x08006f84   0x000000e0   Code   RO         4441    i.xQueueGiveFromISR  queue.o
    0x08007064   0x08007064   0x00000168   Code   RO         4447    i.xQueueReceive     queue.o
    0x080071cc   0x080071cc   0x000000ca   Code   RO         4448    i.xQueueReceiveFromISR  queue.o
    0x08007296   0x08007296   0x00000002   PAD
    0x08007298   0x08007298   0x000001b8   Code   RO         4449    i.xQueueSemaphoreTake  queue.o
    0x08007450   0x08007450   0x0000008c   Code   RO         4866    i.xTaskCheckForTimeOut  tasks.o
    0x080074dc   0x080074dc   0x00000064   Code   RO         4867    i.xTaskCreate       tasks.o
    0x08007540   0x08007540   0x000000ba   Code   RO         4868    i.xTaskCreateStatic  tasks.o
    0x080075fa   0x080075fa   0x00000002   PAD
    0x080075fc   0x080075fc   0x00000020   Code   RO         4872    i.xTaskGetSchedulerState  tasks.o
    0x0800761c   0x0800761c   0x0000000c   Code   RO         4873    i.xTaskGetTickCount  tasks.o
    0x08007628   0x08007628   0x00000144   Code   RO         4875    i.xTaskIncrementTick  tasks.o
    0x0800776c   0x0800776c   0x000000a4   Code   RO         4878    i.xTaskPriorityDisinherit  tasks.o
    0x08007810   0x08007810   0x000000a4   Code   RO         4879    i.xTaskPriorityInherit  tasks.o
    0x080078b4   0x080078b4   0x00000098   Code   RO         4880    i.xTaskRemoveFromEventList  tasks.o
    0x0800794c   0x0800794c   0x00000104   Code   RO         4881    i.xTaskResumeAll    tasks.o
    0x08007a50   0x08007a50   0x00000078   Code   RO         5206    i.xTimerCreateTimerTask  timers.o
    0x08007ac8   0x08007ac8   0x00000084   Code   RO         5207    i.xTimerGenericCommand  timers.o
    0x08007b4c   0x08007b4c   0x0000010c   Data   RO           32    .constdata          main.o
    0x08007c58   0x08007c58   0x00000008   Data   RO         1437    .constdata          stm32f4xx_hal_dma.o
    0x08007c60   0x08007c60   0x00000018   Data   RO         4209    .constdata          system_stm32f4xx.o
    0x08007c78   0x08007c78   0x00002814   Data   RO         5934    .constdata          fonts.o
    0x0800a48c   0x0800a48c   0x00000057   Data   RO           33    .conststring        main.o
    0x0800a4e3   0x0800a4e3   0x00000001   PAD
    0x0800a4e4   0x0800a4e4   0x00000020   Data   RO         6468    Region$$Table       anon$$obj.o


    Execution Region RW_IRAM1 (Exec base: 0x20000000, Load base: 0x0800a504, Size: 0x00005248, Max: 0x00020000, ABSOLUTE)

    Exec Addr    Load Addr    Size         Type   Attr      Idx    E Section Name        Object

    0x20000000   0x0800a504   0x0000003d   Data   RW           34    .data               main.o
    0x2000003d   0x0800a541   0x00000003   PAD
    0x20000040   0x0800a544   0x00000009   Data   RW         1887    .data               stm32f4xx_hal.o
    0x20000049   0x0800a54d   0x00000003   PAD
    0x2000004c   0x0800a550   0x00000004   Data   RW         4210    .data               system_stm32f4xx.o
    0x20000050   0x0800a554   0x0000003c   Data   RW         4884    .data               tasks.o
    0x2000008c   0x0800a590   0x00000014   Data   RW         5215    .data               timers.o
    0x200000a0   0x0800a5a4   0x00000004   Data   RW         5430    .data               cmsis_os2.o
    0x200000a4   0x0800a5a8   0x00000018   Data   RW         5812    .data               heap_4.o
    0x200000bc   0x0800a5c0   0x0000000c   Data   RW         5863    .data               port.o
    0x200000c8   0x0800a5cc   0x00000018   Data   RW         5935    .data               fonts.o
    0x200000e0        -       0x00000254   Zero   RW           31    .bss                main.o
    0x20000334        -       0x00000040   Zero   RW          513    .bss                stm32f4xx_hal_timebase_tim.o
    0x20000374        -       0x00000040   Zero   RW         4451    .bss                queue.o
    0x200003b4        -       0x000004c4   Zero   RW         4883    .bss                tasks.o
    0x20000878        -       0x00000118   Zero   RW         5214    .bss                timers.o
    0x20000990        -       0x000006b8   Zero   RW         5429    .bss                cmsis_os2.o
    0x20001048        -       0x00003c00   Zero   RW         5811    .bss                heap_4.o
    0x20004c48        -       0x00000200   Zero   RW         5992    .bss                ssd1306.o
    0x20004e48        -       0x00000400   Zero   RW            1    STACK               startup_stm32f446xx.o


==============================================================================

Image component sizes


      Code (inc. data)   RO Data    RW Data    ZI Data      Debug   Object Name

       950         60          0          4       1720      34053   cmsis_os2.o
         0          0          0          0          0      18428   event_groups.o
         0          0      10260         24          0       1327   fonts.o
         0          0          0          0          0       5364   freertos.o
       692         62          0         24      15360       4891   heap_4.o
       148          0          0          0          0       3682   list.o
      1782        278        355         61        596     762187   main.o
      1014         92          0         12          0      11921   port.o
      3190         30          0          0         64      27472   queue.o
      1038         82          0          0        512       9940   ssd1306.o
        36          8        452          0       1024        856   startup_stm32f446xx.o
       136         24          0          9          0       8710   stm32f4xx_hal.o
      1434         68          0          0          0       6982   stm32f4xx_hal_adc.o
       252         22          0          0          0      33794   stm32f4xx_hal_cortex.o
      1272         16          8          0          0       6981   stm32f4xx_hal_dma.o
       538         44          0          0          0       3608   stm32f4xx_hal_gpio.o
      5850         64          0          0          0      30875   stm32f4xx_hal_i2c.o
       724         60          0          0          0       3903   stm32f4xx_hal_msp.o
       140         12          0          0          0       1320   stm32f4xx_hal_pwr_ex.o
       532         56          0          0          0       4059   stm32f4xx_hal_rcc.o
      1432         40          0          0          0       2754   stm32f4xx_hal_rcc_ex.o
      1636         26          0          0          0      10742   stm32f4xx_hal_spi.o
       726         46          0          0          0       6514   stm32f4xx_hal_tim.o
         4          0          0          0          0       1625   stm32f4xx_hal_tim_ex.o
       140         18          0          0         64       1503   stm32f4xx_hal_timebase_tim.o
      1902         12          0          0          0       8934   stm32f4xx_hal_uart.o
       168         46          0          0          0       6950   stm32f4xx_it.o
         0          0          0          0          0        392   stream_buffer.o
        28          4         24          4          0       1191   system_stm32f4xx.o
      3212        380          0         60       1220      30623   tasks.o
      1318        124          0         20        280      30587   timers.o

    ----------------------------------------------------------------------
     30342       1674      11132        224      20840    1082168   Object Totals
         0          0         32          0          0          0   (incl. Generated)
        48          0          1          6          0          0   (incl. Padding)

    ----------------------------------------------------------------------

      Code (inc. data)   RO Data    RW Data    ZI Data      Debug   Library Member Name

         0          0          0          0          0          0   entry.o
         0          0          0          0          0          0   entry10a.o
         0          0          0          0          0          0   entry11a.o
         8          4          0          0          0          0   entry2.o
         4          0          0          0          0          0   entry5.o
         0          0          0          0          0          0   entry7b.o
         0          0          0          0          0          0   entry8b.o
         8          4          0          0          0          0   entry9a.o
        30          0          0          0          0          0   handlers.o
        36          8          0          0          0         68   init.o
        30          0          0          0          0         68   llshl.o
        32          0          0          0          0         68   llushr.o
        36          0          0          0          0         68   memcpya.o
        36          0          0          0          0        108   memseta.o
       390         10          0          0          0        252   printf1.o
        14          0          0          0          0         68   strlen.o
        44          0          0          0          0         80   uidiv.o
        98          0          0          0          0         92   uldiv.o

    ----------------------------------------------------------------------
       770         26          0          0          0        872   Library Totals
         4          0          0          0          0          0   (incl. Padding)

    ----------------------------------------------------------------------

      Code (inc. data)   RO Data    RW Data    ZI Data      Debug   Library Name

       766         26          0          0          0        872   mc_w.l

    ----------------------------------------------------------------------
       770         26          0          0          0        872   Library Totals

    ----------------------------------------------------------------------

==============================================================================


      Code (inc. data)   RO Data    RW Data    ZI Data      Debug   

     31112       1700      11132        224      20840    1057880   Grand Totals
     31112       1700      11132        224      20840    1057880   ELF Image Totals
     31112       1700      11132        224          0          0   ROM Totals

==============================================================================

    Total RO  Size (Code + RO Data)                42244 (  41.25kB)
    Total RW  Size (RW Data + ZI Data)             21064 (  20.57kB)
    Total ROM Size (Code + RO Data + RW Data)      42468 (  41.47kB)

==============================================================================

